td_spfl_cups_joint         monitor fixtures 751
grw_spfl_joint             monitor fixtures 751
td_base                    monitor fixtures 1129
grw_step_a2_carry_jump     monitor fixtures 1129
done earliest
done T−48h
done T−24h
done T−12h
done T−6h
done T−3h
done T−2h
done T−90m
done T−60m
done T−45m
done T−25m
done T−10m
36×8 DataFrame
 Row │ league  entry        n_fixtures  median_ticks_cum  mean_ticks_cum  median_ticks_last60  mean_ticks_last60  share_any_tick
     │ String  String       Int64       Float64           Float64         Float64              Float64            Float64
─────┼───────────────────────────────────────────────────────────────────────────────────────────────────────────────────────────
   1 │ 55      T−48h               535               0.0         2.08972                  0.0           0.13271         0.414953
   2 │ 55      T−24h               535               4.0         7.31589                  0.0           0.566355        0.598131
   3 │ 55      T−12h               535              12.0        15.9682                   0.0           0.93271         0.618692
   4 │ 55      T−6h                535              22.0        26.8748                   1.0           2.82991         0.618692
   5 │ 55      T−3h                535              32.0        37.8093                   3.0           4.31028         0.618692
   6 │ 55      T−2h                535              37.0        42.3963                   3.0           4.58692         0.618692
   7 │ 55      T−90m               535              39.0        45.1514                   3.0           5.12897         0.618692
   8 │ 55      T−60m               535              42.0        48.4486                   4.0           6.05234         0.618692
   9 │ 55      T−45m               535              44.0        51.5252                   5.0           7.69159         0.618692
  10 │ 55      T−25m               535              51.0        57.0187                   9.0          11.3794          0.618692
  11 │ 55      T−10m               535              57.0        62.4804                  13.0          15.172           0.618692
  12 │ 54      T−48h               594              12.0        21.0455                   0.0           0.643098        0.954545
  13 │ 54      T−24h               594              29.0        41.0505                   1.0           1.67845         0.979798
  14 │ 54      T−12h               594              60.0        78.3805                   2.0           3.35354         0.979798
  15 │ 54      T−6h                594              95.5       115.86                     8.0           9.51347         0.979798
  16 │ 54      T−3h                594             133.0       156.613                   14.0          15.6818          0.979798
  17 │ 54      T−2h                594             149.0       174.983                   16.0          18.3704          0.979798
  18 │ 54      T−90m               594             157.5       185.318                   17.0          19.7609          0.979798
  19 │ 54      T−60m               594             171.0       199.879                   21.0          24.8956          0.979798
  20 │ 54      T−45m               594             183.5       211.056                   28.0          30.9512          0.979798
  21 │ 54      T−25m               594             196.0       226.402                   36.0          39.2508          0.979798
  22 │ 54      T−10m               594             210.0       239.805                   45.0          46.468           0.979798
  23 │ 56/57   T−48h               710               0.0         2.57183                  0.0           0.112676        0.491549
  24 │ 56/57   T−24h               710               4.0         7.21972                  0.0           0.447887        0.792958
  25 │ 56/57   T−12h               710              10.0        13.2394                   0.0           0.292958        0.874648
  26 │ 56/57   T−6h                710              16.5        19.6803                   1.0           1.77324         0.890141
  27 │ 56/57   T−3h                710              24.0        27.2394                   2.0           3.07465         0.891549
  28 │ 56/57   T−2h                710              27.0        30.3746                   2.0           3.13521         0.891549
  29 │ 56/57   T−90m               710              29.0        32.3563                   2.0           3.51268         0.891549
  30 │ 56/57   T−60m               710              31.0        34.3014                   3.0           3.92676         0.891549
  31 │ 56/57   T−45m               710              33.0        36.4042                   4.0           4.96761         0.891549
  32 │ 56/57   T−25m               710              38.0        41.7535                   8.0           9.12394         0.891549
  33 │ 56/57   T−10m               710              44.0        47.3704                  13.0          13.8085          0.891549
  34 │ 55      all pre-off         535              65.0        69.2467                 NaN           NaN               0.618692
  35 │ 54      all pre-off         594             224.0       252.648                  NaN           NaN               0.979798
  36 │ 56/57   all pre-off         710              51.0        54.4845                 NaN           NaN               0.891549

td_spfl_cups_joint  [league 54]  (1X2, e = 2)
          mean clv_pp                     EV@close 2% (%)
earliest             │█           +0.02           ███│            -1.5
T−48h       █████████│            -0.23       ███████│            -3.2
T−24h     ███████████│            -0.29   ███████████│            -5.2
T−12h                │            +0.00         █████│            -2.6
T−6h                █│            -0.04        ██████│            -2.8
T−3h                █│            -0.02         █████│            -2.6
T−2h                 │█           +0.03         █████│            -2.5
T−90m                │█           +0.03        ██████│            -2.6
T−60m                │███         +0.07         █████│            -2.3
T−45m             ███│            -0.08        ██████│            -2.7
T−25m                │            +0.01           ███│            -1.7
T−10m                │            -0.01          ████│            -1.7


grw_step_a2_carry_jump  [league 54]  (1X2, e = 2)
          mean clv_pp                     EV@close 2% (%)
earliest             │███████████ +0.57              │██████████  +2.3
T−48h                │█████████   +0.47              │██████      +1.4
T−24h                │███         +0.15   ███████████│            -2.5
T−12h                │████        +0.20         █████│            -1.1
T−6h                 │█           +0.07      ████████│            -1.7
T−3h                █│            -0.03    ██████████│            -2.3
T−2h                 │            -0.01     █████████│            -2.2
T−90m               █│            -0.05    ██████████│            -2.4
T−60m               █│            -0.07   ███████████│            -2.5
T−45m              ██│            -0.08    ██████████│            -2.4
T−25m               █│            -0.03      ████████│            -1.8
T−10m                │            -0.02       ███████│            -1.7


td_spfl_cups_joint  [league 55]  (1X2, e = 2)
          mean clv_pp                     EV@close 2% (%)
earliest        █████│            -0.78       ███████│            -5.7
T−48h     ███████████│            -1.75   ███████████│            -9.4
T−24h              ██│            -0.35          ████│            -3.5
T−12h             ███│            -0.51         █████│            -4.1
T−6h               ██│            -0.30          ████│            -3.6
T−3h                 │█           +0.13             █│            -0.9
T−2h                 │█           +0.08             █│            -0.8
T−90m                │            +0.03             █│            -1.3
T−60m                │█           +0.18             █│            -0.5
T−45m                │██          +0.27              │            -0.1
T−25m                │            +0.03             █│            -1.1
T−10m                │            -0.03            ██│            -1.5


grw_step_a2_carry_jump  [league 55]  (1X2, e = 2)
          mean clv_pp                     EV@close 2% (%)
earliest             │███████████ +0.35            ██│            -0.8
T−48h                │██          +0.06    ██████████│            -3.1
T−24h                │██████      +0.17          ████│            -1.4
T−12h         ███████│            -0.23   ███████████│            -3.5
T−6h              ███│            -0.11      ████████│            -2.5
T−3h                 │██          +0.08          ████│            -1.1
T−2h                 │            -0.01          ████│            -1.4
T−90m                │█           +0.02         █████│            -1.5
T−60m                │██          +0.06           ███│            -1.1
T−45m                │█████       +0.15            ██│            -0.6
T−25m                │█           +0.02           ███│            -1.1
T−10m               █│            -0.04         █████│            -1.5


DONE r03_leadtime_monitor
