played L1/L2 26/27: 79   with a betfair_live market: 70   pre-off snapshot rows: 11634
10×11 DataFrame
 Row │ date        played  market  pre_off  first_book_median  earliest  T−24h  T−6h   T−3h   T−60m  T−25m 
     │ Date        Int64   Int64   Int64    Float64            Int64     Int64  Int64  Int64  Int64  Int64 
─────┼─────────────────────────────────────────────────────────────────────────────────────────────────────
   1 │ 2026-08-01      10      10       10            -1685.0        10      4      8     10      9     10
   2 │ 2026-08-08      10      10       10             -120.0        10      0      0      0     10     10
   3 │ 2026-08-15       9       9        9             -113.0         9      0      0      0      7      9
   4 │ 2026-08-22      10      10        0              NaN           0      0      0      0      0      0
   5 │ 2026-08-28       1       1        1             -103.0         1      0      0      0      1      1
   6 │ 2026-08-29       9       0        0              NaN           0      0      0      0      0      0
   7 │ 2026-09-05      10      10       10             -238.0        10      0      0     10      6     10
   8 │ 2026-09-12       9       9        9             -168.0         9      0      0      0      9      9
   9 │ 2026-09-15       1       1        1              -88.0         1      0      0      0      1      1
  10 │ 2026-09-19      10      10       10             -203.0        10      0      0      8     10     10
first complete book: n 60  median -185.5 min  range (-1685.0, -86.0)
snapshot cadence median 3.0 min;  max gap median 18.0  fixtures with a gap > 15 min: 33
6×10 DataFrame
 Row │ band    rows   fixtures  spread_ticks_med  spread_pct_med  back_size_med  back_size_p25  depth3_med  market_matched_med  ltp_present_pct 
     │ String  Int64  Int64     Float64           Float64         Float64        Float64        Float64     Float64             Float64         
─────┼──────────────────────────────────────────────────────────────────────────────────────────────────────────────────────────────────────────
   1 │ >24h      411         6               9.0        12.3288         10.73             6.97       80.92              NaN              0.0
   2 │ 6–24h    3012        10               6.0         8.2989          6.5199           3.0        79.91              130.56           0.0
   3 │ 3–6h     1485        30               4.0         5.0             5.85             2.89       29.83              394.38          31.5152
   4 │ 1–3h     3544        60               4.0         5.12821         5.92             3.0        39.34              475.57          79.0068
   5 │ 25–60m   1621        60               4.0         4.90196         7.0              3.58       52.49              550.92          83.1585
   6 │ 0–25m    1491        60               3.0         4.1958         15.0              6.26       62.06             1191.11          82.2938
held-out L1/L2 fixtures with latents: 79 of 79
closes: mid 60 fixtures, LTP 50
1X2 log-loss on 60 fixtures with a mid close: model 1.0157  mid close 0.9479   (model on all 79: 1.0197)
12×21 DataFrame
 Row │ instant   group                  n_fixtures_book  n_bets  n_slates  mean_edge     clv_pp      clv_pp_lo   clv_pp_hi    ev2         ev2_lo     ev2_hi      roi2        roi2_lo   roi2_hi    back_size_med  ge20      ge50      ge100    spread_med  mean_odds 
     │ String    String                 Int64            Int64   Int64     Float64       Float64     Float64     Float64      Float64     Float64    Float64     Float64     Float64   Float64    Float64        Float64   Float64   Float64  Float64     Float64   
─────┼──────────────────────────────────────────────────────────────────────────────────────────────────────────────────────────────────────────────────────────────────────────────────────────────────────────────────────────────────────────────────────────────
   1 │ earliest  model edge ≥ 2                      60      72         8    9.65847      -1.96143    -4.57635    -0.516415    -3.92031   -10.1132    -0.625305  -19.5314    -52.9226    7.11628          5.85   26.3889   11.1111   2.77778         6.0    4.14014
   2 │ earliest  null: every selection               60     180         8   -1.01911e-5   -1.71431    -3.18672    -0.933803    -4.31748    -8.12269   -2.06918   -14.0445    -23.0649   -5.86637          6.47   21.1111    8.88889  2.77778         5.0    3.39355
   3 │ T−24h     model edge ≥ 2                       4       3         0  NaN           NaN         NaN         NaN          NaN         NaN        NaN         NaN         NaN       NaN                6.24    0.0       0.0      0.0            22.0  NaN
   4 │ T−24h     null: every selection                4      12         1   -6.09177e-6   -2.54756    -2.54756    -2.54756     -7.12683    -7.12683   -7.12683   -14.4333    -14.4333  -14.4333          10.01    8.33333   8.33333  0.0            10.0    2.93917
   5 │ T−6h      model edge ≥ 2                       8       7         1   14.5321       -0.565678   -0.565678   -0.565678    -5.501      -5.501     -5.501     -15.99      -15.99    -15.99             4.0    28.5714   14.2857   0.0             4.0    3.64427
   6 │ T−6h      null: every selection                8      24         1   -6.41949e-6   -0.945976   -0.945976   -0.945976    -4.86223    -4.86223   -4.86223   -12.1629    -12.1629  -12.1629           4.65   16.6667    8.33333  0.0             4.0    3.18166
   7 │ T−3h      model edge ≥ 2                      28      33         3   11.8248       -0.726403   -1.77091     0.0567964   -1.98758    -7.5088     2.0419      0.538788  -25.12     29.2308           5.04   24.2424    9.09091  0.0             4.0    3.99333
   8 │ T−3h      null: every selection               28      84         3   -1.0164e-5    -0.897108   -1.01164    -0.814345    -2.98303    -4.51204   -1.13207    -8.33238   -11.5088   -2.98333          5.79   19.0476    8.33333  0.0             4.0    3.36964
   9 │ T−60m     model edge ≥ 2                      53      61         8   10.3435       -0.589874   -1.19466    -0.0902578   -0.902843   -4.93845    1.88396   -27.4046    -56.6654    7.77011          6.0    19.6721    8.19672  0.0             4.0    4.31508
  10 │ T−60m     null: every selection               53     159         8   -1.04669e-5   -0.744661   -0.888471   -0.639649    -2.20552    -3.67491   -1.19692   -12.5548    -21.5191   -5.31742          6.0    16.9811    7.54717  1.88679         4.0    3.49717
  11 │ T−25m     model edge ≥ 2                      60      70         8   10.0106       -0.598155   -0.912509   -0.192635    -3.00237    -4.35763   -1.18479   -16.4763    -46.3605   15.6462           9.375  37.1429   12.8571   4.28571         4.0    4.06028
  12 │ T−25m     null: every selection               60     180         8   -1.01911e-5   -0.761955   -0.836464   -0.685003    -3.3711     -3.6218    -2.92517   -11.2246    -19.5887   -4.35743         10.015  33.3333   14.4444   5.55556         4.0    3.41155
4×8 DataFrame
 Row │ instant   n_bets_with_ltp  pp_back_vs_mid  pp_back_vs_ltp  ev_back    ev_ltp    ev_mid    ltp_below_back_pct 
     │ String    Int64            Float64         Float64         Float64    Float64   Float64   Float64            
─────┼──────────────────────────────────────────────────────────────────────────────────────────────────────────────
   1 │ earliest               61        0.978626        0.858186  -1.44211   2.76679   2.66427              6.55738
   2 │ T−3h                   23        0.872337        0.486329   0.412957  3.16988   4.23779             13.0435
   3 │ T−60m                  52        0.798781        0.498552   0.265749  2.22606   3.71303              9.61538
   4 │ T−25m                  60        0.794266        0.671863  -2.54404   0.764399  0.586746            13.3333
8×11 DataFrame
 Row │ since     group                 n_bets  n_slates  clv_pp       clv_pp_lo  clv_pp_hi   ev2        ev2_lo      ev2_hi     roi2      
     │ String    String                Int64   Int64     Float64      Float64    Float64     Float64    Float64     Float64    Float64   
─────┼───────────────────────────────────────────────────────────────────────────────────────────────────────────────────────────────────
   1 │ T−3h      model edge ≥ 2 (all)      26         3  -0.45977     -1.71598    0.428126   -0.824984   -7.65471    4.87408   -19.3262
   2 │ T−3h      price WITH model           9         3   0.430322    -0.478736   2.44402    -1.20642    -4.07958    3.76608    -4.92667
   3 │ T−3h      price AGAINST model       11         3  -1.60161     -2.70577    0.309079   -4.46439   -10.5148     7.69517   -26.6673
   4 │ T−3h      flat price                 6         2   0.298465    -0.490538   1.87647     6.41942     3.31227   12.6337    -27.4667
   5 │ earliest  model edge ≥ 2 (all)      61         8  -0.589874    -1.19466   -0.0902578  -0.902843   -4.93845    1.88396   -27.4046
   6 │ earliest  price WITH model          19         6   0.00885366  -1.07649    1.21054    -1.82229    -5.91743    2.6128      5.95579
   7 │ earliest  price AGAINST model       34         8  -1.33633     -2.10529   -0.56466    -4.13731    -8.5001     0.135886  -35.8859
   8 │ earliest  flat price                 8         4   1.16059     -0.778153   4.21167    15.0273     -0.193685  42.2613    -70.84
6×9 DataFrame
 Row │ instant   n_bets  n_slates  clv_ci_width  ev2_ci_width  roi2_ci_width  mde_clv_pp  mde_ev2    mde_roi2 
     │ String    Int64   Int64     Float64       Float64       Float64        Float64     Float64    Float64  
─────┼────────────────────────────────────────────────────────────────────────────────────────────────────────
   1 │ earliest      72         8      4.05993        9.4879         60.0389    2.90285     6.78385   42.9278
   2 │ T−24h          3         0    NaN            NaN             NaN       NaN         NaN        NaN
   3 │ T−6h           7         1      0.0            0.0             0.0       0.0         0.0        0.0
   4 │ T−3h          33         3      1.8277         9.5507         54.3508    1.30681     6.82875   38.8608
   5 │ T−60m         61         8      1.1044         6.82241        64.4355    0.789648    4.87802   46.0714
   6 │ T−25m         70         8      0.719874       3.17284        62.0067    0.51471     2.26858   44.3348
clubs that changed tier: ["airdrieonians", "east-kilbride", "kelty-hearts-fc", "ross-county"]   fixtures: 28 of 79
12×11 DataFrame
 Row │ instant   group               n_bets  mean_edge  clv_pp      clv_pp_lo   clv_pp_hi    ev2         ev2_lo     ev2_hi        roi2      
     │ String    String              Int64   Float64    Float64     Float64     Float64      Float64     Float64    Float64       Float64   
─────┼──────────────────────────────────────────────────────────────────────────────────────────────────────────────────────────────────────
   1 │ earliest  transition fixture      30   13.0971    -2.06492    -4.7922      0.234519    -3.72435   -15.2123     6.95333     -47.724
   2 │ earliest  other                   42    7.20231   -1.88751    -4.53453     0.232893    -4.06028    -9.02188    1.14361       0.60619
   3 │ T−24h     transition fixture       0  NaN        NaN         NaN         NaN          NaN         NaN        NaN           NaN
   4 │ T−24h     other                    3  NaN        NaN         NaN         NaN          NaN         NaN        NaN           NaN
   5 │ T−6h      transition fixture       3  NaN        NaN         NaN         NaN          NaN         NaN        NaN           NaN
   6 │ T−6h      other                    4  NaN        NaN         NaN         NaN          NaN         NaN        NaN           NaN
   7 │ T−3h      transition fixture      14   16.894     -2.05187    -4.75347    -0.649793    -6.10951   -19.4536    -0.00871986  -29.5686
   8 │ T−3h      other                   19    8.08962    0.250259   -0.418775    1.06359      1.04964    -1.55266    4.6809       22.7232
   9 │ T−60m     transition fixture      25   14.6409    -0.986376   -2.75568     0.903495    -0.831673  -11.1413    11.7091      -42.4448
  10 │ T−60m     other                   36    7.3592    -0.314526   -1.58963     1.04079     -0.952266   -6.29618    4.46878     -16.96
  11 │ T−25m     transition fixture      28   14.1889    -0.75186    -1.28192    -0.225172    -3.15397    -5.78071   -0.837984    -38.075
  12 │ T−25m     other                   42    7.22503   -0.495685   -0.739765   -0.0676192   -2.90131    -3.9448    -0.745196     -2.07714
2×4 DataFrame
 Row │ transition  n      ll_model  ll_mid_close 
     │ Bool        Int64  Float64   Float64      
─────┼───────────────────────────────────────────
   1 │      false     38  1.02905       1.01794
   2 │       true     22  0.992517      0.826973
DONE r04_live_orderbook 2026-09-28T17:43:01.820
