threads: 16  started 2026-09-28T23:13:31.214
m12_td                       W0       L1/L2  710  monitor    0  (m12_joint_hybrid_synergy)  7s
m05_joint_td                 W0       L1/L2  710  monitor    0  (m05_joint_production_wealth)  3s
FLOOR s12_m01_td_poisson     W0       L1/L2  710  monitor    0  (m01_poisson_time_decay)  3s
grw_spfl_joint               W1       L1/L2  710  monitor  751  (grw_spfl_joint)  7s
td_lower_a2full_carry_jump   W2       L1/L2 1070  monitor    0  (td_lower_a2full_carry_jump)  5s
grw_step_a2_carry_jump       W2       L1/L2 1070  monitor 1129  (grw_step_a2_carry_jump)  5s
26/27 grw_spfl_joint L1/L2 matches with a result: 79
8×23 DataFrame
 Row │ run                         panel               n      chi2     pooled_cells  cells  p_boot   draws_O  draws_E  draws_lo  draws_hi  draw_rate_O  draw_rate_E  p_draws_boot  mean_total_O  mean_total_E  var_total_O  var_total_model  var_within_model  var_between_model  var_lo   var_hi   dispersion_ratio
     │ String                      String              Int64  Float64  Int64         Int64  Float64  Int64    Float64  Float64   Float64   Float64      Float64      Float64       Float64       Float64       Float64      Float64          Float64           Float64            Float64  Float64  Float64
─────┼───────────────────────────────────────────────────────────────────────────────────────────────────────────────────────────────────────────────────────────────────────────────────────────────────────────────────────────────────────────────────────────────────────────────────────────────────────────────
   1 │ m12_td                      L1/L2                 710  28.7772            14     23   0.1365      182  180.471   159.0       204.0     0.256338     0.254184        0.8855       2.71831       2.70714      2.43051          2.76959           2.74261          0.0269761  2.46479  3.08658          0.87757
   2 │ m05_joint_td                L1/L2                 710  28.8895            14     23   0.1495      182  180.076   158.0       203.0     0.256338     0.253628        0.8805       2.71831       2.72037      2.43051          2.81301           2.76858          0.0444386  2.49712  3.14153          0.864023
   3 │ FLOOR s12_m01_td_poisson    L1/L2                 710  29.2111            14     23   0.1495      182  179.873   158.0       202.0     0.256338     0.253343        0.862        2.71831       2.72665      2.43051          2.82405           2.80369          0.0203604  2.50962  3.1535           0.860647
   4 │ grw_spfl_joint              L1/L2                 710  36.3334            15     22   0.0205      182  183.305   161.0       207.0     0.256338     0.258176        0.9275       2.71831       2.57651      2.43051          2.8034            2.6801           0.123293   2.4873   3.15407          0.866987
   5 │ grw_spfl_joint              Prem/Champ monitor    751  49.6119            10     27   0.0045      199  172.443   150.0       194.0     0.26498      0.229618        0.02         2.67111       2.9724       2.66813          3.41377           3.10451          0.309261   3.03573  3.82903          0.781578
   6 │ td_lower_a2full_carry_jump  L1/L2                1070  35.4066            12     25   0.0575      281  266.901   239.0       296.0     0.262617     0.24944         0.312        2.7729        2.74456      2.6316           2.88921           2.81778          0.0714256  2.62754  3.17533          0.910838
   7 │ grw_step_a2_carry_jump      L1/L2                1070  38.4205            11     26   0.0395      281  267.74    241.975     295.0     0.262617     0.250224        0.3495       2.7729        2.68322      2.6316           2.96189           2.80641          0.155487   2.68394  3.26232          0.888486
   8 │ grw_step_a2_carry_jump      Prem/Champ monitor   1129  75.7237             6     31   0.0         300  257.127   229.0       284.0     0.265722     0.227748        0.003        2.68822       2.98088      2.66984          3.3943            3.12374          0.270559   3.07547  3.7172           0.786568
m12_td — L1/L2 (n = 710): (O − E)/√E
        a0      a1      a2      a3      a4     a5+
h0    -0.69   -1.89   +0.23   +1.55   +2.32   +0.77 
h1    -0.43   +1.00   -2.13   -0.01   +0.14   +0.84 
h2    +1.26   +0.84   +0.16   -0.56   +0.72   -0.62 
h3    +0.40   +1.77   -1.49   -1.01   +0.28   -0.93 
h4    +0.34   -0.89   -0.69   -0.52   -0.97   -0.56 
h5+   +1.74   +0.74   -1.05   -1.07   +1.03   -0.35 

O
        a0      a1      a2      a3      a4     a5+
h0       44      46      40      23      11       3 
h1       65      94      38      23       8       4 
h2       58      67      39      14       7       1 
h3       26      39      12       5       3       0 
h4       10       8       5       2       0       0 
h5+       7       6       1       0       1       0 

E
        a0      a1      a2      a3      a4     a5+
h0     48.9    60.7    38.6    16.7     5.5     1.9 
h1     68.6    84.8    53.6    23.1     7.6     2.6 
h2     49.2    60.5    38.0    16.3     5.3     1.8 
h3     24.0    29.4    18.4     7.8     2.6     0.9 
h4      9.0    10.9     6.8     2.9     0.9     0.3 
h5+     3.7     4.4     2.7     1.2     0.4     0.1 

m05_joint_td — L1/L2 (n = 710): (O − E)/√E
        a0      a1      a2      a3      a4     a5+
h0    -0.70   -1.85   +0.28   +1.57   +2.32   +0.73 
h1    -0.40   +1.08   -2.08   -0.00   +0.12   +0.78 
h2    +1.28   +0.87   +0.17   -0.59   +0.67   -0.66 
h3    +0.39   +1.75   -1.52   -1.06   +0.22   -0.96 
h4    +0.30   -0.94   -0.75   -0.58   -0.99   -0.59 
h5+   +1.64   +0.64   -1.11   -1.11   +0.93   -0.38 

O
        a0      a1      a2      a3      a4     a5+
h0       44      46      40      23      11       3 
h1       65      94      38      23       8       4 
h2       58      67      39      14       7       1 
h3       26      39      12       5       3       0 
h4       10       8       5       2       0       0 
h5+       7       6       1       0       1       0 

E
        a0      a1      a2      a3      a4     a5+
h0     48.9    60.4    38.3    16.6     5.5     2.0 
h1     68.3    84.1    53.2    23.0     7.7     2.7 
h2     49.0    60.2    38.0    16.4     5.4     1.9 
h3     24.1    29.5    18.6     8.0     2.6     0.9 
h4      9.1    11.1     7.0     3.0     1.0     0.3 
h5+     3.8     4.6     2.9     1.2     0.4     0.1 

FLOOR s12_m01_td_poisson — L1/L2 (n = 710): (O − E)/√E
        a0      a1      a2      a3      a4     a5+
h0    -0.67   -1.77   +0.41   +1.71   +2.44   +0.82 
h1    -0.44   +1.09   -2.03   +0.07   +0.18   +0.85 
h2    +1.19   +0.82   +0.15   -0.58   +0.69   -0.65 
h3    +0.30   +1.65   -1.56   -1.07   +0.21   -0.96 
h4    +0.22   -1.00   -0.80   -0.60   -1.00   -0.59 
h5+   +1.55   +0.56   -1.15   -1.13   +0.89   -0.38 

O
        a0      a1      a2      a3      a4     a5+
h0       44      46      40      23      11       3 
h1       65      94      38      23       8       4 
h2       58      67      39      14       7       1 
h3       26      39      12       5       3       0 
h4       10       8       5       2       0       0 
h5+       7       6       1       0       1       0 

E
        a0      a1      a2      a3      a4     a5+
h0     48.7    59.7    37.5    16.1     5.3     1.9 
h1     68.6    84.0    52.7    22.7     7.5     2.6 
h2     49.6    60.7    38.1    16.3     5.4     1.9 
h3     24.5    30.0    18.8     8.0     2.7     0.9 
h4      9.3    11.4     7.1     3.1     1.0     0.4 
h5+     3.9     4.8     3.0     1.3     0.4     0.1 

grw_spfl_joint — L1/L2 (n = 710): (O − E)/√E
        a0      a1      a2      a3      a4     a5+
h0    -2.05   -2.40   +0.29   +1.78   +2.48   +0.72 
h1    -1.37   +1.17   -1.48   +0.68   +0.55   +0.98 
h2    +0.69   +1.34   +1.09   +0.15   +1.23   -0.50 
h3    +0.01   +2.16   -0.96   -0.57   +0.61   -0.88 
h4    -0.04   -0.84   -0.45   -0.31   -0.90   -0.55 
h5+   +1.05   +0.46   -1.08   -1.07   +1.04   -0.37 

O
        a0      a1      a2      a3      a4     a5+
h0       44      46      40      23      11       3 
h1       65      94      38      23       8       4 
h2       58      67      39      14       7       1 
h3       26      39      12       5       3       0 
h4       10       8       5       2       0       0 
h5+       7       6       1       0       1       0 

E
        a0      a1      a2      a3      a4     a5+
h0     59.9    65.4    38.2    15.9     5.3     2.0 
h1     77.0    83.3    48.3    20.0     6.6     2.5 
h2     53.0    56.9    32.7    13.4     4.4     1.6 
h3     25.9    27.7    15.8     6.5     2.1     0.8 
h4     10.1    10.7     6.1     2.5     0.8     0.3 
h5+     4.7     5.0     2.8     1.1     0.4     0.1 

grw_spfl_joint — Prem/Champ monitor (n = 751): (O − E)/√E
        a0      a1      a2      a3      a4     a5+
h0    +2.37   -0.49   -0.84   +0.89   -0.72   +0.19 
h1    +0.86   +0.09   +0.45   -1.77   -2.24   -1.92 
h2    +2.38   +0.50   +1.08   -1.13   -0.76   -1.38 
h3    +1.36   -0.97   -0.07   +1.52   -1.36   -0.56 
h4    +0.59   -1.58   -1.71   -0.54   -1.23   -0.83 
h5+   +0.42   -0.98   -1.17   -1.56   -0.92   -0.60 

O
        a0      a1      a2      a3      a4     a5+
h0       63      53      33      23       6       5 
h1       72      78      54      16       3       1 
h2       67      62      44      13       5       1 
h3       36      27      20      14       1       1 
h4       16       9       4       3       0       0 
h5+      11       7       3       0       0       0 

E
        a0      a1      a2      a3      a4     a5+
h0     46.8    56.7    38.2    19.1     8.0     4.6 
h1     65.0    77.2    50.8    24.8    10.1     5.5 
h2     50.1    58.2    37.4    17.7     7.0     3.6 
h3     28.7    32.5    20.3     9.4     3.6     1.7 
h4     13.8    15.2     9.2     4.1     1.5     0.7 
h5+     9.7    10.1     5.8     2.4     0.8     0.4 

td_lower_a2full_carry_jump — L1/L2 (n = 1070): (O − E)/√E
        a0      a1      a2      a3      a4     a5+
h0    -0.54   -2.29   +0.05   +1.28   +1.50   +0.60 
h1    -0.35   +1.18   -2.03   -0.20   +0.48   +1.88 
h2    +0.56   +0.92   +1.50   -1.12   +0.18   +0.41 
h3    +0.03   +1.22   -0.46   -1.43   +0.46   -1.24 
h4    +0.37   -1.24   -0.48   -0.73   -0.43   -0.76 
h5+   +3.12   +0.07   -0.79   -1.41   +0.42   -0.49 

O
        a0      a1      a2      a3      a4     a5+
h0       69      69      59      33      14       5 
h1       98     137      61      34      14       9 
h2       78      97      67      19       9       4 
h3       37      52      25       7       5       0 
h4       16      12       9       3       1       0 
h5+      15       8       3       0       1       0 

E
        a0      a1      a2      a3      a4     a5+
h0     73.6    90.8    58.6    26.4     9.4     3.8 
h1    101.5   123.9    79.1    35.2    12.3     4.9 
h2     73.2    88.4    55.8    24.5     8.5     3.3 
h3     36.8    43.9    27.4    11.9     4.1     1.5 
h4     14.6    17.1    10.6     4.5     1.5     0.6 
h5+     6.8     7.8     4.7     2.0     0.7     0.2 

grw_step_a2_carry_jump — L1/L2 (n = 1070): (O − E)/√E
        a0      a1      a2      a3      a4     a5+
h0    -1.51   -2.56   +0.22   +1.54   +1.65   +0.54 
h1    -1.05   +1.38   -1.46   +0.37   +0.82   +1.97 
h2    +0.07   +1.26   +2.26   -0.61   +0.51   +0.50 
h3    -0.40   +1.37   -0.07   -1.14   +0.68   -1.22 
h4    -0.08   -1.32   -0.38   -0.62   -0.38   -0.76 
h5+   +2.20   -0.32   -0.93   -1.45   +0.34   -0.53 

O
        a0      a1      a2      a3      a4     a5+
h0       69      69      59      33      14       5 
h1       98     137      61      34      14       9 
h2       78      97      67      19       9       4 
h3       37      52      25       7       5       0 
h4       16      12       9       3       1       0 
h5+      15       8       3       0       1       0 

E
        a0      a1      a2      a3      a4     a5+
h0     82.7    93.7    57.3    25.2     9.0     3.9 
h1    108.9   121.8    73.5    31.9    11.2     4.7 
h2     77.3    85.3    50.9    21.8     7.6     3.1 
h3     39.5    43.0    25.3    10.8     3.7     1.5 
h4     16.3    17.5    10.2     4.3     1.5     0.6 
h5+     8.6     9.0     5.1     2.1     0.7     0.3 

grw_step_a2_carry_jump — Prem/Champ monitor (n = 1129): (O − E)/√E
        a0      a1      a2      a3      a4     a5+
h0    +3.03   -0.08   -1.30   +1.75   -1.31   +0.88 
h1    +0.54   +0.22   +1.06   -2.07   -1.91   -2.60 
h2    +2.28   +0.81   +1.44   -0.71   -1.40   -1.49 
h3    +0.38   -0.83   -0.61   +1.63   -1.87   -0.99 
h4    +0.86   -2.26   -2.07   -0.42   -0.81   -1.01 
h5+   +0.74   -1.85   -1.20   -1.88   -1.10   -0.72 

O
        a0      a1      a2      a3      a4     a5+
h0       94      84      48      39       8      10 
h1      102     118      86      25       8       1 
h2       95      95      67      23       6       2 
h3       46      43      27      20       1       1 
h4       25      12       6       5       1       0 
h5+      18       8       5       0       0       0 

E
        a0      a1      a2      a3      a4     a5+
h0     68.8    84.7    57.9    29.5    12.7     7.6 
h1     96.7   115.7    76.7    37.7    15.5     8.7 
h2     75.2    87.4    56.2    26.7    10.6     5.5 
h3     43.5    48.8    30.4    13.9     5.3     2.6 
h4     21.1    22.8    13.6     6.0     2.2     1.0 
h5+    15.1    15.2     8.5     3.5     1.2     0.5 

8×8 DataFrame
 Row │ run                         panel               0          1          2         3            4         5+
     │ String                      String              Float64?   Float64?   Float64?  Float64?     Float64?  Float64?
─────┼──────────────────────────────────────────────────────────────────────────────────────────────────────────────────
   1 │ m12_td                      L1/L2               -0.684111  -2.57414    2.74685  -0.104718     2.39664  -1.78052
   2 │ m05_joint_td                L1/L2               -0.693072  -2.49236    2.90045  -0.0109133    2.3744   -2.07851
   3 │ FLOOR s12_m01_td_poisson    L1/L2               -0.662917  -2.43192    2.94553  -0.00984492   2.34282  -2.18366
   4 │ grw_spfl_joint              L1/L2               -2.2361    -4.42127    2.45909   0.97947      3.69039  -0.471583
   5 │ grw_spfl_joint              Prem/Champ monitor   2.15748    0.435705   1.66228   2.41406     -1.0034   -5.66612
   6 │ td_lower_a2full_carry_jump  L1/L2               -0.430736  -2.36341    1.71148  -0.251576     2.25423  -0.919982
   7 │ grw_step_a2_carry_jump      L1/L2               -1.28392   -3.33254    1.64283   0.416335     2.97762  -0.420327
   8 │ grw_step_a2_carry_jump      Prem/Champ monitor   2.2283     0.409671   1.07757   2.56197     -0.7483   -5.52921
8×11 DataFrame
 Row │ run                         panel               ≤−4        -3          -2         -1          0          1           2         3          ≥+4
     │ String                      String              Float64?   Float64?    Float64?   Float64?    Float64?   Float64?    Float64?  Float64?   Float64?
─────┼─────────────────────────────────────────────────────────────────────────────────────────────────────────────────────────────────────────────────────
   1 │ m12_td                      L1/L2                1.05       0.860468    0.324495  -4.55815     0.215359  -0.507329   2.2085    -0.319752   0.726409
   2 │ m05_joint_td                L1/L2                1.02639    0.853674    0.351396  -4.48799     0.271035  -0.482615   2.1807    -0.369533   0.65695
   3 │ FLOOR s12_m01_td_poisson    L1/L2                1.08117    0.946571    0.51305   -4.32137     0.299533  -0.623238   2.00887   -0.481689   0.577104
   4 │ grw_spfl_joint              L1/L2                1.10037    1.1394      0.948709  -4.01724    -0.183751  -0.770062   2.02161   -0.557752   0.318728
   5 │ grw_spfl_joint              Prem/Champ monitor  -0.997187  -0.550434   -2.31225   -1.11599     3.53619    1.16195    0.580736  -0.164464  -0.138551
   6 │ td_lower_a2full_carry_jump  L1/L2                0.936495   0.794523   -0.142797  -4.19919     1.31771    0.152662   0.907942  -0.638022   0.870674
   7 │ grw_step_a2_carry_jump      L1/L2                0.970345   1.02018     0.369161  -3.66625     1.23929   -0.0377734  0.637777  -0.941642   0.408912
   8 │ grw_step_a2_carry_jump      Prem/Champ monitor  -1.05633    0.0540655  -2.58695   -0.0166934   3.79741    0.675731   0.326324  -0.936775  -0.256781
11×7 DataFrame
 Row │ source                                               00         10         01          11        22        draw
     │ String                                               Float64?   Float64?   Float64?    Float64?  Float64?  Float64?
─────┼──────────────────────────────────────────────────────────────────────────────────────────────────────────────────────
   1 │ m12_td — L1/L2 (O − E)                               -0.684111  -0.501996  -2.07214    1.30107   0.139477   0.215359
   2 │ m05_joint_td — L1/L2 (O − E)                         -0.693072  -0.470548  -2.02181    1.39146   0.144992   0.271035
   3 │ FLOOR s12_m01_td_poisson — L1/L2 (O − E)             -0.662917  -0.507635  -1.92429    1.41315   0.133193   0.299533
   4 │ grw_spfl_joint — L1/L2 (O − E)                       -2.2361    -1.68818   -2.73309    1.50257   0.880593  -0.183751
   5 │ grw_spfl_joint — Prem/Champ monitor (O − E)           2.15748    0.927117  -0.491412   0.105957  0.880775   3.53619
   6 │ td_lower_a2full_carry_jump — L1/L2 (O − E)           -0.430736  -0.32698   -2.03643    1.22552   1.04727    1.31771
   7 │ grw_step_a2_carry_jump — L1/L2 (O − E)               -1.28392   -1.02017   -2.31237    1.42465   1.50724    1.23929
   8 │ grw_step_a2_carry_jump — Prem/Champ monitor (O − E)   2.2283     0.472512  -0.0628409  0.205505  0.958055   3.79741
   9 │ market CS − Poisson (§14, all)                        0.116382  -0.369968  -0.472713   0.707451  0.552725   1.59645
  10 │ market CS − Poisson (§14, L1)                         0.348543  -0.374794  -0.460885   0.617202  0.553233   1.7412
  11 │ market CS − Poisson (§14, L2)                         0.248021  -0.399339  -0.486321   0.600242  0.448968   1.52732
  m12_td                     L1/L2              24/25 → 25/26          (a) Dixon–Coles ρ            θ = -0.011326905610813308  (1s)
  m12_td                     L1/L2              24/25 → 25/26          (b) bivariate λ₃, means held θ = 1.042817419982022e-5  (0s)
  m12_td                     L1/L2              24/25 → 25/26          (c) COM ν, means held        θ = 0.8645027104654701  (0s)
  m12_td                     L1/L2              24/25 → 25/26          (d) bivariate λ₃ + COM ν     θ = (0.0, 0.8645444989204408)  (1s)
  m12_td                     L1/L2              25/26 → 24/25          (a) Dixon–Coles ρ            θ = -0.12809702894631472  (0s)
  m12_td                     L1/L2              25/26 → 24/25          (b) bivariate λ₃, means held θ = 1.042817419982022e-5  (0s)
  m12_td                     L1/L2              25/26 → 24/25          (c) COM ν, means held        θ = 1.0983988363831865  (0s)
  m12_td                     L1/L2              25/26 → 24/25          (d) bivariate λ₃ + COM ν     θ = (0.0, 1.0983398437500003)  (1s)
  m05_joint_td               L1/L2              24/25 → 25/26          (a) Dixon–Coles ρ            θ = -0.013037910929469747  (0s)
  m05_joint_td               L1/L2              24/25 → 25/26          (b) bivariate λ₃, means held θ = 1.042817419982022e-5  (0s)
  m05_joint_td               L1/L2              24/25 → 25/26          (c) COM ν, means held        θ = 0.868491986877799  (0s)
  m05_joint_td               L1/L2              24/25 → 25/26          (d) bivariate λ₃ + COM ν     θ = (0.0, 0.8686500549316408)  (1s)
  m05_joint_td               L1/L2              25/26 → 24/25          (a) Dixon–Coles ρ            θ = -0.1282402651137672  (0s)
  m05_joint_td               L1/L2              25/26 → 24/25          (b) bivariate λ₃, means held θ = 1.042817419982022e-5  (0s)
  m05_joint_td               L1/L2              25/26 → 24/25          (c) COM ν, means held        θ = 1.1171784972668788  (0s)
  m05_joint_td               L1/L2              25/26 → 24/25          (d) bivariate λ₃ + COM ν     θ = (0.0, 1.1171386718749992)  (1s)
  FLOOR s12_m01_td_poisson   L1/L2              24/25 → 25/26          (a) Dixon–Coles ρ            θ = -0.00791812182301846  (0s)
  FLOOR s12_m01_td_poisson   L1/L2              24/25 → 25/26          (b) bivariate λ₃, means held θ = 1.042817419982022e-5  (0s)
  FLOOR s12_m01_td_poisson   L1/L2              24/25 → 25/26          (c) COM ν, means held        θ = 0.8876273993705923  (0s)
  FLOOR s12_m01_td_poisson   L1/L2              24/25 → 25/26          (d) bivariate λ₃ + COM ν     θ = (0.0, 0.8876387596130374)  (1s)
  FLOOR s12_m01_td_poisson   L1/L2              25/26 → 24/25          (a) Dixon–Coles ρ            θ = -0.1252324962622954  (0s)
  FLOOR s12_m01_td_poisson   L1/L2              25/26 → 24/25          (b) bivariate λ₃, means held θ = 1.042817419982022e-5  (0s)
  FLOOR s12_m01_td_poisson   L1/L2              25/26 → 24/25          (c) COM ν, means held        θ = 1.1094781724293992  (0s)
  FLOOR s12_m01_td_poisson   L1/L2              25/26 → 24/25          (d) bivariate λ₃ + COM ν     θ = (0.0, 1.1093505859374988)  (1s)
  grw_spfl_joint             L1/L2              24/25 → 25/26          (a) Dixon–Coles ρ            θ = -0.011043445758485267  (0s)
  grw_spfl_joint             L1/L2              24/25 → 25/26          (b) bivariate λ₃, means held θ = 1.042817419982022e-5  (0s)
  grw_spfl_joint             L1/L2              24/25 → 25/26          (c) COM ν, means held        θ = 0.8847982243412518  (0s)
  grw_spfl_joint             L1/L2              24/25 → 25/26          (d) bivariate λ₃ + COM ν     θ = (0.0, 0.8847352046519523)  (1s)
  grw_spfl_joint             L1/L2              25/26 → 24/25          (a) Dixon–Coles ρ            θ = -0.1590056869310707  (0s)
  grw_spfl_joint             L1/L2              25/26 → 24/25          (b) bivariate λ₃, means held θ = 1.042817419982022e-5  (0s)
  grw_spfl_joint             L1/L2              25/26 → 24/25          (c) COM ν, means held        θ = 1.1537404868725147  (0s)
  grw_spfl_joint             L1/L2              25/26 → 24/25          (d) bivariate λ₃ + COM ν     θ = (0.0, 1.153662109375)  (1s)
  grw_spfl_joint             Prem/Champ monitor 24/25 → 25/26          (a) Dixon–Coles ρ            θ = 0.039271716306666024  (0s)
  grw_spfl_joint             Prem/Champ monitor 24/25 → 25/26          (b) bivariate λ₃, means held θ = 1.042817419982022e-5  (0s)
  grw_spfl_joint             Prem/Champ monitor 24/25 → 25/26          (c) COM ν, means held        θ = 0.9766502557650836  (0s)
  grw_spfl_joint             Prem/Champ monitor 24/25 → 25/26          (d) bivariate λ₃ + COM ν     θ = (0.0, 0.976670670509338)  (1s)
  grw_spfl_joint             Prem/Champ monitor 25/26 → 24/25          (a) Dixon–Coles ρ            θ = -0.1638902838422249  (0s)
  grw_spfl_joint             Prem/Champ monitor 25/26 → 24/25          (b) bivariate λ₃, means held θ = 0.08939697294259441  (0s)
  grw_spfl_joint             Prem/Champ monitor 25/26 → 24/25          (c) COM ν, means held        θ = 0.9465822963380967  (0s)
  grw_spfl_joint             Prem/Champ monitor 25/26 → 24/25          (d) bivariate λ₃ + COM ν     θ = (0.09302990433061498, 0.9431001695105807)  (1s)
  td_lower_a2full_carry_jump L1/L2              23/24 → 24/25–25/26    (a) Dixon–Coles ρ            θ = -0.0699140769678001  (0s)
  td_lower_a2full_carry_jump L1/L2              23/24 → 24/25–25/26    (b) bivariate λ₃, means held θ = 1.042817419982022e-5  (0s)
  td_lower_a2full_carry_jump L1/L2              23/24 → 24/25–25/26    (c) COM ν, means held        θ = 1.0139566050811555  (0s)
  td_lower_a2full_carry_jump L1/L2              23/24 → 24/25–25/26    (d) bivariate λ₃ + COM ν     θ = (0.0, 1.0142570495605465)  (1s)
  grw_step_a2_carry_jump     L1/L2              23/24 → 24/25–25/26    (a) Dixon–Coles ρ            θ = -0.07061018038154633  (0s)
  grw_step_a2_carry_jump     L1/L2              23/24 → 24/25–25/26    (b) bivariate λ₃, means held θ = 0.0028293411462447416  (0s)
  grw_step_a2_carry_jump     L1/L2              23/24 → 24/25–25/26    (c) COM ν, means held        θ = 1.0179098796646873  (0s)
  grw_step_a2_carry_jump     L1/L2              23/24 → 24/25–25/26    (d) bivariate λ₃ + COM ν     θ = (0.0, 1.0179608225822447)  (1s)
  grw_step_a2_carry_jump     Prem/Champ monitor 23/24 → 24/25–25/26    (a) Dixon–Coles ρ            θ = -0.08074544008295498  (0s)
  grw_step_a2_carry_jump     Prem/Champ monitor 23/24 → 24/25–25/26    (b) bivariate λ₃, means held θ = 0.02508463974634168  (0s)
  grw_step_a2_carry_jump     Prem/Champ monitor 23/24 → 24/25–25/26    (c) COM ν, means held        θ = 1.062542047829111  (0s)
  grw_step_a2_carry_jump     Prem/Champ monitor 23/24 → 24/25–25/26    (d) bivariate λ₃ + COM ν     θ = (0.022323547047562904, 1.063152063312009)  (1s)
52×9 DataFrame
 Row │ run                         panel               fold                 shape                         n_train  theta        nu          train_nll  train_gain_vs_poisson
     │ String                      String              String               String                        Int64    Float64      Float64     Float64    Float64
─────┼───────────────────────────────────────────────────────────────────────────────────────────────────────────────────────────────────────────────────────────────────────
   1 │ m12_td                      L1/L2               24/25 → 25/26        (a) Dixon–Coles ρ                 360  -0.0113269   NaN           2.98432            3.85167e-5
   2 │ m12_td                      L1/L2               24/25 → 25/26        (b) bivariate λ₃, means held      360   1.04282e-5  NaN           2.98436           -1.08939e-6
   3 │ m12_td                      L1/L2               24/25 → 25/26        (c) COM ν, means held             360   0.864503    NaN           2.98114            0.00321854
   4 │ m12_td                      L1/L2               24/25 → 25/26        (d) bivariate λ₃ + COM ν          360   0.0           0.864544    2.98114            0.00321854
   5 │ m12_td                      L1/L2               25/26 → 24/25        (a) Dixon–Coles ρ                 350  -0.128097    NaN           2.94386            0.00460098
   6 │ m12_td                      L1/L2               25/26 → 24/25        (b) bivariate λ₃, means held      350   1.04282e-5  NaN           2.94846           -1.15982e-6
   7 │ m12_td                      L1/L2               25/26 → 24/25        (c) COM ν, means held             350   1.0984      NaN           2.94689            0.00157176
   8 │ m12_td                      L1/L2               25/26 → 24/25        (d) bivariate λ₃ + COM ν          350   0.0           1.09834     2.94689            0.00157176
   9 │ m05_joint_td                L1/L2               24/25 → 25/26        (a) Dixon–Coles ρ                 360  -0.0130379   NaN           2.98544            5.0532e-5
  10 │ m05_joint_td                L1/L2               24/25 → 25/26        (b) bivariate λ₃, means held      360   1.04282e-5  NaN           2.9855            -1.06704e-6
  11 │ m05_joint_td                L1/L2               24/25 → 25/26        (c) COM ν, means held             360   0.868492    NaN           2.9825             0.00299933
  12 │ m05_joint_td                L1/L2               24/25 → 25/26        (d) bivariate λ₃ + COM ν          360   0.0           0.86865     2.9825             0.00299933
  13 │ m05_joint_td                L1/L2               25/26 → 24/25        (a) Dixon–Coles ρ                 350  -0.12824     NaN           2.93729            0.00460663
  14 │ m05_joint_td                L1/L2               25/26 → 24/25        (b) bivariate λ₃, means held      350   1.04282e-5  NaN           2.9419            -1.16773e-6
  15 │ m05_joint_td                L1/L2               25/26 → 24/25        (c) COM ν, means held             350   1.11718     NaN           2.93971            0.00218417
  16 │ m05_joint_td                L1/L2               25/26 → 24/25        (d) bivariate λ₃ + COM ν          350   0.0           1.11714     2.93971            0.00218417
  17 │ FLOOR s12_m01_td_poisson    L1/L2               24/25 → 25/26        (a) Dixon–Coles ρ                 360  -0.00791812  NaN           2.98338            1.89087e-5
  18 │ FLOOR s12_m01_td_poisson    L1/L2               24/25 → 25/26        (b) bivariate λ₃, means held      360   1.04282e-5  NaN           2.9834            -9.58818e-7
  19 │ FLOOR s12_m01_td_poisson    L1/L2               24/25 → 25/26        (c) COM ν, means held             360   0.887627    NaN           2.98128            0.00211467
  20 │ FLOOR s12_m01_td_poisson    L1/L2               24/25 → 25/26        (d) bivariate λ₃ + COM ν          360   0.0           0.887639    2.98128            0.00211467
  21 │ FLOOR s12_m01_td_poisson    L1/L2               25/26 → 24/25        (a) Dixon–Coles ρ                 350  -0.125232    NaN           2.95541            0.00438705
  22 │ FLOOR s12_m01_td_poisson    L1/L2               25/26 → 24/25        (b) bivariate λ₃, means held      350   1.04282e-5  NaN           2.9598            -1.15511e-6
  23 │ FLOOR s12_m01_td_poisson    L1/L2               25/26 → 24/25        (c) COM ν, means held             350   1.10948     NaN           2.95793            0.00186894
  24 │ FLOOR s12_m01_td_poisson    L1/L2               25/26 → 24/25        (d) bivariate λ₃ + COM ν          350   0.0           1.10935     2.95793            0.00186894
  25 │ grw_spfl_joint              L1/L2               24/25 → 25/26        (a) Dixon–Coles ρ                 360  -0.0110434   NaN           2.9957             3.11523e-5
  26 │ grw_spfl_joint              L1/L2               24/25 → 25/26        (b) bivariate λ₃, means held      360   1.04282e-5  NaN           2.99574           -1.26363e-6
  27 │ grw_spfl_joint              L1/L2               24/25 → 25/26        (c) COM ν, means held             360   0.884798    NaN           2.99354            0.00219697
  28 │ grw_spfl_joint              L1/L2               24/25 → 25/26        (d) bivariate λ₃ + COM ν          360   0.0           0.884735    2.99354            0.00219697
  29 │ grw_spfl_joint              L1/L2               25/26 → 24/25        (a) Dixon–Coles ρ                 350  -0.159006    NaN           2.94607            0.00589314
  30 │ grw_spfl_joint              L1/L2               25/26 → 24/25        (b) bivariate λ₃, means held      350   1.04282e-5  NaN           2.95197           -1.269e-6
  31 │ grw_spfl_joint              L1/L2               25/26 → 24/25        (c) COM ν, means held             350   1.15374     NaN           2.94847            0.00349228
  32 │ grw_spfl_joint              L1/L2               25/26 → 24/25        (d) bivariate λ₃ + COM ν          350   0.0           1.15366     2.94847            0.00349228
  33 │ grw_spfl_joint              Prem/Champ monitor  24/25 → 25/26        (a) Dixon–Coles ρ                 378   0.0392717   NaN           2.94709            0.000534452
  34 │ grw_spfl_joint              Prem/Champ monitor  24/25 → 25/26        (b) bivariate λ₃, means held      378   1.04282e-5  NaN           2.94763           -2.65793e-7
  35 │ grw_spfl_joint              Prem/Champ monitor  24/25 → 25/26        (c) COM ν, means held             378   0.97665     NaN           2.94754            8.74936e-5
  36 │ grw_spfl_joint              Prem/Champ monitor  24/25 → 25/26        (d) bivariate λ₃ + COM ν          378   0.0           0.976671    2.94754            8.74935e-5
  37 │ grw_spfl_joint              Prem/Champ monitor  25/26 → 24/25        (a) Dixon–Coles ρ                 373  -0.16389     NaN           2.91925            0.00926838
  38 │ grw_spfl_joint              Prem/Champ monitor  25/26 → 24/25        (b) bivariate λ₃, means held      373   0.089397    NaN           2.92674            0.00177473
  39 │ grw_spfl_joint              Prem/Champ monitor  25/26 → 24/25        (c) COM ν, means held             373   0.946582    NaN           2.92808            0.000433151
  40 │ grw_spfl_joint              Prem/Champ monitor  25/26 → 24/25        (d) bivariate λ₃ + COM ν          373   0.0930299     0.9431      2.92633            0.00218242
  41 │ td_lower_a2full_carry_jump  L1/L2               23/24 → 24/25–25/26  (a) Dixon–Coles ρ                 360  -0.0699141   NaN           3.00288            0.00135128
  42 │ td_lower_a2full_carry_jump  L1/L2               23/24 → 24/25–25/26  (b) bivariate λ₃, means held      360   1.04282e-5  NaN           3.00423           -8.00599e-8
  43 │ td_lower_a2full_carry_jump  L1/L2               23/24 → 24/25–25/26  (c) COM ν, means held             360   1.01396     NaN           3.0042             3.20019e-5
  44 │ td_lower_a2full_carry_jump  L1/L2               23/24 → 24/25–25/26  (d) bivariate λ₃ + COM ν          360   0.0           1.01426     3.0042             3.19869e-5
  45 │ grw_step_a2_carry_jump      L1/L2               23/24 → 24/25–25/26  (a) Dixon–Coles ρ                 360  -0.0706102   NaN           3.01904            0.00122677
  46 │ grw_step_a2_carry_jump      L1/L2               23/24 → 24/25–25/26  (b) bivariate λ₃, means held      360   0.00282934  NaN           3.02026            2.18023e-6
  47 │ grw_step_a2_carry_jump      L1/L2               23/24 → 24/25–25/26  (c) COM ν, means held             360   1.01791     NaN           3.02022            4.82159e-5
  48 │ grw_step_a2_carry_jump      L1/L2               23/24 → 24/25–25/26  (d) bivariate λ₃ + COM ν          360   0.0           1.01796     3.02022            4.82155e-5
  49 │ grw_step_a2_carry_jump      Prem/Champ monitor  23/24 → 24/25–25/26  (a) Dixon–Coles ρ                 378  -0.0807454   NaN           2.9163             0.00217982
  50 │ grw_step_a2_carry_jump      Prem/Champ monitor  23/24 → 24/25–25/26  (b) bivariate λ₃, means held      378   0.0250846   NaN           2.91836            0.000120267
  51 │ grw_step_a2_carry_jump      Prem/Champ monitor  23/24 → 24/25–25/26  (c) COM ν, means held             378   1.06254     NaN           2.91791            0.000567769
  52 │ grw_step_a2_carry_jump      Prem/Champ monitor  23/24 → 24/25–25/26  (d) bivariate λ₃ + COM ν          378   0.0223235     1.06315     2.91781            0.000674704
56×18 DataFrame
 Row │ run                         panel               shape                                           n_test  ll_exact  d_exact       d_exact_lo    d_exact_hi   ll_1x2   d_1x2         d_1x2_lo      d_1x2_hi      ll_ou25   d_ou25        d_ou25_lo     d_ou25_hi     draw_rate_pred  draw_rate_obs
     │ String                      String              String                                          Int64   Float64   Float64       Float64       Float64      Float64  Float64       Float64       Float64       Float64   Float64       Float64       Float64       Float64         Float64
─────┼─────────────────────────────────────────────────────────────────────────────────────────────────────────────────────────────────────────────────────────────────────────────────────────────────────────────────────────────────────────────────────────────────────────────────────────────────
   1 │ m12_td                      L1/L2               Poisson (as fitted)                                710   2.96666   0.0           0.0          0.0          1.06497   0.0           0.0           0.0          0.688504   0.0           0.0           0.0                0.254171       0.256338
   2 │ m12_td                      L1/L2               (a) Dixon–Coles ρ                                  710   2.96835   0.00169019   -0.00272562   0.00611853   1.06784   0.00287132   -0.000454366   0.00629475   0.688504   2.78472e-11  -2.06973e-10   2.56613e-10        0.271159       0.256338
   3 │ m12_td                      L1/L2               (b) bivariate λ₃, means held                       710   2.96666   1.12411e-6    5.74702e-7   1.72782e-6   1.06497  -3.86991e-8   -2.38141e-7    1.58932e-7   0.688504   1.59085e-8   -8.05286e-8    1.12724e-7         0.254172       0.256338
   4 │ m12_td                      L1/L2               (c) COM ν, means held                              710   2.97354   0.00687981    0.00173924   0.0118978    1.06582   0.000852962  -2.23841e-5    0.00171186   0.688909   0.000404999  -0.000370122   0.00115564         0.253933       0.256338
   5 │ m12_td                      L1/L2               (d) bivariate λ₃ + COM ν                           710   2.97354   0.00687582    0.0017363    0.0118916    1.06582   0.000852612  -2.2274e-5     0.00171122   0.688909   0.000404824  -0.000369966   0.00115518         0.253933       0.256338
   6 │ m12_td                      L1/L2               (m) market DC ρ = −0.04, fixed                     710   2.96558  -0.0010848    -0.00318937   0.000980659  1.06503   6.166e-5     -0.00155674    0.00159602   0.688504   2.78472e-11  -2.06973e-10   2.56613e-10        0.263721       0.256338
   7 │ m12_td                      L1/L2               (m) market bivariate + COM (0.08, 1.08), fixed     710   2.97931   0.01265       0.00650859   0.0195478    1.06486  -0.000109606  -0.00227778    0.00200744   0.688554   4.97542e-5   -0.000249658   0.000361252        0.26584        0.256338
   8 │ m05_joint_td                L1/L2               Poisson (as fitted)                                710   2.964     0.0           0.0          0.0          1.06364   0.0           0.0           0.0          0.687462   0.0           0.0           0.0                0.253623       0.256338
   9 │ m05_joint_td                L1/L2               (a) Dixon–Coles ρ                                  710   2.96556   0.00155321   -0.00290245   0.0059661    1.06639   0.0027551    -0.000527796   0.00618287   0.687462   1.10508e-10  -6.2371e-10    9.1505e-10         0.27069        0.256338
  10 │ m05_joint_td                L1/L2               (b) bivariate λ₃, means held                       710   2.96401   1.11668e-6    5.7632e-7    1.70766e-6   1.06364  -5.01798e-8   -2.54347e-7    1.4897e-7    0.687462   6.98707e-9   -9.20872e-8    1.04663e-7         0.253624       0.256338
  11 │ m05_joint_td                L1/L2               (c) COM ν, means held                              710   2.97171   0.00770679    0.00239955   0.0128467    1.06457   0.000934287   3.83616e-5    0.0018564    0.687934   0.000471345  -0.000391224   0.00129099         0.253743       0.256338
  12 │ m05_joint_td                L1/L2               (d) bivariate λ₃ + COM ν                           710   2.9717    0.00769851    0.00239673   0.0128349    1.06457   0.000933362   3.82093e-5    0.00185497   0.687933   0.000470856  -0.00039116    0.0012898          0.253744       0.256338
  13 │ m05_joint_td                L1/L2               (m) market DC ρ = −0.04, fixed                     710   2.9629   -0.00110669   -0.00322234   0.000952852  1.06365   1.35483e-5   -0.00160552    0.00155818   0.687462   1.10508e-10  -6.2371e-10    9.1505e-10         0.2631         0.256338
  14 │ m05_joint_td                L1/L2               (m) market bivariate + COM (0.08, 1.08), fixed     710   2.97626   0.0122535     0.00623096   0.019134     1.06337  -0.000271021  -0.00247434    0.00187      0.687485   2.21794e-5   -0.000267689   0.000321246        0.265255       0.256338
  15 │ FLOOR s12_m01_td_poisson    L1/L2               Poisson (as fitted)                                710   2.97176   0.0           0.0          0.0          1.06803   0.0           0.0           0.0          0.691584   0.0           0.0           0.0                0.253337       0.256338
  16 │ FLOOR s12_m01_td_poisson    L1/L2               (a) Dixon–Coles ρ                                  710   2.9736    0.00184139   -0.00243067   0.00601764   1.07062   0.00259558   -0.00063365    0.00586741   0.691584   7.33033e-10  -1.076e-9      2.81018e-9         0.269364       0.256338
  17 │ FLOOR s12_m01_td_poisson    L1/L2               (b) bivariate λ₃, means held                       710   2.97176   1.05558e-6    5.31883e-7   1.62891e-6   1.06803  -5.12547e-8   -2.49382e-7    1.43064e-7   0.691584   2.39855e-9   -9.22093e-8    9.65214e-8         0.253338       0.256338
  18 │ FLOOR s12_m01_td_poisson    L1/L2               (c) COM ν, means held                              710   2.97773   0.00596958    0.00135059   0.0104601    1.06873   0.000702986  -3.70513e-5    0.00146656   0.69203    0.000446629  -0.000261537   0.0011416          0.253555       0.256338
  19 │ FLOOR s12_m01_td_poisson    L1/L2               (d) bivariate λ₃ + COM ν                           710   2.97773   0.00596466    0.001349     0.0104535    1.06873   0.00070269   -3.70695e-5    0.00146611   0.69203    0.000446339  -0.000261409   0.00114071         0.253552       0.256338
  20 │ FLOOR s12_m01_td_poisson    L1/L2               (m) market DC ρ = −0.04, fixed                     710   2.97075  -0.001009     -0.00309741   0.00103064   1.06803  -2.03414e-6   -0.00159672    0.00153634   0.691584   7.33033e-10  -1.076e-9      2.81018e-9         0.262799       0.256338
  21 │ FLOOR s12_m01_td_poisson    L1/L2               (m) market bivariate + COM (0.08, 1.08), fixed     710   2.9832    0.0114345     0.00567302   0.0180883    1.06771  -0.000315583  -0.00237402    0.00174014   0.691615   3.13274e-5   -0.000254214   0.000325211        0.264951       0.256338
  22 │ grw_spfl_joint              L1/L2               Poisson (as fitted)                                710   2.97416   0.0           0.0          0.0          1.06716   0.0           0.0           0.0          0.689273   0.0           0.0           0.0                0.258093       0.256338
  23 │ grw_spfl_joint              L1/L2               (a) Dixon–Coles ρ                                  710   2.97664   0.0024781    -0.00272373   0.00762853   1.07204   0.00488493    0.000751344   0.0091569    0.689273   1.33484e-8   -1.0835e-8     4.75275e-8         0.278411       0.256338
  24 │ grw_spfl_joint              L1/L2               (b) bivariate λ₃, means held                       710   2.97416   1.26628e-6    6.32547e-7   1.93521e-6   1.06716   9.08325e-8   -1.72666e-7    3.29666e-7   0.689273   5.86239e-8   -2.45794e-8    1.42912e-7         0.258094       0.256338
  25 │ grw_spfl_joint              L1/L2               (c) COM ν, means held                              710   2.98259   0.00842995    0.00279794   0.0139777    1.06806   0.000903135  -0.000166302   0.00205266   0.689766   0.000492966  -0.0003192     0.00131521         0.259108       0.256338
  26 │ grw_spfl_joint              L1/L2               (d) bivariate λ₃ + COM ν                           710   2.98259   0.00842938    0.00280043   0.0139781    1.06806   0.000902688  -0.000166796   0.00205164   0.689767   0.000493186  -0.000319425   0.00131543         0.259107       0.256338
  27 │ grw_spfl_joint              L1/L2               (m) market DC ρ = −0.04, fixed                     710   2.97298  -0.00117499   -0.00317587   0.000740668  1.06768   0.000524156  -0.00114952    0.00209198   0.689273   1.33484e-8   -1.0835e-8     4.75275e-8         0.267478       0.256338
  28 │ grw_spfl_joint              L1/L2               (m) market bivariate + COM (0.08, 1.08), fixed     710   2.98744   0.0132844     0.00656923   0.0206484    1.06876   0.00159537   -0.00109929    0.00400847   0.689496   0.000222424  -3.35203e-5    0.000485005        0.269729       0.256338
  29 │ grw_spfl_joint              Prem/Champ monitor  Poisson (as fitted)                                751   2.93813   0.0           0.0          0.0          1.01258   0.0           0.0           0.0          0.705252   0.0           0.0           0.0                0.229671       0.26498
  30 │ grw_spfl_joint              Prem/Champ monitor  (a) Dixon–Coles ρ                                  751   2.94749   0.00935759    0.00195182   0.0167009    1.01638   0.00380017   -0.000361191   0.00758646   0.705252   4.44537e-7   -1.63381e-7    1.32003e-6         0.242183       0.26498
  31 │ grw_spfl_joint              Prem/Champ monitor  (b) bivariate λ₃, means held                       751   2.94027   0.0021386    -0.0009982    0.00531795   1.01286   0.000278969  -0.00107566    0.00155849   0.704689  -0.000562758  -0.00126759    0.000116899        0.233765       0.26498
  32 │ grw_spfl_joint              Prem/Champ monitor  (c) COM ν, means held                              751   2.93802  -0.000109904  -0.00174927   0.00140715   1.01283   0.000253304  -0.000136327   0.000664086  0.704519  -0.000733099  -0.00120978   -0.000274073        0.228943       0.26498
  33 │ grw_spfl_joint              Prem/Champ monitor  (d) bivariate λ₃ + COM ν                           751   2.94026   0.00212738   -0.00112719   0.00566372   1.01307   0.000489447  -0.000702172   0.0016264    0.704     -0.00125169   -0.00238211   -0.000176161        0.233333       0.26498
  34 │ grw_spfl_joint              Prem/Champ monitor  (m) market DC ρ = −0.04, fixed                     751   2.93696  -0.00116826   -0.00366888   0.00125387   1.01107  -0.00150726   -0.00306384    6.28274e-6   0.705252   4.46166e-7   -1.63381e-7    1.32362e-6         0.237896       0.26498
  35 │ grw_spfl_joint              Prem/Champ monitor  (m) market bivariate + COM (0.08, 1.08), fixed     751   2.94076   0.00263222   -0.0023779    0.00775488   1.01076  -0.00181788   -0.0040337     0.000348943  0.705291   3.91631e-5   -0.00020764    0.000265746        0.238641       0.26498
  36 │ td_lower_a2full_carry_jump  L1/L2               Poisson (as fitted)                                710   2.96273   0.0           0.0          0.0          1.06212   0.0           0.0           0.0          0.68763    0.0           0.0           0.0                0.253059       0.256338
  37 │ td_lower_a2full_carry_jump  L1/L2               (a) Dixon–Coles ρ                                  710   2.96124  -0.00149348   -0.00521295   0.00198787   1.06238   0.000261555  -0.00236245    0.00306548   0.68763   -1.45535e-9   -6.88129e-9    1.99374e-9         0.269543       0.256338
  38 │ td_lower_a2full_carry_jump  L1/L2               (b) bivariate λ₃, means held                       710   2.96273   1.07935e-6    5.45542e-7   1.64415e-6   1.06212  -5.25463e-8   -2.48355e-7    1.50795e-7   0.68763    4.58019e-9   -9.69803e-8    1.02068e-7         0.25306        0.256338
  39 │ td_lower_a2full_carry_jump  L1/L2               (c) COM ν, means held                              710   2.96278   4.72097e-5   -0.000521959  0.000628387  1.06206  -5.47804e-5   -0.000151955   4.7857e-5    0.687626  -3.79316e-6   -9.84199e-5    9.69104e-5         0.253517       0.256338
  40 │ td_lower_a2full_carry_jump  L1/L2               (d) bivariate λ₃ + COM ν                           710   2.96278   4.89209e-5   -0.000532474  0.000642606  1.06206  -5.59409e-5   -0.000155222   4.89231e-5   0.687626  -3.85741e-6   -0.000100511   9.90036e-5         0.253527       0.256338
  41 │ td_lower_a2full_carry_jump  L1/L2               (m) market DC ρ = −0.04, fixed                     710   2.96154  -0.00119358   -0.00333079   0.000789334  1.06209  -2.11241e-5   -0.00153453    0.00159396   0.68763   -1.45535e-9   -6.88129e-9    1.99374e-9         0.26249        0.256338
  42 │ td_lower_a2full_carry_jump  L1/L2               (m) market bivariate + COM (0.08, 1.08), fixed     710   2.97443   0.0116993     0.00573064   0.0181204    1.06179  -0.000327678  -0.00242613    0.00184455   0.687649   1.94257e-5   -0.000274194   0.000301225        0.264602       0.256338
  43 │ grw_step_a2_carry_jump      L1/L2               Poisson (as fitted)                                710   2.96517   0.0           0.0          0.0          1.06136   0.0           0.0           0.0          0.691223   0.0           0.0           0.0                0.252227       0.256338
  44 │ grw_step_a2_carry_jump      L1/L2               (a) Dixon–Coles ρ                                  710   2.96326  -0.00190321   -0.00544537   0.00139252   1.06189   0.000536825  -0.00208463    0.00333732   0.691223   2.09132e-8   -4.38798e-9    5.19643e-8         0.268463       0.256338
  45 │ grw_step_a2_carry_jump      L1/L2               (b) bivariate λ₃, means held                       710   2.96547   0.000306665   0.000148577  0.000468573  1.06137   9.00985e-6   -5.24414e-5    6.9862e-5    0.691225   2.81829e-6   -2.34623e-5    2.73623e-5         0.252542       0.256338
  46 │ grw_step_a2_carry_jump      L1/L2               (c) COM ν, means held                              710   2.96508  -8.61151e-5   -0.000807344  0.000629562  1.06137   1.0303e-5    -0.000133996   0.000159618  0.691237   1.46766e-5   -0.000117491   0.000151982        0.252666       0.256338
  47 │ grw_step_a2_carry_jump      L1/L2               (d) bivariate λ₃ + COM ν                           710   2.96508  -8.62189e-5   -0.000809494  0.000631495  1.06137   1.03362e-5   -0.000134375   0.00016008   0.691237   1.4722e-5    -0.00011782    0.000152416        0.252667       0.256338
  48 │ grw_step_a2_carry_jump      L1/L2               (m) market DC ρ = −0.04, fixed                     710   2.96377  -0.00139308   -0.00339076   0.000464611  1.06149   0.000132541  -0.00136874    0.00173271   0.691223   2.09132e-8   -4.38798e-9    5.19643e-8         0.261425       0.256338
  49 │ grw_step_a2_carry_jump      L1/L2               (m) market bivariate + COM (0.08, 1.08), fixed     710   2.97671   0.011547      0.00517168   0.0183077    1.06213   0.000773244  -0.00155373    0.00319284   0.69136    0.000137744  -0.000112837   0.000384543        0.263355       0.256338
  50 │ grw_step_a2_carry_jump      Prem/Champ monitor  Poisson (as fitted)                                751   2.92982   0.0           0.0          0.0          1.00392   0.0           0.0           0.0          0.708709   0.0           0.0           0.0                0.22784        0.26498
  51 │ grw_step_a2_carry_jump      Prem/Champ monitor  (a) Dixon–Coles ρ                                  751   2.92873  -0.00109264   -0.00618123   0.00415428   1.00093  -0.00298888   -0.00626586    9.26751e-6   0.70871    9.229e-7     -2.40098e-8    2.29959e-6         0.244351       0.26498
  52 │ grw_step_a2_carry_jump      Prem/Champ monitor  (b) bivariate λ₃, means held                       751   2.92957  -0.000249436  -0.00143721   0.000990198  1.00332  -0.000595387  -0.00108365   -0.000108189  0.708209  -0.000499905  -0.000768796  -0.000239891        0.230061       0.26498
  53 │ grw_step_a2_carry_jump      Prem/Champ monitor  (c) COM ν, means held                              751   2.93089   0.00106748   -0.00114536   0.00337236   1.00316  -0.000758625  -0.00135155   -0.00017188   0.710198   0.0014885     0.000848891   0.00216871         0.229221       0.26498
  54 │ grw_step_a2_carry_jump      Prem/Champ monitor  (d) bivariate λ₃ + COM ν                           751   2.93059   0.000773445  -0.00182866   0.00333933   1.00267  -0.00124471   -0.00218377   -0.000271777  0.709693   0.000983391   0.000569409   0.00141704         0.231138       0.26498
  55 │ grw_step_a2_carry_jump      Prem/Champ monitor  (m) market DC ρ = −0.04, fixed                     751   2.92871  -0.0011156    -0.00365526   0.00148825   1.00222  -0.0016936    -0.00333659   -0.000190161  0.70871    9.229e-7     -2.40098e-8    2.29959e-6         0.236019       0.26498
  56 │ grw_step_a2_carry_jump      Prem/Champ monitor  (m) market bivariate + COM (0.08, 1.08), fixed     751   2.93129   0.0014723    -0.00354556   0.0065998    1.0014   -0.00251626   -0.00467727   -0.000323614  0.708757   4.79867e-5   -0.000174481   0.000286221        0.236652       0.26498
26/27 order book: grw_spfl_joint reshaped with (b) bivariate λ₃, means held θ = 1.042817419982022e-5
52×11 DataFrame
 Row │ run                         source                   instant  family  shape                                           n_poisson  n_reshaped  dropped  added  d_clv_pp     d_ev2
     │ String                      String                   String   String  String                                          Int64      Int64       Int64    Int64  Float64      Float64
─────┼───────────────────────────────────────────────────────────────────────────────────────────────────────────────────────────────────────────────────────────────────────────────────────
   1 │ m12_td                      archive LTP              T−60     1X2     (b) bivariate λ₃, means held                          338         338        0      0   0.0          0.0
   2 │ m12_td                      archive LTP              T−60     OU2.5   (b) bivariate λ₃, means held                           77          77        0      0   0.0          0.0
   3 │ m12_td                      archive LTP              T−25     1X2     (b) bivariate λ₃, means held                          530         530        0      0   0.0          0.0
   4 │ m12_td                      archive LTP              T−25     OU2.5   (b) bivariate λ₃, means held                          133         133        0      0   0.0          0.0
   5 │ m12_td                      archive LTP              T−60     1X2     (m) market bivariate + COM (0.08, 1.08), fixed        338         358       13     33   0.0590902    0.191543
   6 │ m12_td                      archive LTP              T−60     OU2.5   (m) market bivariate + COM (0.08, 1.08), fixed         77          79        0      2   0.056056     0.107731
   7 │ m12_td                      archive LTP              T−25     1X2     (m) market bivariate + COM (0.08, 1.08), fixed        530         547       30     47   0.052125     0.194125
   8 │ m12_td                      archive LTP              T−25     OU2.5   (m) market bivariate + COM (0.08, 1.08), fixed        133         141        1      9   0.0511292    0.115261
   9 │ m05_joint_td                archive LTP              T−60     1X2     (b) bivariate λ₃, means held                          336         336        0      0   0.0          0.0
  10 │ m05_joint_td                archive LTP              T−60     OU2.5   (b) bivariate λ₃, means held                           73          73        0      0   0.0          0.0
  11 │ m05_joint_td                archive LTP              T−25     1X2     (b) bivariate λ₃, means held                          528         528        0      0   0.0          0.0
  12 │ m05_joint_td                archive LTP              T−25     OU2.5   (b) bivariate λ₃, means held                          133         133        0      0   0.0          0.0
  13 │ m05_joint_td                archive LTP              T−60     1X2     (m) market bivariate + COM (0.08, 1.08), fixed        336         349       19     32  -0.056212    -0.149027
  14 │ m05_joint_td                archive LTP              T−60     OU2.5   (m) market bivariate + COM (0.08, 1.08), fixed         73          75        1      3   0.0099853    0.0244587
  15 │ m05_joint_td                archive LTP              T−25     1X2     (m) market bivariate + COM (0.08, 1.08), fixed        528         542       30     44   0.0182161    0.0886624
  16 │ m05_joint_td                archive LTP              T−25     OU2.5   (m) market bivariate + COM (0.08, 1.08), fixed        133         137        4      8   0.0186834    0.0436431
  17 │ FLOOR s12_m01_td_poisson    archive LTP              T−60     1X2     (b) bivariate λ₃, means held                          323         323        0      0   0.0          0.0
  18 │ FLOOR s12_m01_td_poisson    archive LTP              T−60     OU2.5   (b) bivariate λ₃, means held                           66          66        0      0   0.0          0.0
  19 │ FLOOR s12_m01_td_poisson    archive LTP              T−25     1X2     (b) bivariate λ₃, means held                          544         544        0      0   0.0          0.0
  20 │ FLOOR s12_m01_td_poisson    archive LTP              T−25     OU2.5   (b) bivariate λ₃, means held                          129         129        0      0   0.0          0.0
  21 │ FLOOR s12_m01_td_poisson    archive LTP              T−60     1X2     (m) market bivariate + COM (0.08, 1.08), fixed        323         345       13     35   0.00354628  -0.0173065
  22 │ FLOOR s12_m01_td_poisson    archive LTP              T−60     OU2.5   (m) market bivariate + COM (0.08, 1.08), fixed         66          70        1      5   0.0640842    0.14417
  23 │ FLOOR s12_m01_td_poisson    archive LTP              T−25     1X2     (m) market bivariate + COM (0.08, 1.08), fixed        544         559       18     33   0.0161236    0.076872
  24 │ FLOOR s12_m01_td_poisson    archive LTP              T−25     OU2.5   (m) market bivariate + COM (0.08, 1.08), fixed        129         126        5      2   0.0147935    0.0327974
  25 │ grw_spfl_joint              archive LTP              T−60     1X2     (b) bivariate λ₃, means held                          322         322        0      0   0.0          0.0
  26 │ grw_spfl_joint              archive LTP              T−60     OU2.5   (b) bivariate λ₃, means held                           92          92        0      0   0.0          0.0
  27 │ grw_spfl_joint              archive LTP              T−25     1X2     (b) bivariate λ₃, means held                          528         528        0      0   0.0          0.0
  28 │ grw_spfl_joint              archive LTP              T−25     OU2.5   (b) bivariate λ₃, means held                          177         177        0      0   0.0          0.0
  29 │ grw_spfl_joint              archive LTP              T−60     1X2     (m) market bivariate + COM (0.08, 1.08), fixed        322         348       21     47  -0.0229944   -0.114728
  30 │ grw_spfl_joint              archive LTP              T−60     OU2.5   (m) market bivariate + COM (0.08, 1.08), fixed         92          91        1      0  -0.0189262   -0.0345189
  31 │ grw_spfl_joint              archive LTP              T−25     1X2     (m) market bivariate + COM (0.08, 1.08), fixed        528         577       33     82  -0.00803207  -0.0140558
  32 │ grw_spfl_joint              archive LTP              T−25     OU2.5   (m) market bivariate + COM (0.08, 1.08), fixed        177         178        0      1  -0.00615442  -0.0125454
  33 │ td_lower_a2full_carry_jump  archive LTP              T−60     1X2     (a) Dixon–Coles ρ                                     324         350       31     57  -0.0424093   -0.131524
  34 │ td_lower_a2full_carry_jump  archive LTP              T−60     OU2.5   (a) Dixon–Coles ρ                                      79          79        0      0   0.0          0.0
  35 │ td_lower_a2full_carry_jump  archive LTP              T−25     1X2     (a) Dixon–Coles ρ                                     533         558       53     78   0.04992      0.184207
  36 │ td_lower_a2full_carry_jump  archive LTP              T−25     OU2.5   (a) Dixon–Coles ρ                                     132         132        0      0   0.0          0.0
  37 │ td_lower_a2full_carry_jump  archive LTP              T−60     1X2     (m) market bivariate + COM (0.08, 1.08), fixed        324         336       27     39   0.0254638    0.0724392
  38 │ td_lower_a2full_carry_jump  archive LTP              T−60     OU2.5   (m) market bivariate + COM (0.08, 1.08), fixed         79          81        1      3  -0.00283184   0.00894197
  39 │ td_lower_a2full_carry_jump  archive LTP              T−25     1X2     (m) market bivariate + COM (0.08, 1.08), fixed        533         534       46     47   0.0523743    0.183801
  40 │ td_lower_a2full_carry_jump  archive LTP              T−25     OU2.5   (m) market bivariate + COM (0.08, 1.08), fixed        132         136        3      7  -0.00886833  -0.0109088
  41 │ grw_step_a2_carry_jump      archive LTP              T−60     1X2     (a) Dixon–Coles ρ                                     318         342       31     55  -0.0138655   -0.0985324
  42 │ grw_step_a2_carry_jump      archive LTP              T−60     OU2.5   (a) Dixon–Coles ρ                                     101         101        0      0   0.0          0.0
  43 │ grw_step_a2_carry_jump      archive LTP              T−25     1X2     (a) Dixon–Coles ρ                                     516         553       54     91   0.00499875   0.0290819
  44 │ grw_step_a2_carry_jump      archive LTP              T−25     OU2.5   (a) Dixon–Coles ρ                                     178         178        0      0   0.0          0.0
  45 │ grw_step_a2_carry_jump      archive LTP              T−60     1X2     (m) market bivariate + COM (0.08, 1.08), fixed        318         337       22     41  -0.0578419   -0.237149
  46 │ grw_step_a2_carry_jump      archive LTP              T−60     OU2.5   (m) market bivariate + COM (0.08, 1.08), fixed        101         100        1      0   0.00414214   0.00906221
  47 │ grw_step_a2_carry_jump      archive LTP              T−25     1X2     (m) market bivariate + COM (0.08, 1.08), fixed        516         538       39     61   0.0207462    0.0987138
  48 │ grw_step_a2_carry_jump      archive LTP              T−25     OU2.5   (m) market bivariate + COM (0.08, 1.08), fixed        178         174        4      0   0.022565     0.0445748
  49 │ grw_spfl_joint              26/27 order book (back)  T−60     1X2     (b) bivariate λ₃, means held                           62          62        0      0   0.0          0.0
  50 │ grw_spfl_joint              26/27 order book (back)  T−25     1X2     (b) bivariate λ₃, means held                           70          70        0      0   0.0          0.0
  51 │ grw_spfl_joint              26/27 order book (back)  T−60     1X2     (m) market bivariate + COM (0.08, 1.08), fixed         62          65        3      6   0.0793438    0.190487
  52 │ grw_spfl_joint              26/27 order book (back)  T−25     1X2     (m) market bivariate + COM (0.08, 1.08), fixed         70          75        4      9   0.0125087   -0.0381331
104×12 DataFrame
 Row │ run                         source                   instant  family  grid                                            n_bets  clv_pp      clv_lo       clv_hi      ev2        ev2_lo       ev2_hi
     │ String                      String                   String   String  String                                          Int64   Float64     Float64      Float64     Float64    Float64      Float64
─────┼───────────────────────────────────────────────────────────────────────────────────────────────────────────────────────────────────────────────────────────────────────────────────────────────────────
   1 │ m12_td                      archive LTP              T−60     1X2     Poisson                                            338   0.619694    0.272859     0.958643    1.12886   -0.348911     2.65213
   2 │ m12_td                      archive LTP              T−60     1X2     (b) bivariate λ₃, means held                       338   0.619694    0.272859     0.958643    1.12886   -0.348911     2.65213
   3 │ m12_td                      archive LTP              T−60     OU2.5   Poisson                                             77  -0.150097   -0.52598      0.204209   -1.3621    -2.18263     -0.548482
   4 │ m12_td                      archive LTP              T−60     OU2.5   (b) bivariate λ₃, means held                        77  -0.150097   -0.52598      0.204209   -1.3621    -2.18263     -0.548482
   5 │ m12_td                      archive LTP              T−25     1X2     Poisson                                            530   0.257403    0.102873     0.41673    -0.530395  -1.27273      0.14324
   6 │ m12_td                      archive LTP              T−25     1X2     (b) bivariate λ₃, means held                       530   0.257403    0.102873     0.41673    -0.530395  -1.27273      0.14324
   7 │ m12_td                      archive LTP              T−25     OU2.5   Poisson                                            133  -0.112591   -0.372663     0.145488   -1.32013   -1.90124     -0.726847
   8 │ m12_td                      archive LTP              T−25     OU2.5   (b) bivariate λ₃, means held                       133  -0.112591   -0.372663     0.145488   -1.32013   -1.90124     -0.726847
   9 │ m12_td                      archive LTP              T−60     1X2     Poisson                                            338   0.619694    0.272859     0.958643    1.12886   -0.348911     2.65213
  10 │ m12_td                      archive LTP              T−60     1X2     (m) market bivariate + COM (0.08, 1.08), fixed     358   0.678784    0.366839     0.990549    1.32041   -0.0421253    2.75289
  11 │ m12_td                      archive LTP              T−60     OU2.5   Poisson                                             77  -0.150097   -0.52598      0.204209   -1.3621    -2.18263     -0.548482
  12 │ m12_td                      archive LTP              T−60     OU2.5   (m) market bivariate + COM (0.08, 1.08), fixed      79  -0.0940409  -0.460348     0.249774   -1.25437   -2.04582     -0.494183
  13 │ m12_td                      archive LTP              T−25     1X2     Poisson                                            530   0.257403    0.102873     0.41673    -0.530395  -1.27273      0.14324
  14 │ m12_td                      archive LTP              T−25     1X2     (m) market bivariate + COM (0.08, 1.08), fixed     547   0.309528    0.155594     0.45682    -0.33627   -1.05016      0.334101
  15 │ m12_td                      archive LTP              T−25     OU2.5   Poisson                                            133  -0.112591   -0.372663     0.145488   -1.32013   -1.90124     -0.726847
  16 │ m12_td                      archive LTP              T−25     OU2.5   (m) market bivariate + COM (0.08, 1.08), fixed     141  -0.0614618  -0.308109     0.180926   -1.20487   -1.77385     -0.653279
  17 │ m05_joint_td                archive LTP              T−60     1X2     Poisson                                            336   0.719227    0.378637     1.05018     1.42074   -0.0496293    2.97246
  18 │ m05_joint_td                archive LTP              T−60     1X2     (b) bivariate λ₃, means held                       336   0.719227    0.378637     1.05018     1.42074   -0.0496293    2.97246
  19 │ m05_joint_td                archive LTP              T−60     OU2.5   Poisson                                             73  -0.227979   -0.630577     0.141566   -1.50613   -2.39903     -0.68345
  20 │ m05_joint_td                archive LTP              T−60     OU2.5   (b) bivariate λ₃, means held                        73  -0.227979   -0.630577     0.141566   -1.50613   -2.39903     -0.68345
  21 │ m05_joint_td                archive LTP              T−25     1X2     Poisson                                            528   0.252553    0.105073     0.408858   -0.547509  -1.23706      0.176548
  22 │ m05_joint_td                archive LTP              T−25     1X2     (b) bivariate λ₃, means held                       528   0.252553    0.105073     0.408858   -0.547509  -1.23706      0.176548
  23 │ m05_joint_td                archive LTP              T−25     OU2.5   Poisson                                            133  -0.0584845  -0.333139     0.19512    -1.17749   -1.80297     -0.586881
  24 │ m05_joint_td                archive LTP              T−25     OU2.5   (b) bivariate λ₃, means held                       133  -0.0584845  -0.333139     0.19512    -1.17749   -1.80297     -0.586881
  25 │ m05_joint_td                archive LTP              T−60     1X2     Poisson                                            336   0.719227    0.378637     1.05018     1.42074   -0.0496293    2.97246
  26 │ m05_joint_td                archive LTP              T−60     1X2     (m) market bivariate + COM (0.08, 1.08), fixed     349   0.663015    0.327774     0.984767    1.27171   -0.175137     2.75215
  27 │ m05_joint_td                archive LTP              T−60     OU2.5   Poisson                                             73  -0.227979   -0.630577     0.141566   -1.50613   -2.39903     -0.68345
  28 │ m05_joint_td                archive LTP              T−60     OU2.5   (m) market bivariate + COM (0.08, 1.08), fixed      75  -0.217994   -0.61978      0.151647   -1.48167   -2.33245     -0.643855
  29 │ m05_joint_td                archive LTP              T−25     1X2     Poisson                                            528   0.252553    0.105073     0.408858   -0.547509  -1.23706      0.176548
  30 │ m05_joint_td                archive LTP              T−25     1X2     (m) market bivariate + COM (0.08, 1.08), fixed     542   0.27077     0.111363     0.427098   -0.458846  -1.1861       0.269233
  31 │ m05_joint_td                archive LTP              T−25     OU2.5   Poisson                                            133  -0.0584845  -0.333139     0.19512    -1.17749   -1.80297     -0.586881
  32 │ m05_joint_td                archive LTP              T−25     OU2.5   (m) market bivariate + COM (0.08, 1.08), fixed     137  -0.0398011  -0.314416     0.223152   -1.13385   -1.75291     -0.544045
  33 │ FLOOR s12_m01_td_poisson    archive LTP              T−60     1X2     Poisson                                            323   0.360822    0.017987     0.685209    0.382958  -1.10208      1.90287
  34 │ FLOOR s12_m01_td_poisson    archive LTP              T−60     1X2     (b) bivariate λ₃, means held                       323   0.360822    0.017987     0.685209    0.382958  -1.10208      1.90287
  35 │ FLOOR s12_m01_td_poisson    archive LTP              T−60     OU2.5   Poisson                                             66  -0.152645   -0.561905     0.216668   -1.38132   -2.30977     -0.52618
  36 │ FLOOR s12_m01_td_poisson    archive LTP              T−60     OU2.5   (b) bivariate λ₃, means held                        66  -0.152645   -0.561905     0.216668   -1.38132   -2.30977     -0.52618
  37 │ FLOOR s12_m01_td_poisson    archive LTP              T−25     1X2     Poisson                                            544   0.155562    0.00403404   0.311597   -0.837014  -1.55925     -0.123981
  38 │ FLOOR s12_m01_td_poisson    archive LTP              T−25     1X2     (b) bivariate λ₃, means held                       544   0.155562    0.00403404   0.311597   -0.837014  -1.55925     -0.123981
  39 │ FLOOR s12_m01_td_poisson    archive LTP              T−25     OU2.5   Poisson                                            129  -0.0918851  -0.333952     0.141206   -1.29911   -1.89342     -0.746252
  40 │ FLOOR s12_m01_td_poisson    archive LTP              T−25     OU2.5   (b) bivariate λ₃, means held                       129  -0.0918851  -0.333952     0.141206   -1.29911   -1.89342     -0.746252
  41 │ FLOOR s12_m01_td_poisson    archive LTP              T−60     1X2     Poisson                                            323   0.360822    0.017987     0.685209    0.382958  -1.10208      1.90287
  42 │ FLOOR s12_m01_td_poisson    archive LTP              T−60     1X2     (m) market bivariate + COM (0.08, 1.08), fixed     345   0.364369    0.0113229    0.710996    0.365651  -1.17313      2.0357
  43 │ FLOOR s12_m01_td_poisson    archive LTP              T−60     OU2.5   Poisson                                             66  -0.152645   -0.561905     0.216668   -1.38132   -2.30977     -0.52618
  44 │ FLOOR s12_m01_td_poisson    archive LTP              T−60     OU2.5   (m) market bivariate + COM (0.08, 1.08), fixed      70  -0.0885607  -0.466841     0.276064   -1.23715   -2.07578     -0.412007
  45 │ FLOOR s12_m01_td_poisson    archive LTP              T−25     1X2     Poisson                                            544   0.155562    0.00403404   0.311597   -0.837014  -1.55925     -0.123981
  46 │ FLOOR s12_m01_td_poisson    archive LTP              T−25     1X2     (m) market bivariate + COM (0.08, 1.08), fixed     559   0.171685    0.0312496    0.327559   -0.760142  -1.44672     -0.0750084
  47 │ FLOOR s12_m01_td_poisson    archive LTP              T−25     OU2.5   Poisson                                            129  -0.0918851  -0.333952     0.141206   -1.29911   -1.89342     -0.746252
  48 │ FLOOR s12_m01_td_poisson    archive LTP              T−25     OU2.5   (m) market bivariate + COM (0.08, 1.08), fixed     126  -0.0770916  -0.340173     0.171809   -1.26631   -1.88555     -0.672733
  49 │ grw_spfl_joint              archive LTP              T−60     1X2     Poisson                                            322   0.366274    0.0727419    0.648526    0.550651  -0.731765     1.92505
  50 │ grw_spfl_joint              archive LTP              T−60     1X2     (b) bivariate λ₃, means held                       322   0.366274    0.0727419    0.648526    0.550651  -0.731765     1.92505
  51 │ grw_spfl_joint              archive LTP              T−60     OU2.5   Poisson                                             92  -0.118951   -0.421289     0.191439   -1.24379   -1.91402     -0.588369
  52 │ grw_spfl_joint              archive LTP              T−60     OU2.5   (b) bivariate λ₃, means held                        92  -0.118951   -0.421289     0.191439   -1.24379   -1.91402     -0.588369
  53 │ grw_spfl_joint              archive LTP              T−25     1X2     Poisson                                            528   0.258209    0.0988859    0.415361   -0.456865  -1.16041      0.218291
  54 │ grw_spfl_joint              archive LTP              T−25     1X2     (b) bivariate λ₃, means held                       528   0.258209    0.0988859    0.415361   -0.456865  -1.16041      0.218291
  55 │ grw_spfl_joint              archive LTP              T−25     OU2.5   Poisson                                            177  -0.0666563  -0.311417     0.186314   -1.16542   -1.70251     -0.601281
  56 │ grw_spfl_joint              archive LTP              T−25     OU2.5   (b) bivariate λ₃, means held                       177  -0.0666563  -0.311417     0.186314   -1.16542   -1.70251     -0.601281
  57 │ grw_spfl_joint              archive LTP              T−60     1X2     Poisson                                            322   0.366274    0.0727419    0.648526    0.550651  -0.731765     1.92505
  58 │ grw_spfl_joint              archive LTP              T−60     1X2     (m) market bivariate + COM (0.08, 1.08), fixed     348   0.34328     0.0612324    0.608145    0.435924  -0.786127     1.73528
  59 │ grw_spfl_joint              archive LTP              T−60     OU2.5   Poisson                                             92  -0.118951   -0.421289     0.191439   -1.24379   -1.91402     -0.588369
  60 │ grw_spfl_joint              archive LTP              T−60     OU2.5   (m) market bivariate + COM (0.08, 1.08), fixed      91  -0.137877   -0.441743     0.172271   -1.27831   -1.9458      -0.61344
  61 │ grw_spfl_joint              archive LTP              T−25     1X2     Poisson                                            528   0.258209    0.0988859    0.415361   -0.456865  -1.16041      0.218291
  62 │ grw_spfl_joint              archive LTP              T−25     1X2     (m) market bivariate + COM (0.08, 1.08), fixed     577   0.250177    0.0992946    0.393709   -0.470921  -1.14493      0.155813
  63 │ grw_spfl_joint              archive LTP              T−25     OU2.5   Poisson                                            177  -0.0666563  -0.311417     0.186314   -1.16542   -1.70251     -0.601281
  64 │ grw_spfl_joint              archive LTP              T−25     OU2.5   (m) market bivariate + COM (0.08, 1.08), fixed     178  -0.0728108  -0.3159       0.178667   -1.17797   -1.70822     -0.619668
  65 │ td_lower_a2full_carry_jump  archive LTP              T−60     1X2     Poisson                                            324   0.692085    0.352966     1.00179     1.37082   -0.150945     2.87309
  66 │ td_lower_a2full_carry_jump  archive LTP              T−60     1X2     (a) Dixon–Coles ρ                                  350   0.649676    0.349597     0.934292    1.2393    -0.129984     2.62487
  67 │ td_lower_a2full_carry_jump  archive LTP              T−60     OU2.5   Poisson                                             79  -0.0742702  -0.439844     0.256588   -1.21258   -1.99848     -0.497324
  68 │ td_lower_a2full_carry_jump  archive LTP              T−60     OU2.5   (a) Dixon–Coles ρ                                   79  -0.0742702  -0.439844     0.256588   -1.21258   -1.99848     -0.497324
  69 │ td_lower_a2full_carry_jump  archive LTP              T−25     1X2     Poisson                                            533   0.255235    0.0905656    0.42469    -0.546091  -1.26408      0.173325
  70 │ td_lower_a2full_carry_jump  archive LTP              T−25     1X2     (a) Dixon–Coles ρ                                  558   0.305155    0.15316      0.456255   -0.361884  -1.04462      0.315385
  71 │ td_lower_a2full_carry_jump  archive LTP              T−25     OU2.5   Poisson                                            132  -0.0142747  -0.294407     0.243465   -1.09804   -1.71379     -0.507698
  72 │ td_lower_a2full_carry_jump  archive LTP              T−25     OU2.5   (a) Dixon–Coles ρ                                  132  -0.0142747  -0.294407     0.243465   -1.09804   -1.71379     -0.507698
  73 │ td_lower_a2full_carry_jump  archive LTP              T−60     1X2     Poisson                                            324   0.692085    0.352966     1.00179     1.37082   -0.150945     2.87309
  74 │ td_lower_a2full_carry_jump  archive LTP              T−60     1X2     (m) market bivariate + COM (0.08, 1.08), fixed     336   0.717549    0.397813     1.03836     1.44326    0.00195319   2.94104
  75 │ td_lower_a2full_carry_jump  archive LTP              T−60     OU2.5   Poisson                                             79  -0.0742702  -0.439844     0.256588   -1.21258   -1.99848     -0.497324
  76 │ td_lower_a2full_carry_jump  archive LTP              T−60     OU2.5   (m) market bivariate + COM (0.08, 1.08), fixed      81  -0.0771021  -0.446073     0.251572   -1.20364   -1.99665     -0.489838
  77 │ td_lower_a2full_carry_jump  archive LTP              T−25     1X2     Poisson                                            533   0.255235    0.0905656    0.42469    -0.546091  -1.26408      0.173325
  78 │ td_lower_a2full_carry_jump  archive LTP              T−25     1X2     (m) market bivariate + COM (0.08, 1.08), fixed     534   0.307609    0.146736     0.46311    -0.36229   -1.09681      0.342445
  79 │ td_lower_a2full_carry_jump  archive LTP              T−25     OU2.5   Poisson                                            132  -0.0142747  -0.294407     0.243465   -1.09804   -1.71379     -0.507698
  80 │ td_lower_a2full_carry_jump  archive LTP              T−25     OU2.5   (m) market bivariate + COM (0.08, 1.08), fixed     136  -0.0231431  -0.295192     0.229881   -1.10895   -1.73379     -0.544168
  81 │ grw_step_a2_carry_jump      archive LTP              T−60     1X2     Poisson                                            318   0.5327      0.219613     0.842872    0.961741  -0.382928     2.34273
  82 │ grw_step_a2_carry_jump      archive LTP              T−60     1X2     (a) Dixon–Coles ρ                                  342   0.518835    0.220689     0.788721    0.863209  -0.479639     2.21684
  83 │ grw_step_a2_carry_jump      archive LTP              T−60     OU2.5   Poisson                                            101   0.0759844  -0.237943     0.390884   -0.828453  -1.49304     -0.191782
  84 │ grw_step_a2_carry_jump      archive LTP              T−60     OU2.5   (a) Dixon–Coles ρ                                  101   0.0759844  -0.237943     0.390884   -0.828453  -1.49304     -0.191782
  85 │ grw_step_a2_carry_jump      archive LTP              T−25     1X2     Poisson                                            516   0.214815    0.0376048    0.377972   -0.604     -1.33458      0.103685
  86 │ grw_step_a2_carry_jump      archive LTP              T−25     1X2     (a) Dixon–Coles ρ                                  553   0.219814    0.0685434    0.367697   -0.574918  -1.24887      0.0612795
  87 │ grw_step_a2_carry_jump      archive LTP              T−25     OU2.5   Poisson                                            178   0.0472159  -0.165203     0.245101   -0.905934  -1.35496     -0.465861
  88 │ grw_step_a2_carry_jump      archive LTP              T−25     OU2.5   (a) Dixon–Coles ρ                                  178   0.0472159  -0.165203     0.245101   -0.905934  -1.35496     -0.465861
  89 │ grw_step_a2_carry_jump      archive LTP              T−60     1X2     Poisson                                            318   0.5327      0.219613     0.842872    0.961741  -0.382928     2.34273
  90 │ grw_step_a2_carry_jump      archive LTP              T−60     1X2     (m) market bivariate + COM (0.08, 1.08), fixed     337   0.474858    0.16661      0.771839    0.724592  -0.634113     2.10045
  91 │ grw_step_a2_carry_jump      archive LTP              T−60     OU2.5   Poisson                                            101   0.0759844  -0.237943     0.390884   -0.828453  -1.49304     -0.191782
  92 │ grw_step_a2_carry_jump      archive LTP              T−60     OU2.5   (m) market bivariate + COM (0.08, 1.08), fixed     100   0.0801265  -0.236061     0.396312   -0.81939   -1.49164     -0.17754
  93 │ grw_step_a2_carry_jump      archive LTP              T−25     1X2     Poisson                                            516   0.214815    0.0376048    0.377972   -0.604     -1.33458      0.103685
  94 │ grw_step_a2_carry_jump      archive LTP              T−25     1X2     (m) market bivariate + COM (0.08, 1.08), fixed     538   0.235562    0.066567     0.391798   -0.505286  -1.22598      0.17744
  95 │ grw_step_a2_carry_jump      archive LTP              T−25     OU2.5   Poisson                                            178   0.0472159  -0.165203     0.245101   -0.905934  -1.35496     -0.465861
  96 │ grw_step_a2_carry_jump      archive LTP              T−25     OU2.5   (m) market bivariate + COM (0.08, 1.08), fixed     174   0.0697809  -0.152009     0.28104    -0.861359  -1.32655     -0.397018
  97 │ grw_spfl_joint              26/27 order book (back)  T−60     1X2     Poisson                                             62  -0.657613   -1.2629      -0.12134    -1.18567   -4.94749      1.3487
  98 │ grw_spfl_joint              26/27 order book (back)  T−60     1X2     (b) bivariate λ₃, means held                        62  -0.657613   -1.2629      -0.12134    -1.18567   -4.94749      1.3487
  99 │ grw_spfl_joint              26/27 order book (back)  T−25     1X2     Poisson                                             70  -0.598155   -0.912509    -0.192635   -3.00237   -4.35763     -1.18479
 100 │ grw_spfl_joint              26/27 order book (back)  T−25     1X2     (b) bivariate λ₃, means held                        70  -0.598155   -0.912509    -0.192635   -3.00237   -4.35763     -1.18479
 101 │ grw_spfl_joint              26/27 order book (back)  T−60     1X2     Poisson                                             62  -0.657613   -1.2629      -0.12134    -1.18567   -4.94749      1.3487
 102 │ grw_spfl_joint              26/27 order book (back)  T−60     1X2     (m) market bivariate + COM (0.08, 1.08), fixed      65  -0.578269   -1.20924     -0.0692505  -0.995184  -5.00809      1.92422
 103 │ grw_spfl_joint              26/27 order book (back)  T−25     1X2     Poisson                                             70  -0.598155   -0.912509    -0.192635   -3.00237   -4.35763     -1.18479
 104 │ grw_spfl_joint              26/27 order book (back)  T−25     1X2     (m) market bivariate + COM (0.08, 1.08), fixed      75  -0.585646   -0.911424    -0.202663   -3.04051   -4.44129     -1.3867
DONE r08_score_grid 2026-09-28T23:14:56.098
