[ Info: Loading DataStore for MarketModelEnglish from local cache (Age: 0.1 hours)...
[ Info: Loading DataStore for ScottishLower from local cache (Age: 0.1 hours)...
[ Info: Loading DataStore for ScottishUpper from local cache (Age: 0.1 hours)...
sco_league_one: accepted=835 joined=809 loss=3.11%
sco_league_two: accepted=693 joined=647 loss=6.64%
sco_premiership: accepted=956 joined=955 loss=0.1%
sco_championship: accepted=477 joined=477 loss=0.0%
eng_premier: accepted=1507 joined=1507 loss=0.0%
eng_championship: accepted=2194 joined=2194 loss=0.0%
eng_league_one: accepted=2183 joined=2181 loss=0.09%
eng_league_two: accepted=2173 joined=2173 loss=0.0%
[ Info: Loading DataStore for MarketModelEnglish from local cache (Age: 0.1 hours)...
[ Info: Loading DataStore for ScottishLower from local cache (Age: 0.1 hours)...
[ Info: Loading DataStore for ScottishUpper from local cache (Age: 0.1 hours)...
ANALYZED sco_league_one n=809 absorbed rank=1456
ANALYZED sco_league_two n=647 absorbed rank=1206
ANALYZED sco_premiership n=955 absorbed rank=1686
ANALYZED sco_championship n=477 absorbed rank=890
ANALYZED eng_premier n=1507 absorbed rank=1778
ANALYZED eng_championship n=2194 absorbed rank=2744
ANALYZED eng_league_one n=2181 absorbed rank=2994
ANALYZED eng_league_two n=2173 absorbed rank=3046
@@JLDONE 013213-31593 ok
jl: job 013213-31593 ok
