try include("experiments/scotland/06_qs_joint_and_market_observation/r06
julia> 
try include("experiments/scotland/06_qs_joint_and_market_observation/r06_




julia> 
try include("experiments/scotland/06_qs_joint_and_market_observation/r06_i


julia> 
try include("experiments/scotland/06_qs_joint_and_market_observation/r06_in


julia> 
try include("experiments/scotland/06_qs_joint_and_market_observation/r06_int


julia> 
try include("experiments/scotland/06_qs_joint_and_market_observation/r06_inte


julia> 
try include("experiments/scotland/06_qs_joint_and_market_observation/r06_inter


julia> 
try include("experiments/scotland/06_qs_joint_and_market_observation/r06_interv


julia> 
try include("experiments/scotland/06_qs_joint_and_market_observation/r06_interva


julia> 
try include("experiments/scotland/06_qs_joint_and_market_observation/r06_interval


julia> 
try include("experiments/scotland/06_qs_joint_and_market_observation/r06_interval_


julia> 
try include("experiments/scotland/06_qs_joint_and_market_observation/r06_interval_a


julia> 
try include("experiments/scotland/06_qs_joint_and_market_observation/r06_interval_au


julia> 
try include("experiments/scotland/06_qs_joint_and_market_observation/r06_interval_aud


julia> 
try include("experiments/scotland/06_qs_joint_and_market_observation/r06_interval_audi


julia> 
try include("experiments/scotland/06_qs_joint_and_market_observation/r06_interval_audit


julia> 
try include("experiments/scotland/06_qs_joint_and_market_observation/r06_interval_audit.


julia> 
try include("experiments/scotland/06_qs_joint_and_market_observation/r06_interval_audit.j


julia> 
try include("experiments/scotland/06_qs_joint_and_market_observation/r06_interval_audit.jl


julia> 
try include("experiments/scotland/06_qs_joint_and_market_observation/r06_interval_audit.jl"


julia> 
try include("experiments/scotland/06_qs_joint_and_market_observation/r06_interval_audit.jl")


julia> 
try include("experiments/scotland/06_qs_joint_and_market_observation/r06_interval_audit.jl");


julia> 
try include("experiments/scotland/06_qs_joint_and_market_observation/r06_interval_audit.jl"); 


julia> 
try include("experiments/scotland/06_qs_joint_and_market_observation/r06_interval_audit.jl"); w


julia> 
try include("experiments/scotland/06_qs_joint_and_market_observation/r06_interval_audit.jl"); wr


julia> 
try include("experiments/scotland/06_qs_joint_and_market_observation/r06_interval_audit.jl"); wri


julia> 
try include("experiments/scotland/06_qs_joint_and_market_observation/r06_interval_audit.jl"); writ


julia> 
try include("experiments/scotland/06_qs_joint_and_market_observation/r06_interval_audit.jl"); write


julia> 
try include("experiments/scotland/06_qs_joint_and_market_observation/r06_interval_audit.jl"); write(


julia> 
try include("experiments/scotland/06_qs_joint_and_market_observation/r06_interval_audit.jl"); write("


julia> 
try include("experiments/scotland/06_qs_joint_and_market_observation/r06_interval_audit.jl"); write("/


julia> 
try include("experiments/scotland/06_qs_joint_and_market_observation/r06_interval_audit.jl"); write("/r


julia> 
try include("experiments/scotland/06_qs_joint_and_market_observation/r06_interval_audit.jl"); write("/ro


julia> 
try include("experiments/scotland/06_qs_joint_and_market_observation/r06_interval_audit.jl"); write("/roo


julia> 
try include("experiments/scotland/06_qs_joint_and_market_observation/r06_interval_audit.jl"); write("/root


julia> 
try include("experiments/scotland/06_qs_joint_and_market_observation/r06_interval_audit.jl"); write("/root/


julia> 
try include("experiments/scotland/06_qs_joint_and_market_observation/r06_interval_audit.jl"); write("/root/B


julia> 
try include("experiments/scotland/06_qs_joint_and_market_observation/r06_interval_audit.jl"); write("/root/BF


julia> 
try include("experiments/scotland/06_qs_joint_and_market_observation/r06_interval_audit.jl"); write("/root/BF_


julia> 
try include("experiments/scotland/06_qs_joint_and_market_observation/r06_interval_audit.jl"); write("/root/BF_r


julia> 
try include("experiments/scotland/06_qs_joint_and_market_observation/r06_interval_audit.jl"); write("/root/BF_ru


julia> 
try include("experiments/scotland/06_qs_joint_and_market_observation/r06_interval_audit.jl"); write("/root/BF_run


julia> 
try include("experiments/scotland/06_qs_joint_and_market_observation/r06_interval_audit.jl"); write("/root/BF_runs


julia> 
try include("experiments/scotland/06_qs_joint_and_market_observation/r06_interval_audit.jl"); write("/root/BF_runs/


julia> 
try include("experiments/scotland/06_qs_joint_and_market_observation/r06_interval_audit.jl"); write("/root/BF_runs/l


julia> 
try include("experiments/scotland/06_qs_joint_and_market_observation/r06_interval_audit.jl"); write("/root/BF_runs/lo


julia> 
try include("experiments/scotland/06_qs_joint_and_market_observation/r06_interval_audit.jl"); write("/root/BF_runs/log


julia> 
try include("experiments/scotland/06_qs_joint_and_market_observation/r06_interval_audit.jl"); write("/root/BF_runs/logs


julia> 
try include("experiments/scotland/06_qs_joint_and_market_observation/r06_interval_audit.jl"); write("/root/BF_runs/logs/


julia> 
try include("experiments/scotland/06_qs_joint_and_market_observation/r06_interval_audit.jl"); write("/root/BF_runs/logs/q


julia> 
try include("experiments/scotland/06_qs_joint_and_market_observation/r06_interval_audit.jl"); write("/root/BF_runs/logs/qs


julia> 
try include("experiments/scotland/06_qs_joint_and_market_observation/r06_interval_audit.jl"); write("/root/BF_runs/logs/qs_


julia> 
try include("experiments/scotland/06_qs_joint_and_market_observation/r06_interval_audit.jl"); write("/root/BF_runs/logs/qs_e


julia> 
try include("experiments/scotland/06_qs_joint_and_market_observation/r06_interval_audit.jl"); write("/root/BF_runs/logs/qs_ex


julia> 
try include("experiments/scotland/06_qs_joint_and_market_observation/r06_interval_audit.jl"); write("/root/BF_runs/logs/qs_exp


julia> 
try include("experiments/scotland/06_qs_joint_and_market_observation/r06_interval_audit.jl"); write("/root/BF_runs/logs/qs_expe


julia> 
try include("experiments/scotland/06_qs_joint_and_market_observation/r06_interval_audit.jl"); write("/root/BF_runs/logs/qs_exper


julia> 
try include("experiments/scotland/06_qs_joint_and_market_observation/r06_interval_audit.jl"); write("/root/BF_runs/logs/qs_experi


julia> 
try include("experiments/scotland/06_qs_joint_and_market_observation/r06_interval_audit.jl"); write("/root/BF_runs/logs/qs_experim


julia> 
try include("experiments/scotland/06_qs_joint_and_market_observation/r06_interval_audit.jl"); write("/root/BF_runs/logs/qs_experime


julia> 
try include("experiments/scotland/06_qs_joint_and_market_observation/r06_interval_audit.jl"); write("/root/BF_runs/logs/qs_experimen


julia> 
try include("experiments/scotland/06_qs_joint_and_market_observation/r06_interval_audit.jl"); write("/root/BF_runs/logs/qs_experiment


julia> 
try include("experiments/scotland/06_qs_joint_and_market_observation/r06_interval_audit.jl"); write("/root/BF_runs/logs/qs_experiment_


julia> 
try include("experiments/scotland/06_qs_joint_and_market_observation/r06_interval_audit.jl"); write("/root/BF_runs/logs/qs_experiment_w


julia> 
try include("experiments/scotland/06_qs_joint_and_market_observation/r06_interval_audit.jl"); write("/root/BF_runs/logs/qs_experiment_w2


julia> 
try include("experiments/scotland/06_qs_joint_and_market_observation/r06_interval_audit.jl"); write("/root/BF_runs/logs/qs_experiment_w2/


julia> 
try include("experiments/scotland/06_qs_joint_and_market_observation/r06_interval_audit.jl"); write("/root/BF_runs/logs/qs_experiment_w2/p


julia> 
try include("experiments/scotland/06_qs_joint_and_market_observation/r06_interval_audit.jl"); write("/root/BF_runs/logs/qs_experiment_w2/ph


julia> 
try include("experiments/scotland/06_qs_joint_and_market_observation/r06_interval_audit.jl"); write("/root/BF_runs/logs/qs_experiment_w2/pha


julia> 
try include("experiments/scotland/06_qs_joint_and_market_observation/r06_interval_audit.jl"); write("/root/BF_runs/logs/qs_experiment_w2/phas


julia> 
try include("experiments/scotland/06_qs_joint_and_market_observation/r06_interval_audit.jl"); write("/root/BF_runs/logs/qs_experiment_w2/phase


julia> 
try include("experiments/scotland/06_qs_joint_and_market_observation/r06_interval_audit.jl"); write("/root/BF_runs/logs/qs_experiment_w2/phase4


julia> 
try include("experiments/scotland/06_qs_joint_and_market_observation/r06_interval_audit.jl"); write("/root/BF_runs/logs/qs_experiment_w2/phase4_


julia> 
try include("experiments/scotland/06_qs_joint_and_market_observation/r06_interval_audit.jl"); write("/root/BF_runs/logs/qs_experiment_w2/phase4_i


julia> 
try include("experiments/scotland/06_qs_joint_and_market_observation/r06_interval_audit.jl"); write("/root/BF_runs/logs/qs_experiment_w2/phase4_in


julia> 
try include("experiments/scotland/06_qs_joint_and_market_observation/r06_interval_audit.jl"); write("/root/BF_runs/logs/qs_experiment_w2/phase4_int


julia> 
try include("experiments/scotland/06_qs_joint_and_market_observation/r06_interval_audit.jl"); write("/root/BF_runs/logs/qs_experiment_w2/phase4_inte


julia> 
try include("experiments/scotland/06_qs_joint_and_market_observation/r06_interval_audit.jl"); write("/root/BF_runs/logs/qs_experiment_w2/phase4_inter


julia> 
try include("experiments/scotland/06_qs_joint_and_market_observation/r06_interval_audit.jl"); write("/root/BF_runs/logs/qs_experiment_w2/phase4_interv


julia> 
try include("experiments/scotland/06_qs_joint_and_market_observation/r06_interval_audit.jl"); write("/root/BF_runs/logs/qs_experiment_w2/phase4_interva


julia> 
try include("experiments/scotland/06_qs_joint_and_market_observation/r06_interval_audit.jl"); write("/root/BF_runs/logs/qs_experiment_w2/phase4_interval


julia> 
try include("experiments/scotland/06_qs_joint_and_market_observation/r06_interval_audit.jl"); write("/root/BF_runs/logs/qs_experiment_w2/phase4_interval.





julia> 
try include("experiments/scotland/06_qs_joint_and_market_observation/r06_interval_audit.jl"); write("/root/BF_runs/logs/qs_experiment_w2/phase4_interval.s



julia> 
try include("experiments/scotland/06_qs_joint_and_market_observation/r06_interval_audit.jl"); write("/root/BF_runs/logs/qs_experiment_w2/phase4_interval.st



julia> 
try include("experiments/scotland/06_qs_joint_and_market_observation/r06_interval_audit.jl"); write("/root/BF_runs/logs/qs_experiment_w2/phase4_interval.sta



julia> 
try include("experiments/scotland/06_qs_joint_and_market_observation/r06_interval_audit.jl"); write("/root/BF_runs/logs/qs_experiment_w2/phase4_interval.stat



julia> 
try include("experiments/scotland/06_qs_joint_and_market_observation/r06_interval_audit.jl"); write("/root/BF_runs/logs/qs_experiment_w2/phase4_interval.statu



julia> 
try include("experiments/scotland/06_qs_joint_and_market_observation/r06_interval_audit.jl"); write("/root/BF_runs/logs/qs_experiment_w2/phase4_interval.status



julia> 
try include("experiments/scotland/06_qs_joint_and_market_observation/r06_interval_audit.jl"); write("/root/BF_runs/logs/qs_experiment_w2/phase4_interval.status"



julia> 
try include("experiments/scotland/06_qs_joint_and_market_observation/r06_interval_audit.jl"); write("/root/BF_runs/logs/qs_experiment_w2/phase4_interval.status",



julia> 
try include("experiments/scotland/06_qs_joint_and_market_observation/r06_interval_audit.jl"); write("/root/BF_runs/logs/qs_experiment_w2/phase4_interval.status", 



julia> 
try include("experiments/scotland/06_qs_joint_and_market_observation/r06_interval_audit.jl"); write("/root/BF_runs/logs/qs_experiment_w2/phase4_interval.status", "



julia> 
try include("experiments/scotland/06_qs_joint_and_market_observation/r06_interval_audit.jl"); write("/root/BF_runs/logs/qs_experiment_w2/phase4_interval.status", "P



julia> 
try include("experiments/scotland/06_qs_joint_and_market_observation/r06_interval_audit.jl"); write("/root/BF_runs/logs/qs_experiment_w2/phase4_interval.status", "PA



julia> 
try include("experiments/scotland/06_qs_joint_and_market_observation/r06_interval_audit.jl"); write("/root/BF_runs/logs/qs_experiment_w2/phase4_interval.status", "PAS



julia> 
try include("experiments/scotland/06_qs_joint_and_market_observation/r06_interval_audit.jl"); write("/root/BF_runs/logs/qs_experiment_w2/phase4_interval.status", "PASS



julia> 
try include("experiments/scotland/06_qs_joint_and_market_observation/r06_interval_audit.jl"); write("/root/BF_runs/logs/qs_experiment_w2/phase4_interval.status", "PASS"



julia> 
try include("experiments/scotland/06_qs_joint_and_market_observation/r06_interval_audit.jl"); write("/root/BF_runs/logs/qs_experiment_w2/phase4_interval.status", "PASS")



julia> 
try include("experiments/scotland/06_qs_joint_and_market_observation/r06_interval_audit.jl"); write("/root/BF_runs/logs/qs_experiment_w2/phase4_interval.status", "PASS") 



julia> 
try include("experiments/scotland/06_qs_joint_and_market_observation/r06_interval_audit.jl"); write("/root/BF_runs/logs/qs_experiment_w2/phase4_interval.status", "PASS") c



julia> 
try include("experiments/scotland/06_qs_joint_and_market_observation/r06_interval_audit.jl"); write("/root/BF_runs/logs/qs_experiment_w2/phase4_interval.status", "PASS") ca



julia> 
try include("experiments/scotland/06_qs_joint_and_market_observation/r06_interval_audit.jl"); write("/root/BF_runs/logs/qs_experiment_w2/phase4_interval.status", "PASS") cat



julia> 
try include("experiments/scotland/06_qs_joint_and_market_observation/r06_interval_audit.jl"); write("/root/BF_runs/logs/qs_experiment_w2/phase4_interval.status", "PASS") catc



julia> 
try include("experiments/scotland/06_qs_joint_and_market_observation/r06_interval_audit.jl"); write("/root/BF_runs/logs/qs_experiment_w2/phase4_interval.status", "PASS") catch



julia> 
try include("experiments/scotland/06_qs_joint_and_market_observation/r06_interval_audit.jl"); write("/root/BF_runs/logs/qs_experiment_w2/phase4_interval.status", "PASS") catch 



julia> 
try include("experiments/scotland/06_qs_joint_and_market_observation/r06_interval_audit.jl"); write("/root/BF_runs/logs/qs_experiment_w2/phase4_interval.status", "PASS") catch e



julia> 
try include("experiments/scotland/06_qs_joint_and_market_observation/r06_interval_audit.jl"); write("/root/BF_runs/logs/qs_experiment_w2/phase4_interval.status", "PASS") catch er



julia> 
try include("experiments/scotland/06_qs_joint_and_market_observation/r06_interval_audit.jl"); write("/root/BF_runs/logs/qs_experiment_w2/phase4_interval.status", "PASS") catch err



julia> 
try include("experiments/scotland/06_qs_joint_and_market_observation/r06_interval_audit.jl"); write("/root/BF_runs/logs/qs_experiment_w2/phase4_interval.status", "PASS") catch err;



julia> 
try include("experiments/scotland/06_qs_joint_and_market_observation/r06_interval_audit.jl"); write("/root/BF_runs/logs/qs_experiment_w2/phase4_interval.status", "PASS") catch err; 



julia> 
try include("experiments/scotland/06_qs_joint_and_market_observation/r06_interval_audit.jl"); write("/root/BF_runs/logs/qs_experiment_w2/phase4_interval.status", "PASS") catch err; s



julia> 
try include("experiments/scotland/06_qs_joint_and_market_observation/r06_interval_audit.jl"); write("/root/BF_runs/logs/qs_experiment_w2/phase4_interval.status", "PASS") catch err; sh



julia> 
try include("experiments/scotland/06_qs_joint_and_market_observation/r06_interval_audit.jl"); write("/root/BF_runs/logs/qs_experiment_w2/phase4_interval.status", "PASS") catch err; sho



julia> 
try include("experiments/scotland/06_qs_joint_and_market_observation/r06_interval_audit.jl"); write("/root/BF_runs/logs/qs_experiment_w2/phase4_interval.status", "PASS") catch err; show



julia> 
try include("experiments/scotland/06_qs_joint_and_market_observation/r06_interval_audit.jl"); write("/root/BF_runs/logs/qs_experiment_w2/phase4_interval.status", "PASS") catch err; showe



julia> 
try include("experiments/scotland/06_qs_joint_and_market_observation/r06_interval_audit.jl"); write("/root/BF_runs/logs/qs_experiment_w2/phase4_interval.status", "PASS") catch err; shower



julia> 
try include("experiments/scotland/06_qs_joint_and_market_observation/r06_interval_audit.jl"); write("/root/BF_runs/logs/qs_experiment_w2/phase4_interval.status", "PASS") catch err; showerr



julia> 
try include("experiments/scotland/06_qs_joint_and_market_observation/r06_interval_audit.jl"); write("/root/BF_runs/logs/qs_experiment_w2/phase4_interval.status", "PASS") catch err; showerro



julia> 
try include("experiments/scotland/06_qs_joint_and_market_observation/r06_interval_audit.jl"); write("/root/BF_runs/logs/qs_experiment_w2/phase4_interval.status", "PASS") catch err; showerror



julia> 
try include("experiments/scotland/06_qs_joint_and_market_observation/r06_interval_audit.jl"); write("/root/BF_runs/logs/qs_experiment_w2/phase4_interval.status", "PASS") catch err; showerror(



julia> 
try include("experiments/scotland/06_qs_joint_and_market_observation/r06_interval_audit.jl"); write("/root/BF_runs/logs/qs_experiment_w2/phase4_interval.status", "PASS") catch err; showerror(s



julia> 
try include("experiments/scotland/06_qs_joint_and_market_observation/r06_interval_audit.jl"); write("/root/BF_runs/logs/qs_experiment_w2/phase4_interval.status", "PASS") catch err; showerror(st



julia> 
try include("experiments/scotland/06_qs_joint_and_market_observation/r06_interval_audit.jl"); write("/root/BF_runs/logs/qs_experiment_w2/phase4_interval.status", "PASS") catch err; showerror(std



julia> 
try include("experiments/scotland/06_qs_joint_and_market_observation/r06_interval_audit.jl"); write("/root/BF_runs/logs/qs_experiment_w2/phase4_interval.status", "PASS") catch err; showerror(stde



julia> 
try include("experiments/scotland/06_qs_joint_and_market_observation/r06_interval_audit.jl"); write("/root/BF_runs/logs/qs_experiment_w2/phase4_interval.status", "PASS") catch err; showerror(stder



julia> 
try include("experiments/scotland/06_qs_joint_and_market_observation/r06_interval_audit.jl"); write("/root/BF_runs/logs/qs_experiment_w2/phase4_interval.status", "PASS") catch err; showerror(stderr



julia> 
try include("experiments/scotland/06_qs_joint_and_market_observation/r06_interval_audit.jl"); write("/root/BF_runs/logs/qs_experiment_w2/phase4_interval.status", "PASS") catch err; showerror(stderr,



julia> 
try include("experiments/scotland/06_qs_joint_and_market_observation/r06_interval_audit.jl"); write("/root/BF_runs/logs/qs_experiment_w2/phase4_interval.status", "PASS") catch err; showerror(stderr, 



julia> 
try include("experiments/scotland/06_qs_joint_and_market_observation/r06_interval_audit.jl"); write("/root/BF_runs/logs/qs_experiment_w2/phase4_interval.status", "PASS") catch err; showerror(stderr, e



julia> 
try include("experiments/scotland/06_qs_joint_and_market_observation/r06_interval_audit.jl"); write("/root/BF_runs/logs/qs_experiment_w2/phase4_interval.status", "PASS") catch err; showerror(stderr, er



julia> 
try include("experiments/scotland/06_qs_joint_and_market_observation/r06_interval_audit.jl"); write("/root/BF_runs/logs/qs_experiment_w2/phase4_interval.status", "PASS") catch err; showerror(stderr, err



julia> 
try include("experiments/scotland/06_qs_joint_and_market_observation/r06_interval_audit.jl"); write("/root/BF_runs/logs/qs_experiment_w2/phase4_interval.status", "PASS") catch err; showerror(stderr, err,



julia> 
try include("experiments/scotland/06_qs_joint_and_market_observation/r06_interval_audit.jl"); write("/root/BF_runs/logs/qs_experiment_w2/phase4_interval.status", "PASS") catch err; showerror(stderr, err, 



julia> 
try include("experiments/scotland/06_qs_joint_and_market_observation/r06_interval_audit.jl"); write("/root/BF_runs/logs/qs_experiment_w2/phase4_interval.status", "PASS") catch err; showerror(stderr, err, c



julia> 
try include("experiments/scotland/06_qs_joint_and_market_observation/r06_interval_audit.jl"); write("/root/BF_runs/logs/qs_experiment_w2/phase4_interval.status", "PASS") catch err; showerror(stderr, err, ca



julia> 
try include("experiments/scotland/06_qs_joint_and_market_observation/r06_interval_audit.jl"); write("/root/BF_runs/logs/qs_experiment_w2/phase4_interval.status", "PASS") catch err; showerror(stderr, err, cat



julia> 
try include("experiments/scotland/06_qs_joint_and_market_observation/r06_interval_audit.jl"); write("/root/BF_runs/logs/qs_experiment_w2/phase4_interval.status", "PASS") catch err; showerror(stderr, err, catc



julia> 
try include("experiments/scotland/06_qs_joint_and_market_observation/r06_interval_audit.jl"); write("/root/BF_runs/logs/qs_experiment_w2/phase4_interval.status", "PASS") catch err; showerror(stderr, err, catch



julia> 
try include("experiments/scotland/06_qs_joint_and_market_observation/r06_interval_audit.jl"); write("/root/BF_runs/logs/qs_experiment_w2/phase4_interval.status", "PASS") catch err; showerror(stderr, err, catch_



julia> 
try include("experiments/scotland/06_qs_joint_and_market_observation/r06_interval_audit.jl"); write("/root/BF_runs/logs/qs_experiment_w2/phase4_interval.status", "PASS") catch err; showerror(stderr, err, catch_b



julia> 
try include("experiments/scotland/06_qs_joint_and_market_observation/r06_interval_audit.jl"); write("/root/BF_runs/logs/qs_experiment_w2/phase4_interval.status", "PASS") catch err; showerror(stderr, err, catch_ba



julia> 
try include("experiments/scotland/06_qs_joint_and_market_observation/r06_interval_audit.jl"); write("/root/BF_runs/logs/qs_experiment_w2/phase4_interval.status", "PASS") catch err; showerror(stderr, err, catch_bac



julia> 
try include("experiments/scotland/06_qs_joint_and_market_observation/r06_interval_audit.jl"); write("/root/BF_runs/logs/qs_experiment_w2/phase4_interval.status", "PASS") catch err; showerror(stderr, err, catch_back



julia> 
try include("experiments/scotland/06_qs_joint_and_market_observation/r06_interval_audit.jl"); write("/root/BF_runs/logs/qs_experiment_w2/phase4_interval.status", "PASS") catch err; showerror(stderr, err, catch_backt



julia> 
try include("experiments/scotland/06_qs_joint_and_market_observation/r06_interval_audit.jl"); write("/root/BF_runs/logs/qs_experiment_w2/phase4_interval.status", "PASS") catch err; showerror(stderr, err, catch_backtr



julia> 
try include("experiments/scotland/06_qs_joint_and_market_observation/r06_interval_audit.jl"); write("/root/BF_runs/logs/qs_experiment_w2/phase4_interval.status", "PASS") catch err; showerror(stderr, err, catch_backtra



julia> 
try include("experiments/scotland/06_qs_joint_and_market_observation/r06_interval_audit.jl"); write("/root/BF_runs/logs/qs_experiment_w2/phase4_interval.status", "PASS") catch err; showerror(stderr, err, catch_backtrac



julia> 
try include("experiments/scotland/06_qs_joint_and_market_observation/r06_interval_audit.jl"); write("/root/BF_runs/logs/qs_experiment_w2/phase4_interval.status", "PASS") catch err; showerror(stderr, err, catch_backtrace



julia> 
try include("experiments/scotland/06_qs_joint_and_market_observation/r06_interval_audit.jl"); write("/root/BF_runs/logs/qs_experiment_w2/phase4_interval.status", "PASS") catch err; showerror(stderr, err, catch_backtrace(



julia> 
try include("experiments/scotland/06_qs_joint_and_market_observation/r06_interval_audit.jl"); write("/root/BF_runs/logs/qs_experiment_w2/phase4_interval.status", "PASS") catch err; showerror(stderr, err, catch_backtrace()



julia> 
try include("experiments/scotland/06_qs_joint_and_market_observation/r06_interval_audit.jl"); write("/root/BF_runs/logs/qs_experiment_w2/phase4_interval.status", "PASS") catch err; showerror(stderr, err, catch_backtrace())



julia> 
try include("experiments/scotland/06_qs_joint_and_market_observation/r06_interval_audit.jl"); write("/root/BF_runs/logs/qs_experiment_w2/phase4_interval.status", "PASS") catch err; showerror(stderr, err, catch_backtrace());



julia> 
try include("experiments/scotland/06_qs_joint_and_market_observation/r06_interval_audit.jl"); write("/root/BF_runs/logs/qs_experiment_w2/phase4_interval.status", "PASS") catch err; showerror(stderr, err, catch_backtrace()); 



julia> 
try include("experiments/scotland/06_qs_joint_and_market_observation/r06_interval_audit.jl"); write("/root/BF_runs/logs/qs_experiment_w2/phase4_interval.status", "PASS") catch err; showerror(stderr, err, catch_backtrace()); p



julia> 
try include("experiments/scotland/06_qs_joint_and_market_observation/r06_interval_audit.jl"); write("/root/BF_runs/logs/qs_experiment_w2/phase4_interval.status", "PASS") catch err; showerror(stderr, err, catch_backtrace()); pr



julia> 
try include("experiments/scotland/06_qs_joint_and_market_observation/r06_interval_audit.jl"); write("/root/BF_runs/logs/qs_experiment_w2/phase4_interval.status", "PASS") catch err; showerror(stderr, err, catch_backtrace()); pri



julia> 
try include("experiments/scotland/06_qs_joint_and_market_observation/r06_interval_audit.jl"); write("/root/BF_runs/logs/qs_experiment_w2/phase4_interval.status", "PASS") catch err; showerror(stderr, err, catch_backtrace()); prin



julia> 
try include("experiments/scotland/06_qs_joint_and_market_observation/r06_interval_audit.jl"); write("/root/BF_runs/logs/qs_experiment_w2/phase4_interval.status", "PASS") catch err; showerror(stderr, err, catch_backtrace()); print



julia> 
try include("experiments/scotland/06_qs_joint_and_market_observation/r06_interval_audit.jl"); write("/root/BF_runs/logs/qs_experiment_w2/phase4_interval.status", "PASS") catch err; showerror(stderr, err, catch_backtrace()); printl



julia> 
try include("experiments/scotland/06_qs_joint_and_market_observation/r06_interval_audit.jl"); write("/root/BF_runs/logs/qs_experiment_w2/phase4_interval.status", "PASS") catch err; showerror(stderr, err, catch_backtrace()); println



julia> 
try include("experiments/scotland/06_qs_joint_and_market_observation/r06_interval_audit.jl"); write("/root/BF_runs/logs/qs_experiment_w2/phase4_interval.status", "PASS") catch err; showerror(stderr, err, catch_backtrace()); println(



julia> 
try include("experiments/scotland/06_qs_joint_and_market_observation/r06_interval_audit.jl"); write("/root/BF_runs/logs/qs_experiment_w2/phase4_interval.status", "PASS") catch err; showerror(stderr, err, catch_backtrace()); println(s






julia> 
try include("experiments/scotland/06_qs_joint_and_market_observation/r06_interval_audit.jl"); write("/root/BF_runs/logs/qs_experiment_w2/phase4_interval.status", "PASS") catch err; showerror(stderr, err, catch_backtrace()); println(st




julia> 
try include("experiments/scotland/06_qs_joint_and_market_observation/r06_interval_audit.jl"); write("/root/BF_runs/logs/qs_experiment_w2/phase4_interval.status", "PASS") catch err; showerror(stderr, err, catch_backtrace()); println(std




julia> 
try include("experiments/scotland/06_qs_joint_and_market_observation/r06_interval_audit.jl"); write("/root/BF_runs/logs/qs_experiment_w2/phase4_interval.status", "PASS") catch err; showerror(stderr, err, catch_backtrace()); println(stde




julia> 
try include("experiments/scotland/06_qs_joint_and_market_observation/r06_interval_audit.jl"); write("/root/BF_runs/logs/qs_experiment_w2/phase4_interval.status", "PASS") catch err; showerror(stderr, err, catch_backtrace()); println(stder




julia> 
try include("experiments/scotland/06_qs_joint_and_market_observation/r06_interval_audit.jl"); write("/root/BF_runs/logs/qs_experiment_w2/phase4_interval.status", "PASS") catch err; showerror(stderr, err, catch_backtrace()); println(stderr




julia> 
try include("experiments/scotland/06_qs_joint_and_market_observation/r06_interval_audit.jl"); write("/root/BF_runs/logs/qs_experiment_w2/phase4_interval.status", "PASS") catch err; showerror(stderr, err, catch_backtrace()); println(stderr)




julia> 
try include("experiments/scotland/06_qs_joint_and_market_observation/r06_interval_audit.jl"); write("/root/BF_runs/logs/qs_experiment_w2/phase4_interval.status", "PASS") catch err; showerror(stderr, err, catch_backtrace()); println(stderr);




julia> 
try include("experiments/scotland/06_qs_joint_and_market_observation/r06_interval_audit.jl"); write("/root/BF_runs/logs/qs_experiment_w2/phase4_interval.status", "PASS") catch err; showerror(stderr, err, catch_backtrace()); println(stderr); 




julia> 
try include("experiments/scotland/06_qs_joint_and_market_observation/r06_interval_audit.jl"); write("/root/BF_runs/logs/qs_experiment_w2/phase4_interval.status", "PASS") catch err; showerror(stderr, err, catch_backtrace()); println(stderr); w




julia> 
try include("experiments/scotland/06_qs_joint_and_market_observation/r06_interval_audit.jl"); write("/root/BF_runs/logs/qs_experiment_w2/phase4_interval.status", "PASS") catch err; showerror(stderr, err, catch_backtrace()); println(stderr); wr




julia> 
try include("experiments/scotland/06_qs_joint_and_market_observation/r06_interval_audit.jl"); write("/root/BF_runs/logs/qs_experiment_w2/phase4_interval.status", "PASS") catch err; showerror(stderr, err, catch_backtrace()); println(stderr); wri




julia> 
try include("experiments/scotland/06_qs_joint_and_market_observation/r06_interval_audit.jl"); write("/root/BF_runs/logs/qs_experiment_w2/phase4_interval.status", "PASS") catch err; showerror(stderr, err, catch_backtrace()); println(stderr); writ




julia> 
try include("experiments/scotland/06_qs_joint_and_market_observation/r06_interval_audit.jl"); write("/root/BF_runs/logs/qs_experiment_w2/phase4_interval.status", "PASS") catch err; showerror(stderr, err, catch_backtrace()); println(stderr); write




julia> 
try include("experiments/scotland/06_qs_joint_and_market_observation/r06_interval_audit.jl"); write("/root/BF_runs/logs/qs_experiment_w2/phase4_interval.status", "PASS") catch err; showerror(stderr, err, catch_backtrace()); println(stderr); write(




julia> 
try include("experiments/scotland/06_qs_joint_and_market_observation/r06_interval_audit.jl"); write("/root/BF_runs/logs/qs_experiment_w2/phase4_interval.status", "PASS") catch err; showerror(stderr, err, catch_backtrace()); println(stderr); write("




julia> 
try include("experiments/scotland/06_qs_joint_and_market_observation/r06_interval_audit.jl"); write("/root/BF_runs/logs/qs_experiment_w2/phase4_interval.status", "PASS") catch err; showerror(stderr, err, catch_backtrace()); println(stderr); write("/




julia> 
try include("experiments/scotland/06_qs_joint_and_market_observation/r06_interval_audit.jl"); write("/root/BF_runs/logs/qs_experiment_w2/phase4_interval.status", "PASS") catch err; showerror(stderr, err, catch_backtrace()); println(stderr); write("/r




julia> 
try include("experiments/scotland/06_qs_joint_and_market_observation/r06_interval_audit.jl"); write("/root/BF_runs/logs/qs_experiment_w2/phase4_interval.status", "PASS") catch err; showerror(stderr, err, catch_backtrace()); println(stderr); write("/ro




julia> 
try include("experiments/scotland/06_qs_joint_and_market_observation/r06_interval_audit.jl"); write("/root/BF_runs/logs/qs_experiment_w2/phase4_interval.status", "PASS") catch err; showerror(stderr, err, catch_backtrace()); println(stderr); write("/roo




julia> 
try include("experiments/scotland/06_qs_joint_and_market_observation/r06_interval_audit.jl"); write("/root/BF_runs/logs/qs_experiment_w2/phase4_interval.status", "PASS") catch err; showerror(stderr, err, catch_backtrace()); println(stderr); write("/root




julia> 
try include("experiments/scotland/06_qs_joint_and_market_observation/r06_interval_audit.jl"); write("/root/BF_runs/logs/qs_experiment_w2/phase4_interval.status", "PASS") catch err; showerror(stderr, err, catch_backtrace()); println(stderr); write("/root/




julia> 
try include("experiments/scotland/06_qs_joint_and_market_observation/r06_interval_audit.jl"); write("/root/BF_runs/logs/qs_experiment_w2/phase4_interval.status", "PASS") catch err; showerror(stderr, err, catch_backtrace()); println(stderr); write("/root/B




julia> 
try include("experiments/scotland/06_qs_joint_and_market_observation/r06_interval_audit.jl"); write("/root/BF_runs/logs/qs_experiment_w2/phase4_interval.status", "PASS") catch err; showerror(stderr, err, catch_backtrace()); println(stderr); write("/root/BF




julia> 
try include("experiments/scotland/06_qs_joint_and_market_observation/r06_interval_audit.jl"); write("/root/BF_runs/logs/qs_experiment_w2/phase4_interval.status", "PASS") catch err; showerror(stderr, err, catch_backtrace()); println(stderr); write("/root/BF_




julia> 
try include("experiments/scotland/06_qs_joint_and_market_observation/r06_interval_audit.jl"); write("/root/BF_runs/logs/qs_experiment_w2/phase4_interval.status", "PASS") catch err; showerror(stderr, err, catch_backtrace()); println(stderr); write("/root/BF_r




julia> 
try include("experiments/scotland/06_qs_joint_and_market_observation/r06_interval_audit.jl"); write("/root/BF_runs/logs/qs_experiment_w2/phase4_interval.status", "PASS") catch err; showerror(stderr, err, catch_backtrace()); println(stderr); write("/root/BF_ru




julia> 
try include("experiments/scotland/06_qs_joint_and_market_observation/r06_interval_audit.jl"); write("/root/BF_runs/logs/qs_experiment_w2/phase4_interval.status", "PASS") catch err; showerror(stderr, err, catch_backtrace()); println(stderr); write("/root/BF_run




julia> 
try include("experiments/scotland/06_qs_joint_and_market_observation/r06_interval_audit.jl"); write("/root/BF_runs/logs/qs_experiment_w2/phase4_interval.status", "PASS") catch err; showerror(stderr, err, catch_backtrace()); println(stderr); write("/root/BF_runs




julia> 
try include("experiments/scotland/06_qs_joint_and_market_observation/r06_interval_audit.jl"); write("/root/BF_runs/logs/qs_experiment_w2/phase4_interval.status", "PASS") catch err; showerror(stderr, err, catch_backtrace()); println(stderr); write("/root/BF_runs/




julia> 
try include("experiments/scotland/06_qs_joint_and_market_observation/r06_interval_audit.jl"); write("/root/BF_runs/logs/qs_experiment_w2/phase4_interval.status", "PASS") catch err; showerror(stderr, err, catch_backtrace()); println(stderr); write("/root/BF_runs/l




julia> 
try include("experiments/scotland/06_qs_joint_and_market_observation/r06_interval_audit.jl"); write("/root/BF_runs/logs/qs_experiment_w2/phase4_interval.status", "PASS") catch err; showerror(stderr, err, catch_backtrace()); println(stderr); write("/root/BF_runs/lo




julia> 
try include("experiments/scotland/06_qs_joint_and_market_observation/r06_interval_audit.jl"); write("/root/BF_runs/logs/qs_experiment_w2/phase4_interval.status", "PASS") catch err; showerror(stderr, err, catch_backtrace()); println(stderr); write("/root/BF_runs/log




julia> 
try include("experiments/scotland/06_qs_joint_and_market_observation/r06_interval_audit.jl"); write("/root/BF_runs/logs/qs_experiment_w2/phase4_interval.status", "PASS") catch err; showerror(stderr, err, catch_backtrace()); println(stderr); write("/root/BF_runs/logs




julia> 
try include("experiments/scotland/06_qs_joint_and_market_observation/r06_interval_audit.jl"); write("/root/BF_runs/logs/qs_experiment_w2/phase4_interval.status", "PASS") catch err; showerror(stderr, err, catch_backtrace()); println(stderr); write("/root/BF_runs/logs/




julia> 
try include("experiments/scotland/06_qs_joint_and_market_observation/r06_interval_audit.jl"); write("/root/BF_runs/logs/qs_experiment_w2/phase4_interval.status", "PASS") catch err; showerror(stderr, err, catch_backtrace()); println(stderr); write("/root/BF_runs/logs/q




julia> 
try include("experiments/scotland/06_qs_joint_and_market_observation/r06_interval_audit.jl"); write("/root/BF_runs/logs/qs_experiment_w2/phase4_interval.status", "PASS") catch err; showerror(stderr, err, catch_backtrace()); println(stderr); write("/root/BF_runs/logs/qs




julia> 
try include("experiments/scotland/06_qs_joint_and_market_observation/r06_interval_audit.jl"); write("/root/BF_runs/logs/qs_experiment_w2/phase4_interval.status", "PASS") catch err; showerror(stderr, err, catch_backtrace()); println(stderr); write("/root/BF_runs/logs/qs_




julia> 
try include("experiments/scotland/06_qs_joint_and_market_observation/r06_interval_audit.jl"); write("/root/BF_runs/logs/qs_experiment_w2/phase4_interval.status", "PASS") catch err; showerror(stderr, err, catch_backtrace()); println(stderr); write("/root/BF_runs/logs/qs_e




julia> 
try include("experiments/scotland/06_qs_joint_and_market_observation/r06_interval_audit.jl"); write("/root/BF_runs/logs/qs_experiment_w2/phase4_interval.status", "PASS") catch err; showerror(stderr, err, catch_backtrace()); println(stderr); write("/root/BF_runs/logs/qs_ex




julia> 
try include("experiments/scotland/06_qs_joint_and_market_observation/r06_interval_audit.jl"); write("/root/BF_runs/logs/qs_experiment_w2/phase4_interval.status", "PASS") catch err; showerror(stderr, err, catch_backtrace()); println(stderr); write("/root/BF_runs/logs/qs_exp




julia> 
try include("experiments/scotland/06_qs_joint_and_market_observation/r06_interval_audit.jl"); write("/root/BF_runs/logs/qs_experiment_w2/phase4_interval.status", "PASS") catch err; showerror(stderr, err, catch_backtrace()); println(stderr); write("/root/BF_runs/logs/qs_expe




julia> 
try include("experiments/scotland/06_qs_joint_and_market_observation/r06_interval_audit.jl"); write("/root/BF_runs/logs/qs_experiment_w2/phase4_interval.status", "PASS") catch err; showerror(stderr, err, catch_backtrace()); println(stderr); write("/root/BF_runs/logs/qs_exper




julia> 
try include("experiments/scotland/06_qs_joint_and_market_observation/r06_interval_audit.jl"); write("/root/BF_runs/logs/qs_experiment_w2/phase4_interval.status", "PASS") catch err; showerror(stderr, err, catch_backtrace()); println(stderr); write("/root/BF_runs/logs/qs_experi




julia> 
try include("experiments/scotland/06_qs_joint_and_market_observation/r06_interval_audit.jl"); write("/root/BF_runs/logs/qs_experiment_w2/phase4_interval.status", "PASS") catch err; showerror(stderr, err, catch_backtrace()); println(stderr); write("/root/BF_runs/logs/qs_experim




julia> 
try include("experiments/scotland/06_qs_joint_and_market_observation/r06_interval_audit.jl"); write("/root/BF_runs/logs/qs_experiment_w2/phase4_interval.status", "PASS") catch err; showerror(stderr, err, catch_backtrace()); println(stderr); write("/root/BF_runs/logs/qs_experime




julia> 
try include("experiments/scotland/06_qs_joint_and_market_observation/r06_interval_audit.jl"); write("/root/BF_runs/logs/qs_experiment_w2/phase4_interval.status", "PASS") catch err; showerror(stderr, err, catch_backtrace()); println(stderr); write("/root/BF_runs/logs/qs_experimen




julia> 
try include("experiments/scotland/06_qs_joint_and_market_observation/r06_interval_audit.jl"); write("/root/BF_runs/logs/qs_experiment_w2/phase4_interval.status", "PASS") catch err; showerror(stderr, err, catch_backtrace()); println(stderr); write("/root/BF_runs/logs/qs_experiment




julia> 
try include("experiments/scotland/06_qs_joint_and_market_observation/r06_interval_audit.jl"); write("/root/BF_runs/logs/qs_experiment_w2/phase4_interval.status", "PASS") catch err; showerror(stderr, err, catch_backtrace()); println(stderr); write("/root/BF_runs/logs/qs_experiment_




julia> 
try include("experiments/scotland/06_qs_joint_and_market_observation/r06_interval_audit.jl"); write("/root/BF_runs/logs/qs_experiment_w2/phase4_interval.status", "PASS") catch err; showerror(stderr, err, catch_backtrace()); println(stderr); write("/root/BF_runs/logs/qs_experiment_w




julia> 
try include("experiments/scotland/06_qs_joint_and_market_observation/r06_interval_audit.jl"); write("/root/BF_runs/logs/qs_experiment_w2/phase4_interval.status", "PASS") catch err; showerror(stderr, err, catch_backtrace()); println(stderr); write("/root/BF_runs/logs/qs_experiment_w2




julia> 
try include("experiments/scotland/06_qs_joint_and_market_observation/r06_interval_audit.jl"); write("/root/BF_runs/logs/qs_experiment_w2/phase4_interval.status", "PASS") catch err; showerror(stderr, err, catch_backtrace()); println(stderr); write("/root/BF_runs/logs/qs_experiment_w2/




julia> 
try include("experiments/scotland/06_qs_joint_and_market_observation/r06_interval_audit.jl"); write("/root/BF_runs/logs/qs_experiment_w2/phase4_interval.status", "PASS") catch err; showerror(stderr, err, catch_backtrace()); println(stderr); write("/root/BF_runs/logs/qs_experiment_w2/p




julia> 
try include("experiments/scotland/06_qs_joint_and_market_observation/r06_interval_audit.jl"); write("/root/BF_runs/logs/qs_experiment_w2/phase4_interval.status", "PASS") catch err; showerror(stderr, err, catch_backtrace()); println(stderr); write("/root/BF_runs/logs/qs_experiment_w2/ph




julia> 
try include("experiments/scotland/06_qs_joint_and_market_observation/r06_interval_audit.jl"); write("/root/BF_runs/logs/qs_experiment_w2/phase4_interval.status", "PASS") catch err; showerror(stderr, err, catch_backtrace()); println(stderr); write("/root/BF_runs/logs/qs_experiment_w2/pha




julia> 
try include("experiments/scotland/06_qs_joint_and_market_observation/r06_interval_audit.jl"); write("/root/BF_runs/logs/qs_experiment_w2/phase4_interval.status", "PASS") catch err; showerror(stderr, err, catch_backtrace()); println(stderr); write("/root/BF_runs/logs/qs_experiment_w2/phas




julia> 
try include("experiments/scotland/06_qs_joint_and_market_observation/r06_interval_audit.jl"); write("/root/BF_runs/logs/qs_experiment_w2/phase4_interval.status", "PASS") catch err; showerror(stderr, err, catch_backtrace()); println(stderr); write("/root/BF_runs/logs/qs_experiment_w2/phase




julia> 
try include("experiments/scotland/06_qs_joint_and_market_observation/r06_interval_audit.jl"); write("/root/BF_runs/logs/qs_experiment_w2/phase4_interval.status", "PASS") catch err; showerror(stderr, err, catch_backtrace()); println(stderr); write("/root/BF_runs/logs/qs_experiment_w2/phase4




julia> 
try include("experiments/scotland/06_qs_joint_and_market_observation/r06_interval_audit.jl"); write("/root/BF_runs/logs/qs_experiment_w2/phase4_interval.status", "PASS") catch err; showerror(stderr, err, catch_backtrace()); println(stderr); write("/root/BF_runs/logs/qs_experiment_w2/phase4_




julia> 
try include("experiments/scotland/06_qs_joint_and_market_observation/r06_interval_audit.jl"); write("/root/BF_runs/logs/qs_experiment_w2/phase4_interval.status", "PASS") catch err; showerror(stderr, err, catch_backtrace()); println(stderr); write("/root/BF_runs/logs/qs_experiment_w2/phase4_i




julia> 
try include("experiments/scotland/06_qs_joint_and_market_observation/r06_interval_audit.jl"); write("/root/BF_runs/logs/qs_experiment_w2/phase4_interval.status", "PASS") catch err; showerror(stderr, err, catch_backtrace()); println(stderr); write("/root/BF_runs/logs/qs_experiment_w2/phase4_in




julia> 
try include("experiments/scotland/06_qs_joint_and_market_observation/r06_interval_audit.jl"); write("/root/BF_runs/logs/qs_experiment_w2/phase4_interval.status", "PASS") catch err; showerror(stderr, err, catch_backtrace()); println(stderr); write("/root/BF_runs/logs/qs_experiment_w2/phase4_int




julia> 
try include("experiments/scotland/06_qs_joint_and_market_observation/r06_interval_audit.jl"); write("/root/BF_runs/logs/qs_experiment_w2/phase4_interval.status", "PASS") catch err; showerror(stderr, err, catch_backtrace()); println(stderr); write("/root/BF_runs/logs/qs_experiment_w2/phase4_inte




julia> 
try include("experiments/scotland/06_qs_joint_and_market_observation/r06_interval_audit.jl"); write("/root/BF_runs/logs/qs_experiment_w2/phase4_interval.status", "PASS") catch err; showerror(stderr, err, catch_backtrace()); println(stderr); write("/root/BF_runs/logs/qs_experiment_w2/phase4_inter




julia> 
try include("experiments/scotland/06_qs_joint_and_market_observation/r06_interval_audit.jl"); write("/root/BF_runs/logs/qs_experiment_w2/phase4_interval.status", "PASS") catch err; showerror(stderr, err, catch_backtrace()); println(stderr); write("/root/BF_runs/logs/qs_experiment_w2/phase4_interv




julia> 
try include("experiments/scotland/06_qs_joint_and_market_observation/r06_interval_audit.jl"); write("/root/BF_runs/logs/qs_experiment_w2/phase4_interval.status", "PASS") catch err; showerror(stderr, err, catch_backtrace()); println(stderr); write("/root/BF_runs/logs/qs_experiment_w2/phase4_interva




julia> 
try include("experiments/scotland/06_qs_joint_and_market_observation/r06_interval_audit.jl"); write("/root/BF_runs/logs/qs_experiment_w2/phase4_interval.status", "PASS") catch err; showerror(stderr, err, catch_backtrace()); println(stderr); write("/root/BF_runs/logs/qs_experiment_w2/phase4_interval




julia> 
try include("experiments/scotland/06_qs_joint_and_market_observation/r06_interval_audit.jl"); write("/root/BF_runs/logs/qs_experiment_w2/phase4_interval.status", "PASS") catch err; showerror(stderr, err, catch_backtrace()); println(stderr); write("/root/BF_runs/logs/qs_experiment_w2/phase4_interval.




julia> 
try include("experiments/scotland/06_qs_joint_and_market_observation/r06_interval_audit.jl"); write("/root/BF_runs/logs/qs_experiment_w2/phase4_interval.status", "PASS") catch err; showerror(stderr, err, catch_backtrace()); println(stderr); write("/root/BF_runs/logs/qs_experiment_w2/phase4_interval.s




julia> 
try include("experiments/scotland/06_qs_joint_and_market_observation/r06_interval_audit.jl"); write("/root/BF_runs/logs/qs_experiment_w2/phase4_interval.status", "PASS") catch err; showerror(stderr, err, catch_backtrace()); println(stderr); write("/root/BF_runs/logs/qs_experiment_w2/phase4_interval.st




julia> 
try include("experiments/scotland/06_qs_joint_and_market_observation/r06_interval_audit.jl"); write("/root/BF_runs/logs/qs_experiment_w2/phase4_interval.status", "PASS") catch err; showerror(stderr, err, catch_backtrace()); println(stderr); write("/root/BF_runs/logs/qs_experiment_w2/phase4_interval.sta




julia> 
try include("experiments/scotland/06_qs_joint_and_market_observation/r06_interval_audit.jl"); write("/root/BF_runs/logs/qs_experiment_w2/phase4_interval.status", "PASS") catch err; showerror(stderr, err, catch_backtrace()); println(stderr); write("/root/BF_runs/logs/qs_experiment_w2/phase4_interval.stat




julia> 
try include("experiments/scotland/06_qs_joint_and_market_observation/r06_interval_audit.jl"); write("/root/BF_runs/logs/qs_experiment_w2/phase4_interval.status", "PASS") catch err; showerror(stderr, err, catch_backtrace()); println(stderr); write("/root/BF_runs/logs/qs_experiment_w2/phase4_interval.statu




julia> 
try include("experiments/scotland/06_qs_joint_and_market_observation/r06_interval_audit.jl"); write("/root/BF_runs/logs/qs_experiment_w2/phase4_interval.status", "PASS") catch err; showerror(stderr, err, catch_backtrace()); println(stderr); write("/root/BF_runs/logs/qs_experiment_w2/phase4_interval.status




julia> 
try include("experiments/scotland/06_qs_joint_and_market_observation/r06_interval_audit.jl"); write("/root/BF_runs/logs/qs_experiment_w2/phase4_interval.status", "PASS") catch err; showerror(stderr, err, catch_backtrace()); println(stderr); write("/root/BF_runs/logs/qs_experiment_w2/phase4_interval.status"




julia> 
try include("experiments/scotland/06_qs_joint_and_market_observation/r06_interval_audit.jl"); write("/root/BF_runs/logs/qs_experiment_w2/phase4_interval.status", "PASS") catch err; showerror(stderr, err, catch_backtrace()); println(stderr); write("/root/BF_runs/logs/qs_experiment_w2/phase4_interval.status",




julia> 
try include("experiments/scotland/06_qs_joint_and_market_observation/r06_interval_audit.jl"); write("/root/BF_runs/logs/qs_experiment_w2/phase4_interval.status", "PASS") catch err; showerror(stderr, err, catch_backtrace()); println(stderr); write("/root/BF_runs/logs/qs_experiment_w2/phase4_interval.status", 




julia> 
try include("experiments/scotland/06_qs_joint_and_market_observation/r06_interval_audit.jl"); write("/root/BF_runs/logs/qs_experiment_w2/phase4_interval.status", "PASS") catch err; showerror(stderr, err, catch_backtrace()); println(stderr); write("/root/BF_runs/logs/qs_experiment_w2/phase4_interval.status", "




julia> 
try include("experiments/scotland/06_qs_joint_and_market_observation/r06_interval_audit.jl"); write("/root/BF_runs/logs/qs_experiment_w2/phase4_interval.status", "PASS") catch err; showerror(stderr, err, catch_backtrace()); println(stderr); write("/root/BF_runs/logs/qs_experiment_w2/phase4_interval.status", "F




julia> 
try include("experiments/scotland/06_qs_joint_and_market_observation/r06_interval_audit.jl"); write("/root/BF_runs/logs/qs_experiment_w2/phase4_interval.status", "PASS") catch err; showerror(stderr, err, catch_backtrace()); println(stderr); write("/root/BF_runs/logs/qs_experiment_w2/phase4_interval.status", "FA




julia> 
try include("experiments/scotland/06_qs_joint_and_market_observation/r06_interval_audit.jl"); write("/root/BF_runs/logs/qs_experiment_w2/phase4_interval.status", "PASS") catch err; showerror(stderr, err, catch_backtrace()); println(stderr); write("/root/BF_runs/logs/qs_experiment_w2/phase4_interval.status", "FAI







julia> 
try include("experiments/scotland/06_qs_joint_and_market_observation/r06_interval_audit.jl"); write("/root/BF_runs/logs/qs_experiment_w2/phase4_interval.status", "PASS") catch err; showerror(stderr, err, catch_backtrace()); println(stderr); write("/root/BF_runs/logs/qs_experiment_w2/phase4_interval.status", "FAIL





julia> 
try include("experiments/scotland/06_qs_joint_and_market_observation/r06_interval_audit.jl"); write("/root/BF_runs/logs/qs_experiment_w2/phase4_interval.status", "PASS") catch err; showerror(stderr, err, catch_backtrace()); println(stderr); write("/root/BF_runs/logs/qs_experiment_w2/phase4_interval.status", "FAIL"





julia> 
try include("experiments/scotland/06_qs_joint_and_market_observation/r06_interval_audit.jl"); write("/root/BF_runs/logs/qs_experiment_w2/phase4_interval.status", "PASS") catch err; showerror(stderr, err, catch_backtrace()); println(stderr); write("/root/BF_runs/logs/qs_experiment_w2/phase4_interval.status", "FAIL")





julia> 
try include("experiments/scotland/06_qs_joint_and_market_observation/r06_interval_audit.jl"); write("/root/BF_runs/logs/qs_experiment_w2/phase4_interval.status", "PASS") catch err; showerror(stderr, err, catch_backtrace()); println(stderr); write("/root/BF_runs/logs/qs_experiment_w2/phase4_interval.status", "FAIL") 





julia> 
try include("experiments/scotland/06_qs_joint_and_market_observation/r06_interval_audit.jl"); write("/root/BF_runs/logs/qs_experiment_w2/phase4_interval.status", "PASS") catch err; showerror(stderr, err, catch_backtrace()); println(stderr); write("/root/BF_runs/logs/qs_experiment_w2/phase4_interval.status", "FAIL") e





julia> 
try include("experiments/scotland/06_qs_joint_and_market_observation/r06_interval_audit.jl"); write("/root/BF_runs/logs/qs_experiment_w2/phase4_interval.status", "PASS") catch err; showerror(stderr, err, catch_backtrace()); println(stderr); write("/root/BF_runs/logs/qs_experiment_w2/phase4_interval.status", "FAIL") en





julia> 
try include("experiments/scotland/06_qs_joint_and_market_observation/r06_interval_audit.jl"); write("/root/BF_runs/logs/qs_experiment_w2/phase4_interval.status", "PASS") catch err; showerror(stderr, err, catch_backtrace()); println(stderr); write("/root/BF_runs/logs/qs_experiment_w2/phase4_interval.status", "FAIL") end





julia> 
try include("experiments/scotland/06_qs_joint_and_market_observation/r06_interval_audit.jl"); write("/root/BF_runs/logs/qs_experiment_w2/phase4_interval.status", "PASS") catch err; showerror(stderr, err, catch_backtrace()); println(stderr); write("/root/BF_runs/logs/qs_experiment_w2/phase4_interval.status", "FAIL") end

FIGURES_DONE posterior_r_panels=6 posterior_rows=236
PHASE4_INTERVAL_AUDIT_PASS market_pairs=56 goal_pairs=30
4



julia> 


julia> 

