try include("experiments/scotland/06_qs_joint_and_market_observation/r08
julia> 
try include("experiments/scotland/06_qs_joint_and_market_observation/r08_




julia> 
try include("experiments/scotland/06_qs_joint_and_market_observation/r08_r


julia> 
try include("experiments/scotland/06_qs_joint_and_market_observation/r08_re


julia> 
try include("experiments/scotland/06_qs_joint_and_market_observation/r08_rec


julia> 
try include("experiments/scotland/06_qs_joint_and_market_observation/r08_reco


julia> 
try include("experiments/scotland/06_qs_joint_and_market_observation/r08_recor


julia> 
try include("experiments/scotland/06_qs_joint_and_market_observation/r08_record


julia> 
try include("experiments/scotland/06_qs_joint_and_market_observation/r08_record.


julia> 
try include("experiments/scotland/06_qs_joint_and_market_observation/r08_record.j


julia> 
try include("experiments/scotland/06_qs_joint_and_market_observation/r08_record.jl


julia> 
try include("experiments/scotland/06_qs_joint_and_market_observation/r08_record.jl"


julia> 
try include("experiments/scotland/06_qs_joint_and_market_observation/r08_record.jl")


julia> 
try include("experiments/scotland/06_qs_joint_and_market_observation/r08_record.jl");


julia> 
try include("experiments/scotland/06_qs_joint_and_market_observation/r08_record.jl"); 


julia> 
try include("experiments/scotland/06_qs_joint_and_market_observation/r08_record.jl"); w


julia> 
try include("experiments/scotland/06_qs_joint_and_market_observation/r08_record.jl"); wr


julia> 
try include("experiments/scotland/06_qs_joint_and_market_observation/r08_record.jl"); wri


julia> 
try include("experiments/scotland/06_qs_joint_and_market_observation/r08_record.jl"); writ


julia> 
try include("experiments/scotland/06_qs_joint_and_market_observation/r08_record.jl"); write


julia> 
try include("experiments/scotland/06_qs_joint_and_market_observation/r08_record.jl"); write(


julia> 
try include("experiments/scotland/06_qs_joint_and_market_observation/r08_record.jl"); write("


julia> 
try include("experiments/scotland/06_qs_joint_and_market_observation/r08_record.jl"); write("/


julia> 
try include("experiments/scotland/06_qs_joint_and_market_observation/r08_record.jl"); write("/r


julia> 
try include("experiments/scotland/06_qs_joint_and_market_observation/r08_record.jl"); write("/ro


julia> 
try include("experiments/scotland/06_qs_joint_and_market_observation/r08_record.jl"); write("/roo


julia> 
try include("experiments/scotland/06_qs_joint_and_market_observation/r08_record.jl"); write("/root


julia> 
try include("experiments/scotland/06_qs_joint_and_market_observation/r08_record.jl"); write("/root/


julia> 
try include("experiments/scotland/06_qs_joint_and_market_observation/r08_record.jl"); write("/root/B


julia> 
try include("experiments/scotland/06_qs_joint_and_market_observation/r08_record.jl"); write("/root/BF


julia> 
try include("experiments/scotland/06_qs_joint_and_market_observation/r08_record.jl"); write("/root/BF_


julia> 
try include("experiments/scotland/06_qs_joint_and_market_observation/r08_record.jl"); write("/root/BF_r


julia> 
try include("experiments/scotland/06_qs_joint_and_market_observation/r08_record.jl"); write("/root/BF_ru


julia> 
try include("experiments/scotland/06_qs_joint_and_market_observation/r08_record.jl"); write("/root/BF_run


julia> 
try include("experiments/scotland/06_qs_joint_and_market_observation/r08_record.jl"); write("/root/BF_runs


julia> 
try include("experiments/scotland/06_qs_joint_and_market_observation/r08_record.jl"); write("/root/BF_runs/


julia> 
try include("experiments/scotland/06_qs_joint_and_market_observation/r08_record.jl"); write("/root/BF_runs/l


julia> 
try include("experiments/scotland/06_qs_joint_and_market_observation/r08_record.jl"); write("/root/BF_runs/lo


julia> 
try include("experiments/scotland/06_qs_joint_and_market_observation/r08_record.jl"); write("/root/BF_runs/log


julia> 
try include("experiments/scotland/06_qs_joint_and_market_observation/r08_record.jl"); write("/root/BF_runs/logs


julia> 
try include("experiments/scotland/06_qs_joint_and_market_observation/r08_record.jl"); write("/root/BF_runs/logs/


julia> 
try include("experiments/scotland/06_qs_joint_and_market_observation/r08_record.jl"); write("/root/BF_runs/logs/q


julia> 
try include("experiments/scotland/06_qs_joint_and_market_observation/r08_record.jl"); write("/root/BF_runs/logs/qs


julia> 
try include("experiments/scotland/06_qs_joint_and_market_observation/r08_record.jl"); write("/root/BF_runs/logs/qs_


julia> 
try include("experiments/scotland/06_qs_joint_and_market_observation/r08_record.jl"); write("/root/BF_runs/logs/qs_e


julia> 
try include("experiments/scotland/06_qs_joint_and_market_observation/r08_record.jl"); write("/root/BF_runs/logs/qs_ex


julia> 
try include("experiments/scotland/06_qs_joint_and_market_observation/r08_record.jl"); write("/root/BF_runs/logs/qs_exp


julia> 
try include("experiments/scotland/06_qs_joint_and_market_observation/r08_record.jl"); write("/root/BF_runs/logs/qs_expe


julia> 
try include("experiments/scotland/06_qs_joint_and_market_observation/r08_record.jl"); write("/root/BF_runs/logs/qs_exper


julia> 
try include("experiments/scotland/06_qs_joint_and_market_observation/r08_record.jl"); write("/root/BF_runs/logs/qs_experi


julia> 
try include("experiments/scotland/06_qs_joint_and_market_observation/r08_record.jl"); write("/root/BF_runs/logs/qs_experim


julia> 
try include("experiments/scotland/06_qs_joint_and_market_observation/r08_record.jl"); write("/root/BF_runs/logs/qs_experime


julia> 
try include("experiments/scotland/06_qs_joint_and_market_observation/r08_record.jl"); write("/root/BF_runs/logs/qs_experimen


julia> 
try include("experiments/scotland/06_qs_joint_and_market_observation/r08_record.jl"); write("/root/BF_runs/logs/qs_experiment


julia> 
try include("experiments/scotland/06_qs_joint_and_market_observation/r08_record.jl"); write("/root/BF_runs/logs/qs_experiment_


julia> 
try include("experiments/scotland/06_qs_joint_and_market_observation/r08_record.jl"); write("/root/BF_runs/logs/qs_experiment_w


julia> 
try include("experiments/scotland/06_qs_joint_and_market_observation/r08_record.jl"); write("/root/BF_runs/logs/qs_experiment_w2


julia> 
try include("experiments/scotland/06_qs_joint_and_market_observation/r08_record.jl"); write("/root/BF_runs/logs/qs_experiment_w2/


julia> 
try include("experiments/scotland/06_qs_joint_and_market_observation/r08_record.jl"); write("/root/BF_runs/logs/qs_experiment_w2/p


julia> 
try include("experiments/scotland/06_qs_joint_and_market_observation/r08_record.jl"); write("/root/BF_runs/logs/qs_experiment_w2/ph


julia> 
try include("experiments/scotland/06_qs_joint_and_market_observation/r08_record.jl"); write("/root/BF_runs/logs/qs_experiment_w2/pha


julia> 
try include("experiments/scotland/06_qs_joint_and_market_observation/r08_record.jl"); write("/root/BF_runs/logs/qs_experiment_w2/phas


julia> 
try include("experiments/scotland/06_qs_joint_and_market_observation/r08_record.jl"); write("/root/BF_runs/logs/qs_experiment_w2/phase


julia> 
try include("experiments/scotland/06_qs_joint_and_market_observation/r08_record.jl"); write("/root/BF_runs/logs/qs_experiment_w2/phase4


julia> 
try include("experiments/scotland/06_qs_joint_and_market_observation/r08_record.jl"); write("/root/BF_runs/logs/qs_experiment_w2/phase4_


julia> 
try include("experiments/scotland/06_qs_joint_and_market_observation/r08_record.jl"); write("/root/BF_runs/logs/qs_experiment_w2/phase4_r


julia> 
try include("experiments/scotland/06_qs_joint_and_market_observation/r08_record.jl"); write("/root/BF_runs/logs/qs_experiment_w2/phase4_re


julia> 
try include("experiments/scotland/06_qs_joint_and_market_observation/r08_record.jl"); write("/root/BF_runs/logs/qs_experiment_w2/phase4_rec


julia> 
try include("experiments/scotland/06_qs_joint_and_market_observation/r08_record.jl"); write("/root/BF_runs/logs/qs_experiment_w2/phase4_reco


julia> 
try include("experiments/scotland/06_qs_joint_and_market_observation/r08_record.jl"); write("/root/BF_runs/logs/qs_experiment_w2/phase4_recor


julia> 
try include("experiments/scotland/06_qs_joint_and_market_observation/r08_record.jl"); write("/root/BF_runs/logs/qs_experiment_w2/phase4_record


julia> 
try include("experiments/scotland/06_qs_joint_and_market_observation/r08_record.jl"); write("/root/BF_runs/logs/qs_experiment_w2/phase4_record.


julia> 
try include("experiments/scotland/06_qs_joint_and_market_observation/r08_record.jl"); write("/root/BF_runs/logs/qs_experiment_w2/phase4_record.s


julia> 
try include("experiments/scotland/06_qs_joint_and_market_observation/r08_record.jl"); write("/root/BF_runs/logs/qs_experiment_w2/phase4_record.st


julia> 
try include("experiments/scotland/06_qs_joint_and_market_observation/r08_record.jl"); write("/root/BF_runs/logs/qs_experiment_w2/phase4_record.sta


julia> 
try include("experiments/scotland/06_qs_joint_and_market_observation/r08_record.jl"); write("/root/BF_runs/logs/qs_experiment_w2/phase4_record.stat


julia> 
try include("experiments/scotland/06_qs_joint_and_market_observation/r08_record.jl"); write("/root/BF_runs/logs/qs_experiment_w2/phase4_record.statu


julia> 
try include("experiments/scotland/06_qs_joint_and_market_observation/r08_record.jl"); write("/root/BF_runs/logs/qs_experiment_w2/phase4_record.status


julia> 
try include("experiments/scotland/06_qs_joint_and_market_observation/r08_record.jl"); write("/root/BF_runs/logs/qs_experiment_w2/phase4_record.status"


julia> 
try include("experiments/scotland/06_qs_joint_and_market_observation/r08_record.jl"); write("/root/BF_runs/logs/qs_experiment_w2/phase4_record.status",


julia> 
try include("experiments/scotland/06_qs_joint_and_market_observation/r08_record.jl"); write("/root/BF_runs/logs/qs_experiment_w2/phase4_record.status", 


julia> 
try include("experiments/scotland/06_qs_joint_and_market_observation/r08_record.jl"); write("/root/BF_runs/logs/qs_experiment_w2/phase4_record.status", "





julia> 
try include("experiments/scotland/06_qs_joint_and_market_observation/r08_record.jl"); write("/root/BF_runs/logs/qs_experiment_w2/phase4_record.status", "P



julia> 
try include("experiments/scotland/06_qs_joint_and_market_observation/r08_record.jl"); write("/root/BF_runs/logs/qs_experiment_w2/phase4_record.status", "PA



julia> 
try include("experiments/scotland/06_qs_joint_and_market_observation/r08_record.jl"); write("/root/BF_runs/logs/qs_experiment_w2/phase4_record.status", "PAS



julia> 
try include("experiments/scotland/06_qs_joint_and_market_observation/r08_record.jl"); write("/root/BF_runs/logs/qs_experiment_w2/phase4_record.status", "PASS



julia> 
try include("experiments/scotland/06_qs_joint_and_market_observation/r08_record.jl"); write("/root/BF_runs/logs/qs_experiment_w2/phase4_record.status", "PASS"



julia> 
try include("experiments/scotland/06_qs_joint_and_market_observation/r08_record.jl"); write("/root/BF_runs/logs/qs_experiment_w2/phase4_record.status", "PASS")



julia> 
try include("experiments/scotland/06_qs_joint_and_market_observation/r08_record.jl"); write("/root/BF_runs/logs/qs_experiment_w2/phase4_record.status", "PASS") 



julia> 
try include("experiments/scotland/06_qs_joint_and_market_observation/r08_record.jl"); write("/root/BF_runs/logs/qs_experiment_w2/phase4_record.status", "PASS") c



julia> 
try include("experiments/scotland/06_qs_joint_and_market_observation/r08_record.jl"); write("/root/BF_runs/logs/qs_experiment_w2/phase4_record.status", "PASS") ca



julia> 
try include("experiments/scotland/06_qs_joint_and_market_observation/r08_record.jl"); write("/root/BF_runs/logs/qs_experiment_w2/phase4_record.status", "PASS") cat



julia> 
try include("experiments/scotland/06_qs_joint_and_market_observation/r08_record.jl"); write("/root/BF_runs/logs/qs_experiment_w2/phase4_record.status", "PASS") catc



julia> 
try include("experiments/scotland/06_qs_joint_and_market_observation/r08_record.jl"); write("/root/BF_runs/logs/qs_experiment_w2/phase4_record.status", "PASS") catch



julia> 
try include("experiments/scotland/06_qs_joint_and_market_observation/r08_record.jl"); write("/root/BF_runs/logs/qs_experiment_w2/phase4_record.status", "PASS") catch 



julia> 
try include("experiments/scotland/06_qs_joint_and_market_observation/r08_record.jl"); write("/root/BF_runs/logs/qs_experiment_w2/phase4_record.status", "PASS") catch e



julia> 
try include("experiments/scotland/06_qs_joint_and_market_observation/r08_record.jl"); write("/root/BF_runs/logs/qs_experiment_w2/phase4_record.status", "PASS") catch er



julia> 
try include("experiments/scotland/06_qs_joint_and_market_observation/r08_record.jl"); write("/root/BF_runs/logs/qs_experiment_w2/phase4_record.status", "PASS") catch err



julia> 
try include("experiments/scotland/06_qs_joint_and_market_observation/r08_record.jl"); write("/root/BF_runs/logs/qs_experiment_w2/phase4_record.status", "PASS") catch err;



julia> 
try include("experiments/scotland/06_qs_joint_and_market_observation/r08_record.jl"); write("/root/BF_runs/logs/qs_experiment_w2/phase4_record.status", "PASS") catch err; 



julia> 
try include("experiments/scotland/06_qs_joint_and_market_observation/r08_record.jl"); write("/root/BF_runs/logs/qs_experiment_w2/phase4_record.status", "PASS") catch err; s



julia> 
try include("experiments/scotland/06_qs_joint_and_market_observation/r08_record.jl"); write("/root/BF_runs/logs/qs_experiment_w2/phase4_record.status", "PASS") catch err; sh



julia> 
try include("experiments/scotland/06_qs_joint_and_market_observation/r08_record.jl"); write("/root/BF_runs/logs/qs_experiment_w2/phase4_record.status", "PASS") catch err; sho



julia> 
try include("experiments/scotland/06_qs_joint_and_market_observation/r08_record.jl"); write("/root/BF_runs/logs/qs_experiment_w2/phase4_record.status", "PASS") catch err; show



julia> 
try include("experiments/scotland/06_qs_joint_and_market_observation/r08_record.jl"); write("/root/BF_runs/logs/qs_experiment_w2/phase4_record.status", "PASS") catch err; showe



julia> 
try include("experiments/scotland/06_qs_joint_and_market_observation/r08_record.jl"); write("/root/BF_runs/logs/qs_experiment_w2/phase4_record.status", "PASS") catch err; shower



julia> 
try include("experiments/scotland/06_qs_joint_and_market_observation/r08_record.jl"); write("/root/BF_runs/logs/qs_experiment_w2/phase4_record.status", "PASS") catch err; showerr



julia> 
try include("experiments/scotland/06_qs_joint_and_market_observation/r08_record.jl"); write("/root/BF_runs/logs/qs_experiment_w2/phase4_record.status", "PASS") catch err; showerro



julia> 
try include("experiments/scotland/06_qs_joint_and_market_observation/r08_record.jl"); write("/root/BF_runs/logs/qs_experiment_w2/phase4_record.status", "PASS") catch err; showerror



julia> 
try include("experiments/scotland/06_qs_joint_and_market_observation/r08_record.jl"); write("/root/BF_runs/logs/qs_experiment_w2/phase4_record.status", "PASS") catch err; showerror(



julia> 
try include("experiments/scotland/06_qs_joint_and_market_observation/r08_record.jl"); write("/root/BF_runs/logs/qs_experiment_w2/phase4_record.status", "PASS") catch err; showerror(s



julia> 
try include("experiments/scotland/06_qs_joint_and_market_observation/r08_record.jl"); write("/root/BF_runs/logs/qs_experiment_w2/phase4_record.status", "PASS") catch err; showerror(st



julia> 
try include("experiments/scotland/06_qs_joint_and_market_observation/r08_record.jl"); write("/root/BF_runs/logs/qs_experiment_w2/phase4_record.status", "PASS") catch err; showerror(std



julia> 
try include("experiments/scotland/06_qs_joint_and_market_observation/r08_record.jl"); write("/root/BF_runs/logs/qs_experiment_w2/phase4_record.status", "PASS") catch err; showerror(stde



julia> 
try include("experiments/scotland/06_qs_joint_and_market_observation/r08_record.jl"); write("/root/BF_runs/logs/qs_experiment_w2/phase4_record.status", "PASS") catch err; showerror(stder



julia> 
try include("experiments/scotland/06_qs_joint_and_market_observation/r08_record.jl"); write("/root/BF_runs/logs/qs_experiment_w2/phase4_record.status", "PASS") catch err; showerror(stderr



julia> 
try include("experiments/scotland/06_qs_joint_and_market_observation/r08_record.jl"); write("/root/BF_runs/logs/qs_experiment_w2/phase4_record.status", "PASS") catch err; showerror(stderr,



julia> 
try include("experiments/scotland/06_qs_joint_and_market_observation/r08_record.jl"); write("/root/BF_runs/logs/qs_experiment_w2/phase4_record.status", "PASS") catch err; showerror(stderr, 



julia> 
try include("experiments/scotland/06_qs_joint_and_market_observation/r08_record.jl"); write("/root/BF_runs/logs/qs_experiment_w2/phase4_record.status", "PASS") catch err; showerror(stderr, e



julia> 
try include("experiments/scotland/06_qs_joint_and_market_observation/r08_record.jl"); write("/root/BF_runs/logs/qs_experiment_w2/phase4_record.status", "PASS") catch err; showerror(stderr, er



julia> 
try include("experiments/scotland/06_qs_joint_and_market_observation/r08_record.jl"); write("/root/BF_runs/logs/qs_experiment_w2/phase4_record.status", "PASS") catch err; showerror(stderr, err



julia> 
try include("experiments/scotland/06_qs_joint_and_market_observation/r08_record.jl"); write("/root/BF_runs/logs/qs_experiment_w2/phase4_record.status", "PASS") catch err; showerror(stderr, err,



julia> 
try include("experiments/scotland/06_qs_joint_and_market_observation/r08_record.jl"); write("/root/BF_runs/logs/qs_experiment_w2/phase4_record.status", "PASS") catch err; showerror(stderr, err, 



julia> 
try include("experiments/scotland/06_qs_joint_and_market_observation/r08_record.jl"); write("/root/BF_runs/logs/qs_experiment_w2/phase4_record.status", "PASS") catch err; showerror(stderr, err, c



julia> 
try include("experiments/scotland/06_qs_joint_and_market_observation/r08_record.jl"); write("/root/BF_runs/logs/qs_experiment_w2/phase4_record.status", "PASS") catch err; showerror(stderr, err, ca



julia> 
try include("experiments/scotland/06_qs_joint_and_market_observation/r08_record.jl"); write("/root/BF_runs/logs/qs_experiment_w2/phase4_record.status", "PASS") catch err; showerror(stderr, err, cat



julia> 
try include("experiments/scotland/06_qs_joint_and_market_observation/r08_record.jl"); write("/root/BF_runs/logs/qs_experiment_w2/phase4_record.status", "PASS") catch err; showerror(stderr, err, catc



julia> 
try include("experiments/scotland/06_qs_joint_and_market_observation/r08_record.jl"); write("/root/BF_runs/logs/qs_experiment_w2/phase4_record.status", "PASS") catch err; showerror(stderr, err, catch



julia> 
try include("experiments/scotland/06_qs_joint_and_market_observation/r08_record.jl"); write("/root/BF_runs/logs/qs_experiment_w2/phase4_record.status", "PASS") catch err; showerror(stderr, err, catch_



julia> 
try include("experiments/scotland/06_qs_joint_and_market_observation/r08_record.jl"); write("/root/BF_runs/logs/qs_experiment_w2/phase4_record.status", "PASS") catch err; showerror(stderr, err, catch_b



julia> 
try include("experiments/scotland/06_qs_joint_and_market_observation/r08_record.jl"); write("/root/BF_runs/logs/qs_experiment_w2/phase4_record.status", "PASS") catch err; showerror(stderr, err, catch_ba



julia> 
try include("experiments/scotland/06_qs_joint_and_market_observation/r08_record.jl"); write("/root/BF_runs/logs/qs_experiment_w2/phase4_record.status", "PASS") catch err; showerror(stderr, err, catch_bac



julia> 
try include("experiments/scotland/06_qs_joint_and_market_observation/r08_record.jl"); write("/root/BF_runs/logs/qs_experiment_w2/phase4_record.status", "PASS") catch err; showerror(stderr, err, catch_back



julia> 
try include("experiments/scotland/06_qs_joint_and_market_observation/r08_record.jl"); write("/root/BF_runs/logs/qs_experiment_w2/phase4_record.status", "PASS") catch err; showerror(stderr, err, catch_backt



julia> 
try include("experiments/scotland/06_qs_joint_and_market_observation/r08_record.jl"); write("/root/BF_runs/logs/qs_experiment_w2/phase4_record.status", "PASS") catch err; showerror(stderr, err, catch_backtr



julia> 
try include("experiments/scotland/06_qs_joint_and_market_observation/r08_record.jl"); write("/root/BF_runs/logs/qs_experiment_w2/phase4_record.status", "PASS") catch err; showerror(stderr, err, catch_backtra



julia> 
try include("experiments/scotland/06_qs_joint_and_market_observation/r08_record.jl"); write("/root/BF_runs/logs/qs_experiment_w2/phase4_record.status", "PASS") catch err; showerror(stderr, err, catch_backtrac



julia> 
try include("experiments/scotland/06_qs_joint_and_market_observation/r08_record.jl"); write("/root/BF_runs/logs/qs_experiment_w2/phase4_record.status", "PASS") catch err; showerror(stderr, err, catch_backtrace



julia> 
try include("experiments/scotland/06_qs_joint_and_market_observation/r08_record.jl"); write("/root/BF_runs/logs/qs_experiment_w2/phase4_record.status", "PASS") catch err; showerror(stderr, err, catch_backtrace(



julia> 
try include("experiments/scotland/06_qs_joint_and_market_observation/r08_record.jl"); write("/root/BF_runs/logs/qs_experiment_w2/phase4_record.status", "PASS") catch err; showerror(stderr, err, catch_backtrace()



julia> 
try include("experiments/scotland/06_qs_joint_and_market_observation/r08_record.jl"); write("/root/BF_runs/logs/qs_experiment_w2/phase4_record.status", "PASS") catch err; showerror(stderr, err, catch_backtrace())



julia> 
try include("experiments/scotland/06_qs_joint_and_market_observation/r08_record.jl"); write("/root/BF_runs/logs/qs_experiment_w2/phase4_record.status", "PASS") catch err; showerror(stderr, err, catch_backtrace());



julia> 
try include("experiments/scotland/06_qs_joint_and_market_observation/r08_record.jl"); write("/root/BF_runs/logs/qs_experiment_w2/phase4_record.status", "PASS") catch err; showerror(stderr, err, catch_backtrace()); 



julia> 
try include("experiments/scotland/06_qs_joint_and_market_observation/r08_record.jl"); write("/root/BF_runs/logs/qs_experiment_w2/phase4_record.status", "PASS") catch err; showerror(stderr, err, catch_backtrace()); p



julia> 
try include("experiments/scotland/06_qs_joint_and_market_observation/r08_record.jl"); write("/root/BF_runs/logs/qs_experiment_w2/phase4_record.status", "PASS") catch err; showerror(stderr, err, catch_backtrace()); pr



julia> 
try include("experiments/scotland/06_qs_joint_and_market_observation/r08_record.jl"); write("/root/BF_runs/logs/qs_experiment_w2/phase4_record.status", "PASS") catch err; showerror(stderr, err, catch_backtrace()); pri



julia> 
try include("experiments/scotland/06_qs_joint_and_market_observation/r08_record.jl"); write("/root/BF_runs/logs/qs_experiment_w2/phase4_record.status", "PASS") catch err; showerror(stderr, err, catch_backtrace()); prin



julia> 
try include("experiments/scotland/06_qs_joint_and_market_observation/r08_record.jl"); write("/root/BF_runs/logs/qs_experiment_w2/phase4_record.status", "PASS") catch err; showerror(stderr, err, catch_backtrace()); print



julia> 
try include("experiments/scotland/06_qs_joint_and_market_observation/r08_record.jl"); write("/root/BF_runs/logs/qs_experiment_w2/phase4_record.status", "PASS") catch err; showerror(stderr, err, catch_backtrace()); printl



julia> 
try include("experiments/scotland/06_qs_joint_and_market_observation/r08_record.jl"); write("/root/BF_runs/logs/qs_experiment_w2/phase4_record.status", "PASS") catch err; showerror(stderr, err, catch_backtrace()); println



julia> 
try include("experiments/scotland/06_qs_joint_and_market_observation/r08_record.jl"); write("/root/BF_runs/logs/qs_experiment_w2/phase4_record.status", "PASS") catch err; showerror(stderr, err, catch_backtrace()); println(



julia> 
try include("experiments/scotland/06_qs_joint_and_market_observation/r08_record.jl"); write("/root/BF_runs/logs/qs_experiment_w2/phase4_record.status", "PASS") catch err; showerror(stderr, err, catch_backtrace()); println(s



julia> 
try include("experiments/scotland/06_qs_joint_and_market_observation/r08_record.jl"); write("/root/BF_runs/logs/qs_experiment_w2/phase4_record.status", "PASS") catch err; showerror(stderr, err, catch_backtrace()); println(st



julia> 
try include("experiments/scotland/06_qs_joint_and_market_observation/r08_record.jl"); write("/root/BF_runs/logs/qs_experiment_w2/phase4_record.status", "PASS") catch err; showerror(stderr, err, catch_backtrace()); println(std



julia> 
try include("experiments/scotland/06_qs_joint_and_market_observation/r08_record.jl"); write("/root/BF_runs/logs/qs_experiment_w2/phase4_record.status", "PASS") catch err; showerror(stderr, err, catch_backtrace()); println(stde



julia> 
try include("experiments/scotland/06_qs_joint_and_market_observation/r08_record.jl"); write("/root/BF_runs/logs/qs_experiment_w2/phase4_record.status", "PASS") catch err; showerror(stderr, err, catch_backtrace()); println(stder



julia> 
try include("experiments/scotland/06_qs_joint_and_market_observation/r08_record.jl"); write("/root/BF_runs/logs/qs_experiment_w2/phase4_record.status", "PASS") catch err; showerror(stderr, err, catch_backtrace()); println(stderr



julia> 
try include("experiments/scotland/06_qs_joint_and_market_observation/r08_record.jl"); write("/root/BF_runs/logs/qs_experiment_w2/phase4_record.status", "PASS") catch err; showerror(stderr, err, catch_backtrace()); println(stderr)



julia> 
try include("experiments/scotland/06_qs_joint_and_market_observation/r08_record.jl"); write("/root/BF_runs/logs/qs_experiment_w2/phase4_record.status", "PASS") catch err; showerror(stderr, err, catch_backtrace()); println(stderr);



julia> 
try include("experiments/scotland/06_qs_joint_and_market_observation/r08_record.jl"); write("/root/BF_runs/logs/qs_experiment_w2/phase4_record.status", "PASS") catch err; showerror(stderr, err, catch_backtrace()); println(stderr); 



julia> 
try include("experiments/scotland/06_qs_joint_and_market_observation/r08_record.jl"); write("/root/BF_runs/logs/qs_experiment_w2/phase4_record.status", "PASS") catch err; showerror(stderr, err, catch_backtrace()); println(stderr); w



julia> 
try include("experiments/scotland/06_qs_joint_and_market_observation/r08_record.jl"); write("/root/BF_runs/logs/qs_experiment_w2/phase4_record.status", "PASS") catch err; showerror(stderr, err, catch_backtrace()); println(stderr); wr






julia> 
try include("experiments/scotland/06_qs_joint_and_market_observation/r08_record.jl"); write("/root/BF_runs/logs/qs_experiment_w2/phase4_record.status", "PASS") catch err; showerror(stderr, err, catch_backtrace()); println(stderr); wri




julia> 
try include("experiments/scotland/06_qs_joint_and_market_observation/r08_record.jl"); write("/root/BF_runs/logs/qs_experiment_w2/phase4_record.status", "PASS") catch err; showerror(stderr, err, catch_backtrace()); println(stderr); writ




julia> 
try include("experiments/scotland/06_qs_joint_and_market_observation/r08_record.jl"); write("/root/BF_runs/logs/qs_experiment_w2/phase4_record.status", "PASS") catch err; showerror(stderr, err, catch_backtrace()); println(stderr); write




julia> 
try include("experiments/scotland/06_qs_joint_and_market_observation/r08_record.jl"); write("/root/BF_runs/logs/qs_experiment_w2/phase4_record.status", "PASS") catch err; showerror(stderr, err, catch_backtrace()); println(stderr); write(




julia> 
try include("experiments/scotland/06_qs_joint_and_market_observation/r08_record.jl"); write("/root/BF_runs/logs/qs_experiment_w2/phase4_record.status", "PASS") catch err; showerror(stderr, err, catch_backtrace()); println(stderr); write("




julia> 
try include("experiments/scotland/06_qs_joint_and_market_observation/r08_record.jl"); write("/root/BF_runs/logs/qs_experiment_w2/phase4_record.status", "PASS") catch err; showerror(stderr, err, catch_backtrace()); println(stderr); write("/




julia> 
try include("experiments/scotland/06_qs_joint_and_market_observation/r08_record.jl"); write("/root/BF_runs/logs/qs_experiment_w2/phase4_record.status", "PASS") catch err; showerror(stderr, err, catch_backtrace()); println(stderr); write("/r




julia> 
try include("experiments/scotland/06_qs_joint_and_market_observation/r08_record.jl"); write("/root/BF_runs/logs/qs_experiment_w2/phase4_record.status", "PASS") catch err; showerror(stderr, err, catch_backtrace()); println(stderr); write("/ro




julia> 
try include("experiments/scotland/06_qs_joint_and_market_observation/r08_record.jl"); write("/root/BF_runs/logs/qs_experiment_w2/phase4_record.status", "PASS") catch err; showerror(stderr, err, catch_backtrace()); println(stderr); write("/roo




julia> 
try include("experiments/scotland/06_qs_joint_and_market_observation/r08_record.jl"); write("/root/BF_runs/logs/qs_experiment_w2/phase4_record.status", "PASS") catch err; showerror(stderr, err, catch_backtrace()); println(stderr); write("/root




julia> 
try include("experiments/scotland/06_qs_joint_and_market_observation/r08_record.jl"); write("/root/BF_runs/logs/qs_experiment_w2/phase4_record.status", "PASS") catch err; showerror(stderr, err, catch_backtrace()); println(stderr); write("/root/




julia> 
try include("experiments/scotland/06_qs_joint_and_market_observation/r08_record.jl"); write("/root/BF_runs/logs/qs_experiment_w2/phase4_record.status", "PASS") catch err; showerror(stderr, err, catch_backtrace()); println(stderr); write("/root/B




julia> 
try include("experiments/scotland/06_qs_joint_and_market_observation/r08_record.jl"); write("/root/BF_runs/logs/qs_experiment_w2/phase4_record.status", "PASS") catch err; showerror(stderr, err, catch_backtrace()); println(stderr); write("/root/BF




julia> 
try include("experiments/scotland/06_qs_joint_and_market_observation/r08_record.jl"); write("/root/BF_runs/logs/qs_experiment_w2/phase4_record.status", "PASS") catch err; showerror(stderr, err, catch_backtrace()); println(stderr); write("/root/BF_




julia> 
try include("experiments/scotland/06_qs_joint_and_market_observation/r08_record.jl"); write("/root/BF_runs/logs/qs_experiment_w2/phase4_record.status", "PASS") catch err; showerror(stderr, err, catch_backtrace()); println(stderr); write("/root/BF_r




julia> 
try include("experiments/scotland/06_qs_joint_and_market_observation/r08_record.jl"); write("/root/BF_runs/logs/qs_experiment_w2/phase4_record.status", "PASS") catch err; showerror(stderr, err, catch_backtrace()); println(stderr); write("/root/BF_ru




julia> 
try include("experiments/scotland/06_qs_joint_and_market_observation/r08_record.jl"); write("/root/BF_runs/logs/qs_experiment_w2/phase4_record.status", "PASS") catch err; showerror(stderr, err, catch_backtrace()); println(stderr); write("/root/BF_run




julia> 
try include("experiments/scotland/06_qs_joint_and_market_observation/r08_record.jl"); write("/root/BF_runs/logs/qs_experiment_w2/phase4_record.status", "PASS") catch err; showerror(stderr, err, catch_backtrace()); println(stderr); write("/root/BF_runs




julia> 
try include("experiments/scotland/06_qs_joint_and_market_observation/r08_record.jl"); write("/root/BF_runs/logs/qs_experiment_w2/phase4_record.status", "PASS") catch err; showerror(stderr, err, catch_backtrace()); println(stderr); write("/root/BF_runs/




julia> 
try include("experiments/scotland/06_qs_joint_and_market_observation/r08_record.jl"); write("/root/BF_runs/logs/qs_experiment_w2/phase4_record.status", "PASS") catch err; showerror(stderr, err, catch_backtrace()); println(stderr); write("/root/BF_runs/l




julia> 
try include("experiments/scotland/06_qs_joint_and_market_observation/r08_record.jl"); write("/root/BF_runs/logs/qs_experiment_w2/phase4_record.status", "PASS") catch err; showerror(stderr, err, catch_backtrace()); println(stderr); write("/root/BF_runs/lo




julia> 
try include("experiments/scotland/06_qs_joint_and_market_observation/r08_record.jl"); write("/root/BF_runs/logs/qs_experiment_w2/phase4_record.status", "PASS") catch err; showerror(stderr, err, catch_backtrace()); println(stderr); write("/root/BF_runs/log




julia> 
try include("experiments/scotland/06_qs_joint_and_market_observation/r08_record.jl"); write("/root/BF_runs/logs/qs_experiment_w2/phase4_record.status", "PASS") catch err; showerror(stderr, err, catch_backtrace()); println(stderr); write("/root/BF_runs/logs




julia> 
try include("experiments/scotland/06_qs_joint_and_market_observation/r08_record.jl"); write("/root/BF_runs/logs/qs_experiment_w2/phase4_record.status", "PASS") catch err; showerror(stderr, err, catch_backtrace()); println(stderr); write("/root/BF_runs/logs/




julia> 
try include("experiments/scotland/06_qs_joint_and_market_observation/r08_record.jl"); write("/root/BF_runs/logs/qs_experiment_w2/phase4_record.status", "PASS") catch err; showerror(stderr, err, catch_backtrace()); println(stderr); write("/root/BF_runs/logs/q




julia> 
try include("experiments/scotland/06_qs_joint_and_market_observation/r08_record.jl"); write("/root/BF_runs/logs/qs_experiment_w2/phase4_record.status", "PASS") catch err; showerror(stderr, err, catch_backtrace()); println(stderr); write("/root/BF_runs/logs/qs




julia> 
try include("experiments/scotland/06_qs_joint_and_market_observation/r08_record.jl"); write("/root/BF_runs/logs/qs_experiment_w2/phase4_record.status", "PASS") catch err; showerror(stderr, err, catch_backtrace()); println(stderr); write("/root/BF_runs/logs/qs_




julia> 
try include("experiments/scotland/06_qs_joint_and_market_observation/r08_record.jl"); write("/root/BF_runs/logs/qs_experiment_w2/phase4_record.status", "PASS") catch err; showerror(stderr, err, catch_backtrace()); println(stderr); write("/root/BF_runs/logs/qs_e




julia> 
try include("experiments/scotland/06_qs_joint_and_market_observation/r08_record.jl"); write("/root/BF_runs/logs/qs_experiment_w2/phase4_record.status", "PASS") catch err; showerror(stderr, err, catch_backtrace()); println(stderr); write("/root/BF_runs/logs/qs_ex




julia> 
try include("experiments/scotland/06_qs_joint_and_market_observation/r08_record.jl"); write("/root/BF_runs/logs/qs_experiment_w2/phase4_record.status", "PASS") catch err; showerror(stderr, err, catch_backtrace()); println(stderr); write("/root/BF_runs/logs/qs_exp




julia> 
try include("experiments/scotland/06_qs_joint_and_market_observation/r08_record.jl"); write("/root/BF_runs/logs/qs_experiment_w2/phase4_record.status", "PASS") catch err; showerror(stderr, err, catch_backtrace()); println(stderr); write("/root/BF_runs/logs/qs_expe




julia> 
try include("experiments/scotland/06_qs_joint_and_market_observation/r08_record.jl"); write("/root/BF_runs/logs/qs_experiment_w2/phase4_record.status", "PASS") catch err; showerror(stderr, err, catch_backtrace()); println(stderr); write("/root/BF_runs/logs/qs_exper




julia> 
try include("experiments/scotland/06_qs_joint_and_market_observation/r08_record.jl"); write("/root/BF_runs/logs/qs_experiment_w2/phase4_record.status", "PASS") catch err; showerror(stderr, err, catch_backtrace()); println(stderr); write("/root/BF_runs/logs/qs_experi




julia> 
try include("experiments/scotland/06_qs_joint_and_market_observation/r08_record.jl"); write("/root/BF_runs/logs/qs_experiment_w2/phase4_record.status", "PASS") catch err; showerror(stderr, err, catch_backtrace()); println(stderr); write("/root/BF_runs/logs/qs_experim




julia> 
try include("experiments/scotland/06_qs_joint_and_market_observation/r08_record.jl"); write("/root/BF_runs/logs/qs_experiment_w2/phase4_record.status", "PASS") catch err; showerror(stderr, err, catch_backtrace()); println(stderr); write("/root/BF_runs/logs/qs_experime




julia> 
try include("experiments/scotland/06_qs_joint_and_market_observation/r08_record.jl"); write("/root/BF_runs/logs/qs_experiment_w2/phase4_record.status", "PASS") catch err; showerror(stderr, err, catch_backtrace()); println(stderr); write("/root/BF_runs/logs/qs_experimen




julia> 
try include("experiments/scotland/06_qs_joint_and_market_observation/r08_record.jl"); write("/root/BF_runs/logs/qs_experiment_w2/phase4_record.status", "PASS") catch err; showerror(stderr, err, catch_backtrace()); println(stderr); write("/root/BF_runs/logs/qs_experiment




julia> 
try include("experiments/scotland/06_qs_joint_and_market_observation/r08_record.jl"); write("/root/BF_runs/logs/qs_experiment_w2/phase4_record.status", "PASS") catch err; showerror(stderr, err, catch_backtrace()); println(stderr); write("/root/BF_runs/logs/qs_experiment_




julia> 
try include("experiments/scotland/06_qs_joint_and_market_observation/r08_record.jl"); write("/root/BF_runs/logs/qs_experiment_w2/phase4_record.status", "PASS") catch err; showerror(stderr, err, catch_backtrace()); println(stderr); write("/root/BF_runs/logs/qs_experiment_w




julia> 
try include("experiments/scotland/06_qs_joint_and_market_observation/r08_record.jl"); write("/root/BF_runs/logs/qs_experiment_w2/phase4_record.status", "PASS") catch err; showerror(stderr, err, catch_backtrace()); println(stderr); write("/root/BF_runs/logs/qs_experiment_w2




julia> 
try include("experiments/scotland/06_qs_joint_and_market_observation/r08_record.jl"); write("/root/BF_runs/logs/qs_experiment_w2/phase4_record.status", "PASS") catch err; showerror(stderr, err, catch_backtrace()); println(stderr); write("/root/BF_runs/logs/qs_experiment_w2/




julia> 
try include("experiments/scotland/06_qs_joint_and_market_observation/r08_record.jl"); write("/root/BF_runs/logs/qs_experiment_w2/phase4_record.status", "PASS") catch err; showerror(stderr, err, catch_backtrace()); println(stderr); write("/root/BF_runs/logs/qs_experiment_w2/p




julia> 
try include("experiments/scotland/06_qs_joint_and_market_observation/r08_record.jl"); write("/root/BF_runs/logs/qs_experiment_w2/phase4_record.status", "PASS") catch err; showerror(stderr, err, catch_backtrace()); println(stderr); write("/root/BF_runs/logs/qs_experiment_w2/ph




julia> 
try include("experiments/scotland/06_qs_joint_and_market_observation/r08_record.jl"); write("/root/BF_runs/logs/qs_experiment_w2/phase4_record.status", "PASS") catch err; showerror(stderr, err, catch_backtrace()); println(stderr); write("/root/BF_runs/logs/qs_experiment_w2/pha




julia> 
try include("experiments/scotland/06_qs_joint_and_market_observation/r08_record.jl"); write("/root/BF_runs/logs/qs_experiment_w2/phase4_record.status", "PASS") catch err; showerror(stderr, err, catch_backtrace()); println(stderr); write("/root/BF_runs/logs/qs_experiment_w2/phas




julia> 
try include("experiments/scotland/06_qs_joint_and_market_observation/r08_record.jl"); write("/root/BF_runs/logs/qs_experiment_w2/phase4_record.status", "PASS") catch err; showerror(stderr, err, catch_backtrace()); println(stderr); write("/root/BF_runs/logs/qs_experiment_w2/phase




julia> 
try include("experiments/scotland/06_qs_joint_and_market_observation/r08_record.jl"); write("/root/BF_runs/logs/qs_experiment_w2/phase4_record.status", "PASS") catch err; showerror(stderr, err, catch_backtrace()); println(stderr); write("/root/BF_runs/logs/qs_experiment_w2/phase4




julia> 
try include("experiments/scotland/06_qs_joint_and_market_observation/r08_record.jl"); write("/root/BF_runs/logs/qs_experiment_w2/phase4_record.status", "PASS") catch err; showerror(stderr, err, catch_backtrace()); println(stderr); write("/root/BF_runs/logs/qs_experiment_w2/phase4_




julia> 
try include("experiments/scotland/06_qs_joint_and_market_observation/r08_record.jl"); write("/root/BF_runs/logs/qs_experiment_w2/phase4_record.status", "PASS") catch err; showerror(stderr, err, catch_backtrace()); println(stderr); write("/root/BF_runs/logs/qs_experiment_w2/phase4_r




julia> 
try include("experiments/scotland/06_qs_joint_and_market_observation/r08_record.jl"); write("/root/BF_runs/logs/qs_experiment_w2/phase4_record.status", "PASS") catch err; showerror(stderr, err, catch_backtrace()); println(stderr); write("/root/BF_runs/logs/qs_experiment_w2/phase4_re




julia> 
try include("experiments/scotland/06_qs_joint_and_market_observation/r08_record.jl"); write("/root/BF_runs/logs/qs_experiment_w2/phase4_record.status", "PASS") catch err; showerror(stderr, err, catch_backtrace()); println(stderr); write("/root/BF_runs/logs/qs_experiment_w2/phase4_rec




julia> 
try include("experiments/scotland/06_qs_joint_and_market_observation/r08_record.jl"); write("/root/BF_runs/logs/qs_experiment_w2/phase4_record.status", "PASS") catch err; showerror(stderr, err, catch_backtrace()); println(stderr); write("/root/BF_runs/logs/qs_experiment_w2/phase4_reco




julia> 
try include("experiments/scotland/06_qs_joint_and_market_observation/r08_record.jl"); write("/root/BF_runs/logs/qs_experiment_w2/phase4_record.status", "PASS") catch err; showerror(stderr, err, catch_backtrace()); println(stderr); write("/root/BF_runs/logs/qs_experiment_w2/phase4_recor




julia> 
try include("experiments/scotland/06_qs_joint_and_market_observation/r08_record.jl"); write("/root/BF_runs/logs/qs_experiment_w2/phase4_record.status", "PASS") catch err; showerror(stderr, err, catch_backtrace()); println(stderr); write("/root/BF_runs/logs/qs_experiment_w2/phase4_record




julia> 
try include("experiments/scotland/06_qs_joint_and_market_observation/r08_record.jl"); write("/root/BF_runs/logs/qs_experiment_w2/phase4_record.status", "PASS") catch err; showerror(stderr, err, catch_backtrace()); println(stderr); write("/root/BF_runs/logs/qs_experiment_w2/phase4_record.




julia> 
try include("experiments/scotland/06_qs_joint_and_market_observation/r08_record.jl"); write("/root/BF_runs/logs/qs_experiment_w2/phase4_record.status", "PASS") catch err; showerror(stderr, err, catch_backtrace()); println(stderr); write("/root/BF_runs/logs/qs_experiment_w2/phase4_record.s




julia> 
try include("experiments/scotland/06_qs_joint_and_market_observation/r08_record.jl"); write("/root/BF_runs/logs/qs_experiment_w2/phase4_record.status", "PASS") catch err; showerror(stderr, err, catch_backtrace()); println(stderr); write("/root/BF_runs/logs/qs_experiment_w2/phase4_record.st




julia> 
try include("experiments/scotland/06_qs_joint_and_market_observation/r08_record.jl"); write("/root/BF_runs/logs/qs_experiment_w2/phase4_record.status", "PASS") catch err; showerror(stderr, err, catch_backtrace()); println(stderr); write("/root/BF_runs/logs/qs_experiment_w2/phase4_record.sta




julia> 
try include("experiments/scotland/06_qs_joint_and_market_observation/r08_record.jl"); write("/root/BF_runs/logs/qs_experiment_w2/phase4_record.status", "PASS") catch err; showerror(stderr, err, catch_backtrace()); println(stderr); write("/root/BF_runs/logs/qs_experiment_w2/phase4_record.stat




julia> 
try include("experiments/scotland/06_qs_joint_and_market_observation/r08_record.jl"); write("/root/BF_runs/logs/qs_experiment_w2/phase4_record.status", "PASS") catch err; showerror(stderr, err, catch_backtrace()); println(stderr); write("/root/BF_runs/logs/qs_experiment_w2/phase4_record.statu




julia> 
try include("experiments/scotland/06_qs_joint_and_market_observation/r08_record.jl"); write("/root/BF_runs/logs/qs_experiment_w2/phase4_record.status", "PASS") catch err; showerror(stderr, err, catch_backtrace()); println(stderr); write("/root/BF_runs/logs/qs_experiment_w2/phase4_record.status




julia> 
try include("experiments/scotland/06_qs_joint_and_market_observation/r08_record.jl"); write("/root/BF_runs/logs/qs_experiment_w2/phase4_record.status", "PASS") catch err; showerror(stderr, err, catch_backtrace()); println(stderr); write("/root/BF_runs/logs/qs_experiment_w2/phase4_record.status"




julia> 
try include("experiments/scotland/06_qs_joint_and_market_observation/r08_record.jl"); write("/root/BF_runs/logs/qs_experiment_w2/phase4_record.status", "PASS") catch err; showerror(stderr, err, catch_backtrace()); println(stderr); write("/root/BF_runs/logs/qs_experiment_w2/phase4_record.status",




julia> 
try include("experiments/scotland/06_qs_joint_and_market_observation/r08_record.jl"); write("/root/BF_runs/logs/qs_experiment_w2/phase4_record.status", "PASS") catch err; showerror(stderr, err, catch_backtrace()); println(stderr); write("/root/BF_runs/logs/qs_experiment_w2/phase4_record.status", 




julia> 
try include("experiments/scotland/06_qs_joint_and_market_observation/r08_record.jl"); write("/root/BF_runs/logs/qs_experiment_w2/phase4_record.status", "PASS") catch err; showerror(stderr, err, catch_backtrace()); println(stderr); write("/root/BF_runs/logs/qs_experiment_w2/phase4_record.status", "




julia> 
try include("experiments/scotland/06_qs_joint_and_market_observation/r08_record.jl"); write("/root/BF_runs/logs/qs_experiment_w2/phase4_record.status", "PASS") catch err; showerror(stderr, err, catch_backtrace()); println(stderr); write("/root/BF_runs/logs/qs_experiment_w2/phase4_record.status", "F




julia> 
try include("experiments/scotland/06_qs_joint_and_market_observation/r08_record.jl"); write("/root/BF_runs/logs/qs_experiment_w2/phase4_record.status", "PASS") catch err; showerror(stderr, err, catch_backtrace()); println(stderr); write("/root/BF_runs/logs/qs_experiment_w2/phase4_record.status", "FA




julia> 
try include("experiments/scotland/06_qs_joint_and_market_observation/r08_record.jl"); write("/root/BF_runs/logs/qs_experiment_w2/phase4_record.status", "PASS") catch err; showerror(stderr, err, catch_backtrace()); println(stderr); write("/root/BF_runs/logs/qs_experiment_w2/phase4_record.status", "FAI




julia> 
try include("experiments/scotland/06_qs_joint_and_market_observation/r08_record.jl"); write("/root/BF_runs/logs/qs_experiment_w2/phase4_record.status", "PASS") catch err; showerror(stderr, err, catch_backtrace()); println(stderr); write("/root/BF_runs/logs/qs_experiment_w2/phase4_record.status", "FAIL




julia> 
try include("experiments/scotland/06_qs_joint_and_market_observation/r08_record.jl"); write("/root/BF_runs/logs/qs_experiment_w2/phase4_record.status", "PASS") catch err; showerror(stderr, err, catch_backtrace()); println(stderr); write("/root/BF_runs/logs/qs_experiment_w2/phase4_record.status", "FAIL"




julia> 
try include("experiments/scotland/06_qs_joint_and_market_observation/r08_record.jl"); write("/root/BF_runs/logs/qs_experiment_w2/phase4_record.status", "PASS") catch err; showerror(stderr, err, catch_backtrace()); println(stderr); write("/root/BF_runs/logs/qs_experiment_w2/phase4_record.status", "FAIL")




julia> 
try include("experiments/scotland/06_qs_joint_and_market_observation/r08_record.jl"); write("/root/BF_runs/logs/qs_experiment_w2/phase4_record.status", "PASS") catch err; showerror(stderr, err, catch_backtrace()); println(stderr); write("/root/BF_runs/logs/qs_experiment_w2/phase4_record.status", "FAIL") 




julia> 
try include("experiments/scotland/06_qs_joint_and_market_observation/r08_record.jl"); write("/root/BF_runs/logs/qs_experiment_w2/phase4_record.status", "PASS") catch err; showerror(stderr, err, catch_backtrace()); println(stderr); write("/root/BF_runs/logs/qs_experiment_w2/phase4_record.status", "FAIL") e




julia> 
try include("experiments/scotland/06_qs_joint_and_market_observation/r08_record.jl"); write("/root/BF_runs/logs/qs_experiment_w2/phase4_record.status", "PASS") catch err; showerror(stderr, err, catch_backtrace()); println(stderr); write("/root/BF_runs/logs/qs_experiment_w2/phase4_record.status", "FAIL") en




julia> 
try include("experiments/scotland/06_qs_joint_and_market_observation/r08_record.jl"); write("/root/BF_runs/logs/qs_experiment_w2/phase4_record.status", "PASS") catch err; showerror(stderr, err, catch_backtrace()); println(stderr); write("/root/BF_runs/logs/qs_experiment_w2/phase4_record.status", "FAIL") end




julia> 
try include("experiments/scotland/06_qs_joint_and_market_observation/r08_record.jl"); write("/root/BF_runs/logs/qs_experiment_w2/phase4_record.status", "PASS") catch err; showerror(stderr, err, catch_backtrace()); println(stderr); write("/root/BF_runs/logs/qs_experiment_w2/phase4_record.status", "FAIL") end

NOTICE:  relation "harness_scores" already exists, skipping
NOTICE:  column "control_run_id" of relation "harness_scores" already exists, skipping
NOTICE:  column "panel" of relation "harness_scores" already exists, skipping
NOTICE:  constraint "harness_scores_pkey" of relation "harness_scores" does not exist, skipping
NOTICE:  relation "harness_scores_unique_idx" already exists, skipping
NOTICE:  relation "harness_scores_lookup_idx" already exists, skipping
NOTICE:  relation "harness_experiments" already exists, skipping
NOTICE:  column "run_commits" of relation "harness_experiments" already exists, skipping
NOTICE:  relation "harness_checks" already exists, skipping
NOTICE:  relation "harness_checks_recipe_stage_idx" already exists, skipping
NOTICE:  relation "harness_checks_run_idx" already exists, skipping
Wrote experiments/LEADERBOARD.csv, experiments/LEADERBOARD.md, experiments/REGISTER.md
PHASE4_RECORD_PASS status=scored arms=4 exact_phase3_scores=true
4



julia> 


julia> 

