JULIA_PKG_PRECOMPILE_AUTO=0 /root/.juliaup/bin/julia --project -t 16

]3008;start=16763c93-2439-4225-a965-cc9857582536;machineid=8ed18d1d13c94a57a1774e208462fff6;user=root;hostname=mcmc-beast;bootid=d72b73bc-fa4a-47f7-ae98-e04bfd454229;pid=00000000000001142677;type=command;cwd=/root/BF_runs/qs_experiment\]0;Julia]0;Julia  🦋 Kaimon gate connected (qs_experiment)
  host REPL mirroring enabled
               _
   _       _ _(_)_     |  Documentation: https://docs.julialang.org
  (_)     | (_) (_)    |
   _ _   _| |_  __ _   |  Type "?" for help, "]?" for Pkg help.
  | | | | | | |/ _` |  |
  | | |_| | | | (_| |  |  Version 1.12.4 (2026-01-06)
 _/ |\__'_|_|_|\__'_|  |  Official https://julialang.org release
|__/                   |


julia> 

try include("experiments/scotland/06_qs_joint_and_market_observation/r06
julia> 
try include("experiments/scotland/06_qs_joint_and_market_observation/r06_




julia> 
try include("experiments/scotland/06_qs_joint_and_market_observation/r06_s


julia> 
try include("experiments/scotland/06_qs_joint_and_market_observation/r06_sc


julia> 
try include("experiments/scotland/06_qs_joint_and_market_observation/r06_sco


julia> 
try include("experiments/scotland/06_qs_joint_and_market_observation/r06_scor


julia> 
try include("experiments/scotland/06_qs_joint_and_market_observation/r06_score


julia> 
try include("experiments/scotland/06_qs_joint_and_market_observation/r06_score.


julia> 
try include("experiments/scotland/06_qs_joint_and_market_observation/r06_score.j


julia> 
try include("experiments/scotland/06_qs_joint_and_market_observation/r06_score.jl


julia> 
try include("experiments/scotland/06_qs_joint_and_market_observation/r06_score.jl"


julia> 
try include("experiments/scotland/06_qs_joint_and_market_observation/r06_score.jl")


julia> 
try include("experiments/scotland/06_qs_joint_and_market_observation/r06_score.jl");


julia> 
try include("experiments/scotland/06_qs_joint_and_market_observation/r06_score.jl"); 


julia> 
try include("experiments/scotland/06_qs_joint_and_market_observation/r06_score.jl"); w


julia> 
try include("experiments/scotland/06_qs_joint_and_market_observation/r06_score.jl"); wr


julia> 
try include("experiments/scotland/06_qs_joint_and_market_observation/r06_score.jl"); wri


julia> 
try include("experiments/scotland/06_qs_joint_and_market_observation/r06_score.jl"); writ


julia> 
try include("experiments/scotland/06_qs_joint_and_market_observation/r06_score.jl"); write


julia> 
try include("experiments/scotland/06_qs_joint_and_market_observation/r06_score.jl"); write(


julia> 
try include("experiments/scotland/06_qs_joint_and_market_observation/r06_score.jl"); write("


julia> 
try include("experiments/scotland/06_qs_joint_and_market_observation/r06_score.jl"); write("/


julia> 
try include("experiments/scotland/06_qs_joint_and_market_observation/r06_score.jl"); write("/r


julia> 
try include("experiments/scotland/06_qs_joint_and_market_observation/r06_score.jl"); write("/ro


julia> 
try include("experiments/scotland/06_qs_joint_and_market_observation/r06_score.jl"); write("/roo


julia> 
try include("experiments/scotland/06_qs_joint_and_market_observation/r06_score.jl"); write("/root


julia> 
try include("experiments/scotland/06_qs_joint_and_market_observation/r06_score.jl"); write("/root/


julia> 
try include("experiments/scotland/06_qs_joint_and_market_observation/r06_score.jl"); write("/root/B


julia> 
try include("experiments/scotland/06_qs_joint_and_market_observation/r06_score.jl"); write("/root/BF


julia> 
try include("experiments/scotland/06_qs_joint_and_market_observation/r06_score.jl"); write("/root/BF_


julia> 
try include("experiments/scotland/06_qs_joint_and_market_observation/r06_score.jl"); write("/root/BF_r


julia> 
try include("experiments/scotland/06_qs_joint_and_market_observation/r06_score.jl"); write("/root/BF_ru


julia> 
try include("experiments/scotland/06_qs_joint_and_market_observation/r06_score.jl"); write("/root/BF_run


julia> 
try include("experiments/scotland/06_qs_joint_and_market_observation/r06_score.jl"); write("/root/BF_runs


julia> 
try include("experiments/scotland/06_qs_joint_and_market_observation/r06_score.jl"); write("/root/BF_runs/


julia> 
try include("experiments/scotland/06_qs_joint_and_market_observation/r06_score.jl"); write("/root/BF_runs/l


julia> 
try include("experiments/scotland/06_qs_joint_and_market_observation/r06_score.jl"); write("/root/BF_runs/lo


julia> 
try include("experiments/scotland/06_qs_joint_and_market_observation/r06_score.jl"); write("/root/BF_runs/log


julia> 
try include("experiments/scotland/06_qs_joint_and_market_observation/r06_score.jl"); write("/root/BF_runs/logs


julia> 
try include("experiments/scotland/06_qs_joint_and_market_observation/r06_score.jl"); write("/root/BF_runs/logs/


julia> 
try include("experiments/scotland/06_qs_joint_and_market_observation/r06_score.jl"); write("/root/BF_runs/logs/q


julia> 
try include("experiments/scotland/06_qs_joint_and_market_observation/r06_score.jl"); write("/root/BF_runs/logs/qs


julia> 
try include("experiments/scotland/06_qs_joint_and_market_observation/r06_score.jl"); write("/root/BF_runs/logs/qs_


julia> 
try include("experiments/scotland/06_qs_joint_and_market_observation/r06_score.jl"); write("/root/BF_runs/logs/qs_e


julia> 
try include("experiments/scotland/06_qs_joint_and_market_observation/r06_score.jl"); write("/root/BF_runs/logs/qs_ex


julia> 
try include("experiments/scotland/06_qs_joint_and_market_observation/r06_score.jl"); write("/root/BF_runs/logs/qs_exp


julia> 
try include("experiments/scotland/06_qs_joint_and_market_observation/r06_score.jl"); write("/root/BF_runs/logs/qs_expe


julia> 
try include("experiments/scotland/06_qs_joint_and_market_observation/r06_score.jl"); write("/root/BF_runs/logs/qs_exper


julia> 
try include("experiments/scotland/06_qs_joint_and_market_observation/r06_score.jl"); write("/root/BF_runs/logs/qs_experi


julia> 
try include("experiments/scotland/06_qs_joint_and_market_observation/r06_score.jl"); write("/root/BF_runs/logs/qs_experim


julia> 
try include("experiments/scotland/06_qs_joint_and_market_observation/r06_score.jl"); write("/root/BF_runs/logs/qs_experime


julia> 
try include("experiments/scotland/06_qs_joint_and_market_observation/r06_score.jl"); write("/root/BF_runs/logs/qs_experimen


julia> 
try include("experiments/scotland/06_qs_joint_and_market_observation/r06_score.jl"); write("/root/BF_runs/logs/qs_experiment


julia> 
try include("experiments/scotland/06_qs_joint_and_market_observation/r06_score.jl"); write("/root/BF_runs/logs/qs_experiment_


julia> 
try include("experiments/scotland/06_qs_joint_and_market_observation/r06_score.jl"); write("/root/BF_runs/logs/qs_experiment_w


julia> 
try include("experiments/scotland/06_qs_joint_and_market_observation/r06_score.jl"); write("/root/BF_runs/logs/qs_experiment_w2


julia> 
try include("experiments/scotland/06_qs_joint_and_market_observation/r06_score.jl"); write("/root/BF_runs/logs/qs_experiment_w2/


julia> 
try include("experiments/scotland/06_qs_joint_and_market_observation/r06_score.jl"); write("/root/BF_runs/logs/qs_experiment_w2/p


julia> 
try include("experiments/scotland/06_qs_joint_and_market_observation/r06_score.jl"); write("/root/BF_runs/logs/qs_experiment_w2/ph


julia> 
try include("experiments/scotland/06_qs_joint_and_market_observation/r06_score.jl"); write("/root/BF_runs/logs/qs_experiment_w2/pha


julia> 
try include("experiments/scotland/06_qs_joint_and_market_observation/r06_score.jl"); write("/root/BF_runs/logs/qs_experiment_w2/phas


julia> 
try include("experiments/scotland/06_qs_joint_and_market_observation/r06_score.jl"); write("/root/BF_runs/logs/qs_experiment_w2/phase


julia> 
try include("experiments/scotland/06_qs_joint_and_market_observation/r06_score.jl"); write("/root/BF_runs/logs/qs_experiment_w2/phase4


julia> 
try include("experiments/scotland/06_qs_joint_and_market_observation/r06_score.jl"); write("/root/BF_runs/logs/qs_experiment_w2/phase4_


julia> 
try include("experiments/scotland/06_qs_joint_and_market_observation/r06_score.jl"); write("/root/BF_runs/logs/qs_experiment_w2/phase4_s


julia> 
try include("experiments/scotland/06_qs_joint_and_market_observation/r06_score.jl"); write("/root/BF_runs/logs/qs_experiment_w2/phase4_sc


julia> 
try include("experiments/scotland/06_qs_joint_and_market_observation/r06_score.jl"); write("/root/BF_runs/logs/qs_experiment_w2/phase4_sco


julia> 
try include("experiments/scotland/06_qs_joint_and_market_observation/r06_score.jl"); write("/root/BF_runs/logs/qs_experiment_w2/phase4_scor


julia> 
try include("experiments/scotland/06_qs_joint_and_market_observation/r06_score.jl"); write("/root/BF_runs/logs/qs_experiment_w2/phase4_score


julia> 
try include("experiments/scotland/06_qs_joint_and_market_observation/r06_score.jl"); write("/root/BF_runs/logs/qs_experiment_w2/phase4_score_


julia> 
try include("experiments/scotland/06_qs_joint_and_market_observation/r06_score.jl"); write("/root/BF_runs/logs/qs_experiment_w2/phase4_score_v


julia> 
try include("experiments/scotland/06_qs_joint_and_market_observation/r06_score.jl"); write("/root/BF_runs/logs/qs_experiment_w2/phase4_score_v1


julia> 
try include("experiments/scotland/06_qs_joint_and_market_observation/r06_score.jl"); write("/root/BF_runs/logs/qs_experiment_w2/phase4_score_v1.


julia> 
try include("experiments/scotland/06_qs_joint_and_market_observation/r06_score.jl"); write("/root/BF_runs/logs/qs_experiment_w2/phase4_score_v1.s


julia> 
try include("experiments/scotland/06_qs_joint_and_market_observation/r06_score.jl"); write("/root/BF_runs/logs/qs_experiment_w2/phase4_score_v1.st


julia> 
try include("experiments/scotland/06_qs_joint_and_market_observation/r06_score.jl"); write("/root/BF_runs/logs/qs_experiment_w2/phase4_score_v1.sta


julia> 
try include("experiments/scotland/06_qs_joint_and_market_observation/r06_score.jl"); write("/root/BF_runs/logs/qs_experiment_w2/phase4_score_v1.stat


julia> 
try include("experiments/scotland/06_qs_joint_and_market_observation/r06_score.jl"); write("/root/BF_runs/logs/qs_experiment_w2/phase4_score_v1.statu


julia> 
try include("experiments/scotland/06_qs_joint_and_market_observation/r06_score.jl"); write("/root/BF_runs/logs/qs_experiment_w2/phase4_score_v1.status


julia> 
try include("experiments/scotland/06_qs_joint_and_market_observation/r06_score.jl"); write("/root/BF_runs/logs/qs_experiment_w2/phase4_score_v1.status"


julia> 
try include("experiments/scotland/06_qs_joint_and_market_observation/r06_score.jl"); write("/root/BF_runs/logs/qs_experiment_w2/phase4_score_v1.status",


julia> 
try include("experiments/scotland/06_qs_joint_and_market_observation/r06_score.jl"); write("/root/BF_runs/logs/qs_experiment_w2/phase4_score_v1.status", 





julia> 
try include("experiments/scotland/06_qs_joint_and_market_observation/r06_score.jl"); write("/root/BF_runs/logs/qs_experiment_w2/phase4_score_v1.status", "



julia> 
try include("experiments/scotland/06_qs_joint_and_market_observation/r06_score.jl"); write("/root/BF_runs/logs/qs_experiment_w2/phase4_score_v1.status", "P



julia> 
try include("experiments/scotland/06_qs_joint_and_market_observation/r06_score.jl"); write("/root/BF_runs/logs/qs_experiment_w2/phase4_score_v1.status", "PA



julia> 
try include("experiments/scotland/06_qs_joint_and_market_observation/r06_score.jl"); write("/root/BF_runs/logs/qs_experiment_w2/phase4_score_v1.status", "PAS



julia> 
try include("experiments/scotland/06_qs_joint_and_market_observation/r06_score.jl"); write("/root/BF_runs/logs/qs_experiment_w2/phase4_score_v1.status", "PASS



julia> 
try include("experiments/scotland/06_qs_joint_and_market_observation/r06_score.jl"); write("/root/BF_runs/logs/qs_experiment_w2/phase4_score_v1.status", "PASS"



julia> 
try include("experiments/scotland/06_qs_joint_and_market_observation/r06_score.jl"); write("/root/BF_runs/logs/qs_experiment_w2/phase4_score_v1.status", "PASS")



julia> 
try include("experiments/scotland/06_qs_joint_and_market_observation/r06_score.jl"); write("/root/BF_runs/logs/qs_experiment_w2/phase4_score_v1.status", "PASS") 



julia> 
try include("experiments/scotland/06_qs_joint_and_market_observation/r06_score.jl"); write("/root/BF_runs/logs/qs_experiment_w2/phase4_score_v1.status", "PASS") c



julia> 
try include("experiments/scotland/06_qs_joint_and_market_observation/r06_score.jl"); write("/root/BF_runs/logs/qs_experiment_w2/phase4_score_v1.status", "PASS") ca



julia> 
try include("experiments/scotland/06_qs_joint_and_market_observation/r06_score.jl"); write("/root/BF_runs/logs/qs_experiment_w2/phase4_score_v1.status", "PASS") cat



julia> 
try include("experiments/scotland/06_qs_joint_and_market_observation/r06_score.jl"); write("/root/BF_runs/logs/qs_experiment_w2/phase4_score_v1.status", "PASS") catc



julia> 
try include("experiments/scotland/06_qs_joint_and_market_observation/r06_score.jl"); write("/root/BF_runs/logs/qs_experiment_w2/phase4_score_v1.status", "PASS") catch



julia> 
try include("experiments/scotland/06_qs_joint_and_market_observation/r06_score.jl"); write("/root/BF_runs/logs/qs_experiment_w2/phase4_score_v1.status", "PASS") catch 



julia> 
try include("experiments/scotland/06_qs_joint_and_market_observation/r06_score.jl"); write("/root/BF_runs/logs/qs_experiment_w2/phase4_score_v1.status", "PASS") catch e



julia> 
try include("experiments/scotland/06_qs_joint_and_market_observation/r06_score.jl"); write("/root/BF_runs/logs/qs_experiment_w2/phase4_score_v1.status", "PASS") catch er



julia> 
try include("experiments/scotland/06_qs_joint_and_market_observation/r06_score.jl"); write("/root/BF_runs/logs/qs_experiment_w2/phase4_score_v1.status", "PASS") catch err



julia> 
try include("experiments/scotland/06_qs_joint_and_market_observation/r06_score.jl"); write("/root/BF_runs/logs/qs_experiment_w2/phase4_score_v1.status", "PASS") catch err;



julia> 
try include("experiments/scotland/06_qs_joint_and_market_observation/r06_score.jl"); write("/root/BF_runs/logs/qs_experiment_w2/phase4_score_v1.status", "PASS") catch err; 



julia> 
try include("experiments/scotland/06_qs_joint_and_market_observation/r06_score.jl"); write("/root/BF_runs/logs/qs_experiment_w2/phase4_score_v1.status", "PASS") catch err; s



julia> 
try include("experiments/scotland/06_qs_joint_and_market_observation/r06_score.jl"); write("/root/BF_runs/logs/qs_experiment_w2/phase4_score_v1.status", "PASS") catch err; sh



julia> 
try include("experiments/scotland/06_qs_joint_and_market_observation/r06_score.jl"); write("/root/BF_runs/logs/qs_experiment_w2/phase4_score_v1.status", "PASS") catch err; sho



julia> 
try include("experiments/scotland/06_qs_joint_and_market_observation/r06_score.jl"); write("/root/BF_runs/logs/qs_experiment_w2/phase4_score_v1.status", "PASS") catch err; show



julia> 
try include("experiments/scotland/06_qs_joint_and_market_observation/r06_score.jl"); write("/root/BF_runs/logs/qs_experiment_w2/phase4_score_v1.status", "PASS") catch err; showe



julia> 
try include("experiments/scotland/06_qs_joint_and_market_observation/r06_score.jl"); write("/root/BF_runs/logs/qs_experiment_w2/phase4_score_v1.status", "PASS") catch err; shower



julia> 
try include("experiments/scotland/06_qs_joint_and_market_observation/r06_score.jl"); write("/root/BF_runs/logs/qs_experiment_w2/phase4_score_v1.status", "PASS") catch err; showerr



julia> 
try include("experiments/scotland/06_qs_joint_and_market_observation/r06_score.jl"); write("/root/BF_runs/logs/qs_experiment_w2/phase4_score_v1.status", "PASS") catch err; showerro



julia> 
try include("experiments/scotland/06_qs_joint_and_market_observation/r06_score.jl"); write("/root/BF_runs/logs/qs_experiment_w2/phase4_score_v1.status", "PASS") catch err; showerror



julia> 
try include("experiments/scotland/06_qs_joint_and_market_observation/r06_score.jl"); write("/root/BF_runs/logs/qs_experiment_w2/phase4_score_v1.status", "PASS") catch err; showerror(



julia> 
try include("experiments/scotland/06_qs_joint_and_market_observation/r06_score.jl"); write("/root/BF_runs/logs/qs_experiment_w2/phase4_score_v1.status", "PASS") catch err; showerror(s



julia> 
try include("experiments/scotland/06_qs_joint_and_market_observation/r06_score.jl"); write("/root/BF_runs/logs/qs_experiment_w2/phase4_score_v1.status", "PASS") catch err; showerror(st



julia> 
try include("experiments/scotland/06_qs_joint_and_market_observation/r06_score.jl"); write("/root/BF_runs/logs/qs_experiment_w2/phase4_score_v1.status", "PASS") catch err; showerror(std



julia> 
try include("experiments/scotland/06_qs_joint_and_market_observation/r06_score.jl"); write("/root/BF_runs/logs/qs_experiment_w2/phase4_score_v1.status", "PASS") catch err; showerror(stde



julia> 
try include("experiments/scotland/06_qs_joint_and_market_observation/r06_score.jl"); write("/root/BF_runs/logs/qs_experiment_w2/phase4_score_v1.status", "PASS") catch err; showerror(stder



julia> 
try include("experiments/scotland/06_qs_joint_and_market_observation/r06_score.jl"); write("/root/BF_runs/logs/qs_experiment_w2/phase4_score_v1.status", "PASS") catch err; showerror(stderr



julia> 
try include("experiments/scotland/06_qs_joint_and_market_observation/r06_score.jl"); write("/root/BF_runs/logs/qs_experiment_w2/phase4_score_v1.status", "PASS") catch err; showerror(stderr,



julia> 
try include("experiments/scotland/06_qs_joint_and_market_observation/r06_score.jl"); write("/root/BF_runs/logs/qs_experiment_w2/phase4_score_v1.status", "PASS") catch err; showerror(stderr, 



julia> 
try include("experiments/scotland/06_qs_joint_and_market_observation/r06_score.jl"); write("/root/BF_runs/logs/qs_experiment_w2/phase4_score_v1.status", "PASS") catch err; showerror(stderr, e



julia> 
try include("experiments/scotland/06_qs_joint_and_market_observation/r06_score.jl"); write("/root/BF_runs/logs/qs_experiment_w2/phase4_score_v1.status", "PASS") catch err; showerror(stderr, er



julia> 
try include("experiments/scotland/06_qs_joint_and_market_observation/r06_score.jl"); write("/root/BF_runs/logs/qs_experiment_w2/phase4_score_v1.status", "PASS") catch err; showerror(stderr, err



julia> 
try include("experiments/scotland/06_qs_joint_and_market_observation/r06_score.jl"); write("/root/BF_runs/logs/qs_experiment_w2/phase4_score_v1.status", "PASS") catch err; showerror(stderr, err,



julia> 
try include("experiments/scotland/06_qs_joint_and_market_observation/r06_score.jl"); write("/root/BF_runs/logs/qs_experiment_w2/phase4_score_v1.status", "PASS") catch err; showerror(stderr, err, 



julia> 
try include("experiments/scotland/06_qs_joint_and_market_observation/r06_score.jl"); write("/root/BF_runs/logs/qs_experiment_w2/phase4_score_v1.status", "PASS") catch err; showerror(stderr, err, c



julia> 
try include("experiments/scotland/06_qs_joint_and_market_observation/r06_score.jl"); write("/root/BF_runs/logs/qs_experiment_w2/phase4_score_v1.status", "PASS") catch err; showerror(stderr, err, ca



julia> 
try include("experiments/scotland/06_qs_joint_and_market_observation/r06_score.jl"); write("/root/BF_runs/logs/qs_experiment_w2/phase4_score_v1.status", "PASS") catch err; showerror(stderr, err, cat



julia> 
try include("experiments/scotland/06_qs_joint_and_market_observation/r06_score.jl"); write("/root/BF_runs/logs/qs_experiment_w2/phase4_score_v1.status", "PASS") catch err; showerror(stderr, err, catc



julia> 
try include("experiments/scotland/06_qs_joint_and_market_observation/r06_score.jl"); write("/root/BF_runs/logs/qs_experiment_w2/phase4_score_v1.status", "PASS") catch err; showerror(stderr, err, catch



julia> 
try include("experiments/scotland/06_qs_joint_and_market_observation/r06_score.jl"); write("/root/BF_runs/logs/qs_experiment_w2/phase4_score_v1.status", "PASS") catch err; showerror(stderr, err, catch_



julia> 
try include("experiments/scotland/06_qs_joint_and_market_observation/r06_score.jl"); write("/root/BF_runs/logs/qs_experiment_w2/phase4_score_v1.status", "PASS") catch err; showerror(stderr, err, catch_b



julia> 
try include("experiments/scotland/06_qs_joint_and_market_observation/r06_score.jl"); write("/root/BF_runs/logs/qs_experiment_w2/phase4_score_v1.status", "PASS") catch err; showerror(stderr, err, catch_ba



julia> 
try include("experiments/scotland/06_qs_joint_and_market_observation/r06_score.jl"); write("/root/BF_runs/logs/qs_experiment_w2/phase4_score_v1.status", "PASS") catch err; showerror(stderr, err, catch_bac



julia> 
try include("experiments/scotland/06_qs_joint_and_market_observation/r06_score.jl"); write("/root/BF_runs/logs/qs_experiment_w2/phase4_score_v1.status", "PASS") catch err; showerror(stderr, err, catch_back



julia> 
try include("experiments/scotland/06_qs_joint_and_market_observation/r06_score.jl"); write("/root/BF_runs/logs/qs_experiment_w2/phase4_score_v1.status", "PASS") catch err; showerror(stderr, err, catch_backt



julia> 
try include("experiments/scotland/06_qs_joint_and_market_observation/r06_score.jl"); write("/root/BF_runs/logs/qs_experiment_w2/phase4_score_v1.status", "PASS") catch err; showerror(stderr, err, catch_backtr



julia> 
try include("experiments/scotland/06_qs_joint_and_market_observation/r06_score.jl"); write("/root/BF_runs/logs/qs_experiment_w2/phase4_score_v1.status", "PASS") catch err; showerror(stderr, err, catch_backtra



julia> 
try include("experiments/scotland/06_qs_joint_and_market_observation/r06_score.jl"); write("/root/BF_runs/logs/qs_experiment_w2/phase4_score_v1.status", "PASS") catch err; showerror(stderr, err, catch_backtrac



julia> 
try include("experiments/scotland/06_qs_joint_and_market_observation/r06_score.jl"); write("/root/BF_runs/logs/qs_experiment_w2/phase4_score_v1.status", "PASS") catch err; showerror(stderr, err, catch_backtrace



julia> 
try include("experiments/scotland/06_qs_joint_and_market_observation/r06_score.jl"); write("/root/BF_runs/logs/qs_experiment_w2/phase4_score_v1.status", "PASS") catch err; showerror(stderr, err, catch_backtrace(



julia> 
try include("experiments/scotland/06_qs_joint_and_market_observation/r06_score.jl"); write("/root/BF_runs/logs/qs_experiment_w2/phase4_score_v1.status", "PASS") catch err; showerror(stderr, err, catch_backtrace()



julia> 
try include("experiments/scotland/06_qs_joint_and_market_observation/r06_score.jl"); write("/root/BF_runs/logs/qs_experiment_w2/phase4_score_v1.status", "PASS") catch err; showerror(stderr, err, catch_backtrace())



julia> 
try include("experiments/scotland/06_qs_joint_and_market_observation/r06_score.jl"); write("/root/BF_runs/logs/qs_experiment_w2/phase4_score_v1.status", "PASS") catch err; showerror(stderr, err, catch_backtrace());



julia> 
try include("experiments/scotland/06_qs_joint_and_market_observation/r06_score.jl"); write("/root/BF_runs/logs/qs_experiment_w2/phase4_score_v1.status", "PASS") catch err; showerror(stderr, err, catch_backtrace()); 



julia> 
try include("experiments/scotland/06_qs_joint_and_market_observation/r06_score.jl"); write("/root/BF_runs/logs/qs_experiment_w2/phase4_score_v1.status", "PASS") catch err; showerror(stderr, err, catch_backtrace()); p



julia> 
try include("experiments/scotland/06_qs_joint_and_market_observation/r06_score.jl"); write("/root/BF_runs/logs/qs_experiment_w2/phase4_score_v1.status", "PASS") catch err; showerror(stderr, err, catch_backtrace()); pr



julia> 
try include("experiments/scotland/06_qs_joint_and_market_observation/r06_score.jl"); write("/root/BF_runs/logs/qs_experiment_w2/phase4_score_v1.status", "PASS") catch err; showerror(stderr, err, catch_backtrace()); pri



julia> 
try include("experiments/scotland/06_qs_joint_and_market_observation/r06_score.jl"); write("/root/BF_runs/logs/qs_experiment_w2/phase4_score_v1.status", "PASS") catch err; showerror(stderr, err, catch_backtrace()); prin



julia> 
try include("experiments/scotland/06_qs_joint_and_market_observation/r06_score.jl"); write("/root/BF_runs/logs/qs_experiment_w2/phase4_score_v1.status", "PASS") catch err; showerror(stderr, err, catch_backtrace()); print



julia> 
try include("experiments/scotland/06_qs_joint_and_market_observation/r06_score.jl"); write("/root/BF_runs/logs/qs_experiment_w2/phase4_score_v1.status", "PASS") catch err; showerror(stderr, err, catch_backtrace()); printl



julia> 
try include("experiments/scotland/06_qs_joint_and_market_observation/r06_score.jl"); write("/root/BF_runs/logs/qs_experiment_w2/phase4_score_v1.status", "PASS") catch err; showerror(stderr, err, catch_backtrace()); println



julia> 
try include("experiments/scotland/06_qs_joint_and_market_observation/r06_score.jl"); write("/root/BF_runs/logs/qs_experiment_w2/phase4_score_v1.status", "PASS") catch err; showerror(stderr, err, catch_backtrace()); println(



julia> 
try include("experiments/scotland/06_qs_joint_and_market_observation/r06_score.jl"); write("/root/BF_runs/logs/qs_experiment_w2/phase4_score_v1.status", "PASS") catch err; showerror(stderr, err, catch_backtrace()); println(s



julia> 
try include("experiments/scotland/06_qs_joint_and_market_observation/r06_score.jl"); write("/root/BF_runs/logs/qs_experiment_w2/phase4_score_v1.status", "PASS") catch err; showerror(stderr, err, catch_backtrace()); println(st



julia> 
try include("experiments/scotland/06_qs_joint_and_market_observation/r06_score.jl"); write("/root/BF_runs/logs/qs_experiment_w2/phase4_score_v1.status", "PASS") catch err; showerror(stderr, err, catch_backtrace()); println(std



julia> 
try include("experiments/scotland/06_qs_joint_and_market_observation/r06_score.jl"); write("/root/BF_runs/logs/qs_experiment_w2/phase4_score_v1.status", "PASS") catch err; showerror(stderr, err, catch_backtrace()); println(stde



julia> 
try include("experiments/scotland/06_qs_joint_and_market_observation/r06_score.jl"); write("/root/BF_runs/logs/qs_experiment_w2/phase4_score_v1.status", "PASS") catch err; showerror(stderr, err, catch_backtrace()); println(stder



julia> 
try include("experiments/scotland/06_qs_joint_and_market_observation/r06_score.jl"); write("/root/BF_runs/logs/qs_experiment_w2/phase4_score_v1.status", "PASS") catch err; showerror(stderr, err, catch_backtrace()); println(stderr



julia> 
try include("experiments/scotland/06_qs_joint_and_market_observation/r06_score.jl"); write("/root/BF_runs/logs/qs_experiment_w2/phase4_score_v1.status", "PASS") catch err; showerror(stderr, err, catch_backtrace()); println(stderr)



julia> 
try include("experiments/scotland/06_qs_joint_and_market_observation/r06_score.jl"); write("/root/BF_runs/logs/qs_experiment_w2/phase4_score_v1.status", "PASS") catch err; showerror(stderr, err, catch_backtrace()); println(stderr);



julia> 
try include("experiments/scotland/06_qs_joint_and_market_observation/r06_score.jl"); write("/root/BF_runs/logs/qs_experiment_w2/phase4_score_v1.status", "PASS") catch err; showerror(stderr, err, catch_backtrace()); println(stderr); 



julia> 
try include("experiments/scotland/06_qs_joint_and_market_observation/r06_score.jl"); write("/root/BF_runs/logs/qs_experiment_w2/phase4_score_v1.status", "PASS") catch err; showerror(stderr, err, catch_backtrace()); println(stderr); w






julia> 
try include("experiments/scotland/06_qs_joint_and_market_observation/r06_score.jl"); write("/root/BF_runs/logs/qs_experiment_w2/phase4_score_v1.status", "PASS") catch err; showerror(stderr, err, catch_backtrace()); println(stderr); wr




julia> 
try include("experiments/scotland/06_qs_joint_and_market_observation/r06_score.jl"); write("/root/BF_runs/logs/qs_experiment_w2/phase4_score_v1.status", "PASS") catch err; showerror(stderr, err, catch_backtrace()); println(stderr); wri




julia> 
try include("experiments/scotland/06_qs_joint_and_market_observation/r06_score.jl"); write("/root/BF_runs/logs/qs_experiment_w2/phase4_score_v1.status", "PASS") catch err; showerror(stderr, err, catch_backtrace()); println(stderr); writ




julia> 
try include("experiments/scotland/06_qs_joint_and_market_observation/r06_score.jl"); write("/root/BF_runs/logs/qs_experiment_w2/phase4_score_v1.status", "PASS") catch err; showerror(stderr, err, catch_backtrace()); println(stderr); write




julia> 
try include("experiments/scotland/06_qs_joint_and_market_observation/r06_score.jl"); write("/root/BF_runs/logs/qs_experiment_w2/phase4_score_v1.status", "PASS") catch err; showerror(stderr, err, catch_backtrace()); println(stderr); write(




julia> 
try include("experiments/scotland/06_qs_joint_and_market_observation/r06_score.jl"); write("/root/BF_runs/logs/qs_experiment_w2/phase4_score_v1.status", "PASS") catch err; showerror(stderr, err, catch_backtrace()); println(stderr); write("




julia> 
try include("experiments/scotland/06_qs_joint_and_market_observation/r06_score.jl"); write("/root/BF_runs/logs/qs_experiment_w2/phase4_score_v1.status", "PASS") catch err; showerror(stderr, err, catch_backtrace()); println(stderr); write("/




julia> 
try include("experiments/scotland/06_qs_joint_and_market_observation/r06_score.jl"); write("/root/BF_runs/logs/qs_experiment_w2/phase4_score_v1.status", "PASS") catch err; showerror(stderr, err, catch_backtrace()); println(stderr); write("/r




julia> 
try include("experiments/scotland/06_qs_joint_and_market_observation/r06_score.jl"); write("/root/BF_runs/logs/qs_experiment_w2/phase4_score_v1.status", "PASS") catch err; showerror(stderr, err, catch_backtrace()); println(stderr); write("/ro




julia> 
try include("experiments/scotland/06_qs_joint_and_market_observation/r06_score.jl"); write("/root/BF_runs/logs/qs_experiment_w2/phase4_score_v1.status", "PASS") catch err; showerror(stderr, err, catch_backtrace()); println(stderr); write("/roo




julia> 
try include("experiments/scotland/06_qs_joint_and_market_observation/r06_score.jl"); write("/root/BF_runs/logs/qs_experiment_w2/phase4_score_v1.status", "PASS") catch err; showerror(stderr, err, catch_backtrace()); println(stderr); write("/root




julia> 
try include("experiments/scotland/06_qs_joint_and_market_observation/r06_score.jl"); write("/root/BF_runs/logs/qs_experiment_w2/phase4_score_v1.status", "PASS") catch err; showerror(stderr, err, catch_backtrace()); println(stderr); write("/root/




julia> 
try include("experiments/scotland/06_qs_joint_and_market_observation/r06_score.jl"); write("/root/BF_runs/logs/qs_experiment_w2/phase4_score_v1.status", "PASS") catch err; showerror(stderr, err, catch_backtrace()); println(stderr); write("/root/B




julia> 
try include("experiments/scotland/06_qs_joint_and_market_observation/r06_score.jl"); write("/root/BF_runs/logs/qs_experiment_w2/phase4_score_v1.status", "PASS") catch err; showerror(stderr, err, catch_backtrace()); println(stderr); write("/root/BF




julia> 
try include("experiments/scotland/06_qs_joint_and_market_observation/r06_score.jl"); write("/root/BF_runs/logs/qs_experiment_w2/phase4_score_v1.status", "PASS") catch err; showerror(stderr, err, catch_backtrace()); println(stderr); write("/root/BF_




julia> 
try include("experiments/scotland/06_qs_joint_and_market_observation/r06_score.jl"); write("/root/BF_runs/logs/qs_experiment_w2/phase4_score_v1.status", "PASS") catch err; showerror(stderr, err, catch_backtrace()); println(stderr); write("/root/BF_r




julia> 
try include("experiments/scotland/06_qs_joint_and_market_observation/r06_score.jl"); write("/root/BF_runs/logs/qs_experiment_w2/phase4_score_v1.status", "PASS") catch err; showerror(stderr, err, catch_backtrace()); println(stderr); write("/root/BF_ru




julia> 
try include("experiments/scotland/06_qs_joint_and_market_observation/r06_score.jl"); write("/root/BF_runs/logs/qs_experiment_w2/phase4_score_v1.status", "PASS") catch err; showerror(stderr, err, catch_backtrace()); println(stderr); write("/root/BF_run




julia> 
try include("experiments/scotland/06_qs_joint_and_market_observation/r06_score.jl"); write("/root/BF_runs/logs/qs_experiment_w2/phase4_score_v1.status", "PASS") catch err; showerror(stderr, err, catch_backtrace()); println(stderr); write("/root/BF_runs




julia> 
try include("experiments/scotland/06_qs_joint_and_market_observation/r06_score.jl"); write("/root/BF_runs/logs/qs_experiment_w2/phase4_score_v1.status", "PASS") catch err; showerror(stderr, err, catch_backtrace()); println(stderr); write("/root/BF_runs/




julia> 
try include("experiments/scotland/06_qs_joint_and_market_observation/r06_score.jl"); write("/root/BF_runs/logs/qs_experiment_w2/phase4_score_v1.status", "PASS") catch err; showerror(stderr, err, catch_backtrace()); println(stderr); write("/root/BF_runs/l




julia> 
try include("experiments/scotland/06_qs_joint_and_market_observation/r06_score.jl"); write("/root/BF_runs/logs/qs_experiment_w2/phase4_score_v1.status", "PASS") catch err; showerror(stderr, err, catch_backtrace()); println(stderr); write("/root/BF_runs/lo




julia> 
try include("experiments/scotland/06_qs_joint_and_market_observation/r06_score.jl"); write("/root/BF_runs/logs/qs_experiment_w2/phase4_score_v1.status", "PASS") catch err; showerror(stderr, err, catch_backtrace()); println(stderr); write("/root/BF_runs/log




julia> 
try include("experiments/scotland/06_qs_joint_and_market_observation/r06_score.jl"); write("/root/BF_runs/logs/qs_experiment_w2/phase4_score_v1.status", "PASS") catch err; showerror(stderr, err, catch_backtrace()); println(stderr); write("/root/BF_runs/logs




julia> 
try include("experiments/scotland/06_qs_joint_and_market_observation/r06_score.jl"); write("/root/BF_runs/logs/qs_experiment_w2/phase4_score_v1.status", "PASS") catch err; showerror(stderr, err, catch_backtrace()); println(stderr); write("/root/BF_runs/logs/




julia> 
try include("experiments/scotland/06_qs_joint_and_market_observation/r06_score.jl"); write("/root/BF_runs/logs/qs_experiment_w2/phase4_score_v1.status", "PASS") catch err; showerror(stderr, err, catch_backtrace()); println(stderr); write("/root/BF_runs/logs/q




julia> 
try include("experiments/scotland/06_qs_joint_and_market_observation/r06_score.jl"); write("/root/BF_runs/logs/qs_experiment_w2/phase4_score_v1.status", "PASS") catch err; showerror(stderr, err, catch_backtrace()); println(stderr); write("/root/BF_runs/logs/qs




julia> 
try include("experiments/scotland/06_qs_joint_and_market_observation/r06_score.jl"); write("/root/BF_runs/logs/qs_experiment_w2/phase4_score_v1.status", "PASS") catch err; showerror(stderr, err, catch_backtrace()); println(stderr); write("/root/BF_runs/logs/qs_




julia> 
try include("experiments/scotland/06_qs_joint_and_market_observation/r06_score.jl"); write("/root/BF_runs/logs/qs_experiment_w2/phase4_score_v1.status", "PASS") catch err; showerror(stderr, err, catch_backtrace()); println(stderr); write("/root/BF_runs/logs/qs_e




julia> 
try include("experiments/scotland/06_qs_joint_and_market_observation/r06_score.jl"); write("/root/BF_runs/logs/qs_experiment_w2/phase4_score_v1.status", "PASS") catch err; showerror(stderr, err, catch_backtrace()); println(stderr); write("/root/BF_runs/logs/qs_ex




julia> 
try include("experiments/scotland/06_qs_joint_and_market_observation/r06_score.jl"); write("/root/BF_runs/logs/qs_experiment_w2/phase4_score_v1.status", "PASS") catch err; showerror(stderr, err, catch_backtrace()); println(stderr); write("/root/BF_runs/logs/qs_exp




julia> 
try include("experiments/scotland/06_qs_joint_and_market_observation/r06_score.jl"); write("/root/BF_runs/logs/qs_experiment_w2/phase4_score_v1.status", "PASS") catch err; showerror(stderr, err, catch_backtrace()); println(stderr); write("/root/BF_runs/logs/qs_expe




julia> 
try include("experiments/scotland/06_qs_joint_and_market_observation/r06_score.jl"); write("/root/BF_runs/logs/qs_experiment_w2/phase4_score_v1.status", "PASS") catch err; showerror(stderr, err, catch_backtrace()); println(stderr); write("/root/BF_runs/logs/qs_exper




julia> 
try include("experiments/scotland/06_qs_joint_and_market_observation/r06_score.jl"); write("/root/BF_runs/logs/qs_experiment_w2/phase4_score_v1.status", "PASS") catch err; showerror(stderr, err, catch_backtrace()); println(stderr); write("/root/BF_runs/logs/qs_experi




julia> 
try include("experiments/scotland/06_qs_joint_and_market_observation/r06_score.jl"); write("/root/BF_runs/logs/qs_experiment_w2/phase4_score_v1.status", "PASS") catch err; showerror(stderr, err, catch_backtrace()); println(stderr); write("/root/BF_runs/logs/qs_experim




julia> 
try include("experiments/scotland/06_qs_joint_and_market_observation/r06_score.jl"); write("/root/BF_runs/logs/qs_experiment_w2/phase4_score_v1.status", "PASS") catch err; showerror(stderr, err, catch_backtrace()); println(stderr); write("/root/BF_runs/logs/qs_experime




julia> 
try include("experiments/scotland/06_qs_joint_and_market_observation/r06_score.jl"); write("/root/BF_runs/logs/qs_experiment_w2/phase4_score_v1.status", "PASS") catch err; showerror(stderr, err, catch_backtrace()); println(stderr); write("/root/BF_runs/logs/qs_experimen




julia> 
try include("experiments/scotland/06_qs_joint_and_market_observation/r06_score.jl"); write("/root/BF_runs/logs/qs_experiment_w2/phase4_score_v1.status", "PASS") catch err; showerror(stderr, err, catch_backtrace()); println(stderr); write("/root/BF_runs/logs/qs_experiment




julia> 
try include("experiments/scotland/06_qs_joint_and_market_observation/r06_score.jl"); write("/root/BF_runs/logs/qs_experiment_w2/phase4_score_v1.status", "PASS") catch err; showerror(stderr, err, catch_backtrace()); println(stderr); write("/root/BF_runs/logs/qs_experiment_




julia> 
try include("experiments/scotland/06_qs_joint_and_market_observation/r06_score.jl"); write("/root/BF_runs/logs/qs_experiment_w2/phase4_score_v1.status", "PASS") catch err; showerror(stderr, err, catch_backtrace()); println(stderr); write("/root/BF_runs/logs/qs_experiment_w




julia> 
try include("experiments/scotland/06_qs_joint_and_market_observation/r06_score.jl"); write("/root/BF_runs/logs/qs_experiment_w2/phase4_score_v1.status", "PASS") catch err; showerror(stderr, err, catch_backtrace()); println(stderr); write("/root/BF_runs/logs/qs_experiment_w2




julia> 
try include("experiments/scotland/06_qs_joint_and_market_observation/r06_score.jl"); write("/root/BF_runs/logs/qs_experiment_w2/phase4_score_v1.status", "PASS") catch err; showerror(stderr, err, catch_backtrace()); println(stderr); write("/root/BF_runs/logs/qs_experiment_w2/




julia> 
try include("experiments/scotland/06_qs_joint_and_market_observation/r06_score.jl"); write("/root/BF_runs/logs/qs_experiment_w2/phase4_score_v1.status", "PASS") catch err; showerror(stderr, err, catch_backtrace()); println(stderr); write("/root/BF_runs/logs/qs_experiment_w2/p




julia> 
try include("experiments/scotland/06_qs_joint_and_market_observation/r06_score.jl"); write("/root/BF_runs/logs/qs_experiment_w2/phase4_score_v1.status", "PASS") catch err; showerror(stderr, err, catch_backtrace()); println(stderr); write("/root/BF_runs/logs/qs_experiment_w2/ph




julia> 
try include("experiments/scotland/06_qs_joint_and_market_observation/r06_score.jl"); write("/root/BF_runs/logs/qs_experiment_w2/phase4_score_v1.status", "PASS") catch err; showerror(stderr, err, catch_backtrace()); println(stderr); write("/root/BF_runs/logs/qs_experiment_w2/pha




julia> 
try include("experiments/scotland/06_qs_joint_and_market_observation/r06_score.jl"); write("/root/BF_runs/logs/qs_experiment_w2/phase4_score_v1.status", "PASS") catch err; showerror(stderr, err, catch_backtrace()); println(stderr); write("/root/BF_runs/logs/qs_experiment_w2/phas




julia> 
try include("experiments/scotland/06_qs_joint_and_market_observation/r06_score.jl"); write("/root/BF_runs/logs/qs_experiment_w2/phase4_score_v1.status", "PASS") catch err; showerror(stderr, err, catch_backtrace()); println(stderr); write("/root/BF_runs/logs/qs_experiment_w2/phase




julia> 
try include("experiments/scotland/06_qs_joint_and_market_observation/r06_score.jl"); write("/root/BF_runs/logs/qs_experiment_w2/phase4_score_v1.status", "PASS") catch err; showerror(stderr, err, catch_backtrace()); println(stderr); write("/root/BF_runs/logs/qs_experiment_w2/phase4




julia> 
try include("experiments/scotland/06_qs_joint_and_market_observation/r06_score.jl"); write("/root/BF_runs/logs/qs_experiment_w2/phase4_score_v1.status", "PASS") catch err; showerror(stderr, err, catch_backtrace()); println(stderr); write("/root/BF_runs/logs/qs_experiment_w2/phase4_




julia> 
try include("experiments/scotland/06_qs_joint_and_market_observation/r06_score.jl"); write("/root/BF_runs/logs/qs_experiment_w2/phase4_score_v1.status", "PASS") catch err; showerror(stderr, err, catch_backtrace()); println(stderr); write("/root/BF_runs/logs/qs_experiment_w2/phase4_s




julia> 
try include("experiments/scotland/06_qs_joint_and_market_observation/r06_score.jl"); write("/root/BF_runs/logs/qs_experiment_w2/phase4_score_v1.status", "PASS") catch err; showerror(stderr, err, catch_backtrace()); println(stderr); write("/root/BF_runs/logs/qs_experiment_w2/phase4_sc




julia> 
try include("experiments/scotland/06_qs_joint_and_market_observation/r06_score.jl"); write("/root/BF_runs/logs/qs_experiment_w2/phase4_score_v1.status", "PASS") catch err; showerror(stderr, err, catch_backtrace()); println(stderr); write("/root/BF_runs/logs/qs_experiment_w2/phase4_sco




julia> 
try include("experiments/scotland/06_qs_joint_and_market_observation/r06_score.jl"); write("/root/BF_runs/logs/qs_experiment_w2/phase4_score_v1.status", "PASS") catch err; showerror(stderr, err, catch_backtrace()); println(stderr); write("/root/BF_runs/logs/qs_experiment_w2/phase4_scor




julia> 
try include("experiments/scotland/06_qs_joint_and_market_observation/r06_score.jl"); write("/root/BF_runs/logs/qs_experiment_w2/phase4_score_v1.status", "PASS") catch err; showerror(stderr, err, catch_backtrace()); println(stderr); write("/root/BF_runs/logs/qs_experiment_w2/phase4_score




julia> 
try include("experiments/scotland/06_qs_joint_and_market_observation/r06_score.jl"); write("/root/BF_runs/logs/qs_experiment_w2/phase4_score_v1.status", "PASS") catch err; showerror(stderr, err, catch_backtrace()); println(stderr); write("/root/BF_runs/logs/qs_experiment_w2/phase4_score_




julia> 
try include("experiments/scotland/06_qs_joint_and_market_observation/r06_score.jl"); write("/root/BF_runs/logs/qs_experiment_w2/phase4_score_v1.status", "PASS") catch err; showerror(stderr, err, catch_backtrace()); println(stderr); write("/root/BF_runs/logs/qs_experiment_w2/phase4_score_v




julia> 
try include("experiments/scotland/06_qs_joint_and_market_observation/r06_score.jl"); write("/root/BF_runs/logs/qs_experiment_w2/phase4_score_v1.status", "PASS") catch err; showerror(stderr, err, catch_backtrace()); println(stderr); write("/root/BF_runs/logs/qs_experiment_w2/phase4_score_v1




julia> 
try include("experiments/scotland/06_qs_joint_and_market_observation/r06_score.jl"); write("/root/BF_runs/logs/qs_experiment_w2/phase4_score_v1.status", "PASS") catch err; showerror(stderr, err, catch_backtrace()); println(stderr); write("/root/BF_runs/logs/qs_experiment_w2/phase4_score_v1.




julia> 
try include("experiments/scotland/06_qs_joint_and_market_observation/r06_score.jl"); write("/root/BF_runs/logs/qs_experiment_w2/phase4_score_v1.status", "PASS") catch err; showerror(stderr, err, catch_backtrace()); println(stderr); write("/root/BF_runs/logs/qs_experiment_w2/phase4_score_v1.s




julia> 
try include("experiments/scotland/06_qs_joint_and_market_observation/r06_score.jl"); write("/root/BF_runs/logs/qs_experiment_w2/phase4_score_v1.status", "PASS") catch err; showerror(stderr, err, catch_backtrace()); println(stderr); write("/root/BF_runs/logs/qs_experiment_w2/phase4_score_v1.st




julia> 
try include("experiments/scotland/06_qs_joint_and_market_observation/r06_score.jl"); write("/root/BF_runs/logs/qs_experiment_w2/phase4_score_v1.status", "PASS") catch err; showerror(stderr, err, catch_backtrace()); println(stderr); write("/root/BF_runs/logs/qs_experiment_w2/phase4_score_v1.sta




julia> 
try include("experiments/scotland/06_qs_joint_and_market_observation/r06_score.jl"); write("/root/BF_runs/logs/qs_experiment_w2/phase4_score_v1.status", "PASS") catch err; showerror(stderr, err, catch_backtrace()); println(stderr); write("/root/BF_runs/logs/qs_experiment_w2/phase4_score_v1.stat




julia> 
try include("experiments/scotland/06_qs_joint_and_market_observation/r06_score.jl"); write("/root/BF_runs/logs/qs_experiment_w2/phase4_score_v1.status", "PASS") catch err; showerror(stderr, err, catch_backtrace()); println(stderr); write("/root/BF_runs/logs/qs_experiment_w2/phase4_score_v1.statu




julia> 
try include("experiments/scotland/06_qs_joint_and_market_observation/r06_score.jl"); write("/root/BF_runs/logs/qs_experiment_w2/phase4_score_v1.status", "PASS") catch err; showerror(stderr, err, catch_backtrace()); println(stderr); write("/root/BF_runs/logs/qs_experiment_w2/phase4_score_v1.status




julia> 
try include("experiments/scotland/06_qs_joint_and_market_observation/r06_score.jl"); write("/root/BF_runs/logs/qs_experiment_w2/phase4_score_v1.status", "PASS") catch err; showerror(stderr, err, catch_backtrace()); println(stderr); write("/root/BF_runs/logs/qs_experiment_w2/phase4_score_v1.status"




julia> 
try include("experiments/scotland/06_qs_joint_and_market_observation/r06_score.jl"); write("/root/BF_runs/logs/qs_experiment_w2/phase4_score_v1.status", "PASS") catch err; showerror(stderr, err, catch_backtrace()); println(stderr); write("/root/BF_runs/logs/qs_experiment_w2/phase4_score_v1.status",




julia> 
try include("experiments/scotland/06_qs_joint_and_market_observation/r06_score.jl"); write("/root/BF_runs/logs/qs_experiment_w2/phase4_score_v1.status", "PASS") catch err; showerror(stderr, err, catch_backtrace()); println(stderr); write("/root/BF_runs/logs/qs_experiment_w2/phase4_score_v1.status", 




julia> 
try include("experiments/scotland/06_qs_joint_and_market_observation/r06_score.jl"); write("/root/BF_runs/logs/qs_experiment_w2/phase4_score_v1.status", "PASS") catch err; showerror(stderr, err, catch_backtrace()); println(stderr); write("/root/BF_runs/logs/qs_experiment_w2/phase4_score_v1.status", "




julia> 
try include("experiments/scotland/06_qs_joint_and_market_observation/r06_score.jl"); write("/root/BF_runs/logs/qs_experiment_w2/phase4_score_v1.status", "PASS") catch err; showerror(stderr, err, catch_backtrace()); println(stderr); write("/root/BF_runs/logs/qs_experiment_w2/phase4_score_v1.status", "F




julia> 
try include("experiments/scotland/06_qs_joint_and_market_observation/r06_score.jl"); write("/root/BF_runs/logs/qs_experiment_w2/phase4_score_v1.status", "PASS") catch err; showerror(stderr, err, catch_backtrace()); println(stderr); write("/root/BF_runs/logs/qs_experiment_w2/phase4_score_v1.status", "FA




julia> 
try include("experiments/scotland/06_qs_joint_and_market_observation/r06_score.jl"); write("/root/BF_runs/logs/qs_experiment_w2/phase4_score_v1.status", "PASS") catch err; showerror(stderr, err, catch_backtrace()); println(stderr); write("/root/BF_runs/logs/qs_experiment_w2/phase4_score_v1.status", "FAI




julia> 
try include("experiments/scotland/06_qs_joint_and_market_observation/r06_score.jl"); write("/root/BF_runs/logs/qs_experiment_w2/phase4_score_v1.status", "PASS") catch err; showerror(stderr, err, catch_backtrace()); println(stderr); write("/root/BF_runs/logs/qs_experiment_w2/phase4_score_v1.status", "FAIL




julia> 
try include("experiments/scotland/06_qs_joint_and_market_observation/r06_score.jl"); write("/root/BF_runs/logs/qs_experiment_w2/phase4_score_v1.status", "PASS") catch err; showerror(stderr, err, catch_backtrace()); println(stderr); write("/root/BF_runs/logs/qs_experiment_w2/phase4_score_v1.status", "FAIL"




julia> 
try include("experiments/scotland/06_qs_joint_and_market_observation/r06_score.jl"); write("/root/BF_runs/logs/qs_experiment_w2/phase4_score_v1.status", "PASS") catch err; showerror(stderr, err, catch_backtrace()); println(stderr); write("/root/BF_runs/logs/qs_experiment_w2/phase4_score_v1.status", "FAIL")




julia> 
try include("experiments/scotland/06_qs_joint_and_market_observation/r06_score.jl"); write("/root/BF_runs/logs/qs_experiment_w2/phase4_score_v1.status", "PASS") catch err; showerror(stderr, err, catch_backtrace()); println(stderr); write("/root/BF_runs/logs/qs_experiment_w2/phase4_score_v1.status", "FAIL") 




julia> 
try include("experiments/scotland/06_qs_joint_and_market_observation/r06_score.jl"); write("/root/BF_runs/logs/qs_experiment_w2/phase4_score_v1.status", "PASS") catch err; showerror(stderr, err, catch_backtrace()); println(stderr); write("/root/BF_runs/logs/qs_experiment_w2/phase4_score_v1.status", "FAIL") e




julia> 
try include("experiments/scotland/06_qs_joint_and_market_observation/r06_score.jl"); write("/root/BF_runs/logs/qs_experiment_w2/phase4_score_v1.status", "PASS") catch err; showerror(stderr, err, catch_backtrace()); println(stderr); write("/root/BF_runs/logs/qs_experiment_w2/phase4_score_v1.status", "FAIL") en




julia> 
try include("experiments/scotland/06_qs_joint_and_market_observation/r06_score.jl"); write("/root/BF_runs/logs/qs_experiment_w2/phase4_score_v1.status", "PASS") catch err; showerror(stderr, err, catch_backtrace()); println(stderr); write("/root/BF_runs/logs/qs_experiment_w2/phase4_score_v1.status", "FAIL") end




julia> 
try include("experiments/scotland/06_qs_joint_and_market_observation/r06_score.jl"); write("/root/BF_runs/logs/qs_experiment_w2/phase4_score_v1.status", "PASS") catch err; showerror(stderr, err, catch_backtrace()); println(stderr); write("/root/BF_runs/logs/qs_experiment_w2/phase4_score_v1.status", "FAIL") end

QS_MARKET_ARM_LOADED
QS_SCORING_ADAPTER_LOADED
[ Info: Loading DataStore for ScottishLower from local cache (Age: 345.4 hours)...
LoadError: ParseError:
# Error @ ]8;;file:///root/BF_runs/qs_experiment/experiments/scotland/06_qs_joint_and_market_observation/r06_score.jl#209:75\/root/BF_runs/qs_experiment/experiments/scotland/06_qs_joint_and_market_observation/r06_score.jl:209:75]8;;\
            class_block8 = classify(bb.lo, bb.hi),
            clustered_lo95 = clustered.lo, clustered_hi95 = clustered.hi)))
#                                                                         └ ── Expected `end`
Stacktrace:
  [1] top-level scope
    @ ~/BF_runs/qs_experiment/experiments/scotland/06_qs_joint_and_market_observation/r06_score.jl:209
  [2] include(mapexpr::Function, mod::Module, _path::String)
    @ Base ./Base.jl:307
  [3] top-level scope
    @ REPL[1]:1
  [4] __repl_entry_eval_expanded_with_loc(mod::Module, ast::Any, toplevel_file::Ref{Ptr{UInt8}}, toplevel_line::Ref{Int32})
    @ REPL ~/.julia/juliaup/julia-1.12.4+0.x64.linux.gnu/share/julia/stdlib/v1.12/REPL/src/REPL.jl:301
  [5] toplevel_eval_with_hooks(mod::Module, ast::Any, toplevel_file::Any, toplevel_line::Any)
    @ REPL ~/.julia/juliaup/julia-1.12.4+0.x64.linux.gnu/share/julia/stdlib/v1.12/REPL/src/REPL.jl:308
  [6] toplevel_eval_with_hooks(mod::Module, ast::Any, toplevel_file::Any, toplevel_line::Any) (repeats 3 times)
    @ REPL ~/.julia/juliaup/julia-1.12.4+0.x64.linux.gnu/share/julia/stdlib/v1.12/REPL/src/REPL.jl:312
  [7] toplevel_eval_with_hooks
    @ ~/.julia/juliaup/julia-1.12.4+0.x64.linux.gnu/share/julia/stdlib/v1.12/REPL/src/REPL.jl:305 [inlined]
  [8] eval_user_input(ast::Any, backend::REPL.REPLBackend, mod::Module)
    @ REPL ~/.julia/juliaup/julia-1.12.4+0.x64.linux.gnu/share/julia/stdlib/v1.12/REPL/src/REPL.jl:330
  [9] repl_backend_loop(backend::REPL.REPLBackend, get_module::Function)
    @ REPL ~/.julia/juliaup/julia-1.12.4+0.x64.linux.gnu/share/julia/stdlib/v1.12/REPL/src/REPL.jl:452
 [10] start_repl_backend(backend::REPL.REPLBackend, consumer::Any; get_module::Function)
    @ REPL ~/.julia/juliaup/julia-1.12.4+0.x64.linux.gnu/share/julia/stdlib/v1.12/REPL/src/REPL.jl:427
 [11] start_repl_backend
    @ ~/.julia/juliaup/julia-1.12.4+0.x64.linux.gnu/share/julia/stdlib/v1.12/REPL/src/REPL.jl:424 [inlined]
 [12] run_repl(repl::REPL.AbstractREPL, consumer::Any; backend_on_current_task::Bool, backend::Any)
    @ REPL ~/.julia/juliaup/julia-1.12.4+0.x64.linux.gnu/share/julia/stdlib/v1.12/REPL/src/REPL.jl:653
 [13] run_repl(repl::REPL.AbstractREPL, consumer::Any)
    @ REPL ~/.julia/juliaup/julia-1.12.4+0.x64.linux.gnu/share/julia/stdlib/v1.12/REPL/src/REPL.jl:639
 [14] run_std_repl(REPL::Module, quiet::Bool, banner::Symbol, history_file::Bool)
    @ Base ./client.jl:478
 [15] run_main_repl(interactive::Bool, quiet::Bool, banner::Symbol, history_file::Bool)
    @ Base ./client.jl:499
 [16] repl_main
    @ ./client.jl:586 [inlined]
 [17] _start()
    @ Base ./client.jl:561
in expression starting at /root/BF_runs/qs_experiment/experiments/scotland/06_qs_joint_and_market_observation/r06_score.jl:209
4



julia> 


julia> 

