NOTICE:  relation "runs" already exists, skipping
NOTICE:  column "ad_backend" of relation "runs" already exists, skipping
NOTICE:  relation "configs" already exists, skipping
NOTICE:  relation "fold_results" already exists, skipping
NOTICE:  relation "match_latents" already exists, skipping
NOTICE:  relation "portfolio_runs" already exists, skipping
NOTICE:  relation "portfolio_bets" already exists, skipping
NOTICE:  relation "config_registry" already exists, skipping
NOTICE:  relation "fit_artifacts" already exists, skipping
NOTICE:  relation "portfolio_artifacts" already exists, skipping
NOTICE:  relation "calibration_runs" already exists, skipping
NOTICE:  relation "calibration_artifacts" already exists, skipping
NOTICE:  column "id" of relation "runs" already exists, skipping
NOTICE:  column "name" of relation "runs" already exists, skipping
NOTICE:  column "id" of relation "portfolio_runs" already exists, skipping
NOTICE:  column "id" of relation "config_registry" already exists, skipping
NOTICE:  column "n_matches" of relation "fold_results" already exists, skipping
NOTICE:  column "first_match_date" of relation "fold_results" already exists, skipping
NOTICE:  column "last_match_date" of relation "fold_results" already exists, skipping
NOTICE:  column "book_spec_blob" of relation "portfolio_artifacts" already exists, skipping
NOTICE:  column "policy_spec_blob" of relation "portfolio_artifacts" already exists, skipping
NOTICE:  column "id" of relation "calibration_runs" already exists, skipping
NOTICE:  column "experiment_name" of relation "calibration_runs" already exists, skipping
NOTICE:  column "book_as_of_minutes" of relation "calibration_runs" already exists, skipping
NOTICE:  column "n_fixtures" of relation "calibration_runs" already exists, skipping
NOTICE:  column "n_inverted" of relation "calibration_runs" already exists, skipping
NOTICE:  column "diagnostics_blob" of relation "calibration_artifacts" already exists, skipping
NOTICE:  relation "idx_runs_id" already exists, skipping
NOTICE:  relation "idx_portfolio_runs_id" already exists, skipping
NOTICE:  relation "idx_config_registry_id" already exists, skipping
NOTICE:  relation "idx_configs_config_hash" already exists, skipping
NOTICE:  relation "idx_runs_name" already exists, skipping
NOTICE:  relation "idx_runs_created_at" already exists, skipping
NOTICE:  relation "idx_match_latents_match_id" already exists, skipping
NOTICE:  relation "idx_portfolio_runs_created_at" already exists, skipping
NOTICE:  relation "idx_portfolio_bets_match_id" already exists, skipping
NOTICE:  relation "idx_config_registry_name" already exists, skipping
NOTICE:  relation "idx_config_registry_hash" already exists, skipping
NOTICE:  relation "idx_config_registry_created_at" already exists, skipping
NOTICE:  relation "idx_config_registry_type" already exists, skipping
NOTICE:  relation "idx_config_registry_tags" already exists, skipping
NOTICE:  relation "idx_fold_results_run_id" already exists, skipping
NOTICE:  relation "idx_match_latents_fold_id" already exists, skipping
NOTICE:  relation "idx_portfolio_runs_model_run_id" already exists, skipping
NOTICE:  relation "idx_portfolio_bets_run_id" already exists, skipping
NOTICE:  relation "idx_calibration_runs_id" already exists, skipping
NOTICE:  relation "idx_calibration_runs_model_run_id" already exists, skipping
NOTICE:  relation "idx_calibration_runs_experiment" already exists, skipping
NOTICE:  relation "idx_calibration_runs_name" already exists, skipping
NOTICE:  relation "idx_calibration_runs_hash" already exists, skipping
NOTICE:  relation "idx_calibration_runs_created_at" already exists, skipping
NOTICE:  relation "idx_portfolio_runs_calibration" already exists, skipping
[ Info: Loading DataStore for ScottishLower from local cache (Age: 1.5 hours)...
     > [Started 19:56:58 | Elapsed 00:00:22] Sampling:  38%  ETA: 0:00:00 (94.69 ms/it)[K     > [Started 19:56:58 | Elapsed 00:00:23] Sampling:  88%  ETA: 0:00:00 ( 0.16  s/it)[K     > [Started 19:56:58 | Elapsed 00:00:23] Sampling: 100% Time: 0:00:01 ( 0.14  s/it)[K
     > [Started 19:58:17 | Elapsed 00:00:30] Sampling:  50%  ETA: 0:00:00 (29.04 ms/it)[K     > [Started 19:58:17 | Elapsed 00:00:33] Sampling:  75%  ETA: 0:00:01 ( 0.47  s/it)[K     > [Started 19:58:17 | Elapsed 00:00:33] Sampling: 100% Time: 0:00:03 ( 0.42  s/it)[K

================================================================================================
  r01 SMOKE GATE — MultiScaleGRW × PlayerLineupPillar, folds 1–2
  sampler    : QueuedNUTS  4 chains × 400 warmup + 400 retained, δ = 0.8, max depth 10
  experiment : smoke_grw_player   (name suffix _smoke_20260911195446)
  git        : ce9da66a   threads: 16
================================================================================================

  matches in store : 2029   latest kickoff: 2026-09-05
  m00_baseline_grw                 covariates:  | obs: PoissonObservation
  m05_wealth_grw                   covariates: ProductionWealthCovariate | obs: JointGammaPoissonObservation
  m10_lineup_grw                   covariates: PlayerLineupPillar | obs: PoissonObservation
  m12_joint_hybrid_synergy_grw     covariates: PlayerLineupPillar, ProductionWealthCovariate | obs: JointGammaPoissonObservation

--- features + gradient audit: m00_baseline_grw
2×9 DataFrame
 Row │ fold   n_train  n_oos  n_history  n_target  n_teams  last_train  first_oos   ordered
     │ Int64  Int64    Int64  Int64      Int64     Int64    Date        Date        Bool
─────┼──────────────────────────────────────────────────────────────────────────────────────
   1 │     1      720     20          2         0       23  2024-05-04  2024-08-03     true
   2 │     2      740     19          2         1       25  2024-08-10  2024-08-17     true
  fold 1  θ=  98  tape=  735  grad=0.053 ms  alloc=  35440 B  RD/FD=1.0e-15  perturbed=0.0e+00
  fold 2  θ= 158  tape= 1309  grad=0.073 ms  alloc=  36608 B  RD/FD=7.1e-16  perturbed=0.0e+00

--- features + gradient audit: m05_wealth_grw
2×9 DataFrame
 Row │ fold   n_train  n_oos  n_history  n_target  n_teams  last_train  first_oos   ordered
     │ Int64  Int64    Int64  Int64      Int64     Int64    Date        Date        Bool
─────┼──────────────────────────────────────────────────────────────────────────────────────
   1 │     1      720     20          2         0       23  2024-05-04  2024-08-03     true
   2 │     2      740     19          2         1       25  2024-08-10  2024-08-17     true
  fold 1  θ= 101  tape=  791  grad=0.084 ms  alloc= 128752 B  RD/FD=4.0e-16  perturbed=0.0e+00
  fold 2  θ= 161  tape= 1365  grad=0.104 ms  alloc= 132992 B  RD/FD=5.7e-16  perturbed=0.0e+00

--- features + gradient audit: m10_lineup_grw
2×9 DataFrame
 Row │ fold   n_train  n_oos  n_history  n_target  n_teams  last_train  first_oos   ordered
     │ Int64  Int64    Int64  Int64      Int64     Int64    Date        Date        Bool
─────┼──────────────────────────────────────────────────────────────────────────────────────
   1 │     1      720     20          2         0       23  2024-05-04  2024-08-03     true
   2 │     2      740     19          2         1       25  2024-08-10  2024-08-17     true
  fold 1  θ= 100  tape=  760  grad=0.064 ms  alloc=  82096 B  RD/FD=5.4e-16  perturbed=0.0e+00
  fold 2  θ= 160  tape= 1334  grad=0.084 ms  alloc=  84800 B  RD/FD=7.1e-16  perturbed=0.0e+00

--- features + gradient audit: m12_joint_hybrid_synergy_grw
2×9 DataFrame
 Row │ fold   n_train  n_oos  n_history  n_target  n_teams  last_train  first_oos   ordered
     │ Int64  Int64    Int64  Int64      Int64     Int64    Date        Date        Bool
─────┼──────────────────────────────────────────────────────────────────────────────────────
   1 │     1      720     20          2         0       23  2024-05-04  2024-08-03     true
   2 │     2      740     19          2         1       25  2024-08-10  2024-08-17     true
  fold 1  θ= 103  tape=  816  grad=0.098 ms  alloc= 175408 B  RD/FD=5.2e-16  perturbed=0.0e+00
  fold 2  θ= 163  tape= 1390  grad=0.113 ms  alloc= 181184 B  RD/FD=5.5e-16  perturbed=0.0e+00

--- sampling: m00_baseline_grw
 [4] Sampling 2 of 2 folds (QueuedNUTSConfig, QueuedExecution)...
 [5] Auditing convergence...
     > FAIL  R̂≤1.0151  ESS≥348  div 0/3200
 [6] Extracting out-of-sample latents...
     > CountLatents  39 fixtures × 1600 draws
------------------------------------------------------------------
DONE in 31.2s

--- sampling: m05_wealth_grw
 [4] Sampling 2 of 2 folds (QueuedNUTSConfig, QueuedExecution)...
 [5] Auditing convergence...
     > PASS  R̂≤1.0169  ESS≥577  div 0/3200
 [6] Extracting out-of-sample latents...
     > CountLatents  39 fixtures × 1600 draws
------------------------------------------------------------------
DONE in 30.2s

--- sampling: m10_lineup_grw
 [4] Sampling 2 of 2 folds (QueuedNUTSConfig, QueuedExecution)...
 [5] Auditing convergence...
     > PASS  R̂≤1.0165  ESS≥409  div 0/3200
 [6] Extracting out-of-sample latents...
     > CountLatents  39 fixtures × 1600 draws
------------------------------------------------------------------
DONE in 17.1s

--- sampling: m12_joint_hybrid_synergy_grw
 [4] Sampling 2 of 2 folds (QueuedNUTSConfig, QueuedExecution)...
 [5] Auditing convergence...
     > FAIL  R̂≤1.0123  ESS≥343  div 0/3200
 [6] Extracting out-of-sample latents...
     > CountLatents  39 fixtures × 1600 draws
------------------------------------------------------------------
DONE in 33.7s
  m00_baseline_grw                 R̂=1.0151  ESS bulk= 348.5 tail= 394.0  div=0  latents=39×1600  run=47940765-9e84-40ab-bc5b-b9387340cdee  FAIL: G3 min ESS bulk 348 / tail 394
  m05_wealth_grw                   R̂=1.0169  ESS bulk= 647.1 tail= 576.8  div=0  latents=39×1600  run=7d2555b6-e5c2-43ed-b3c7-44c55321164e  PASS
  m10_lineup_grw                   R̂=1.0165  ESS bulk= 428.1 tail= 409.0  div=0  latents=39×1600  run=89256ad1-611f-4ac8-ab2a-65c0f66e4e16  PASS
  m12_joint_hybrid_synergy_grw     R̂=1.0123  ESS bulk= 354.9 tail= 343.0  div=0  latents=39×1600  run=21f657e6-a990-4682-b292-497365452dbe  FAIL: G3 min ESS bulk 355 / tail 343

R01_VERDICT FAIL  (2/4 models)
R01_DONE report=/root/BF_grw_player_hybrid/current_development/grw_player_hybrid/results/smoke/4x400w400s/r01_smoke_report.md
