NOTICE:  relation "runs" already exists, skipping
NOTICE:  column "ad_backend" of relation "runs" already exists, skipping
NOTICE:  relation "configs" already exists, skipping
NOTICE:  relation "fold_results" already exists, skipping
NOTICE:  relation "match_latents" already exists, skipping
NOTICE:  relation "portfolio_runs" already exists, skipping
NOTICE:  relation "portfolio_bets" already exists, skipping
NOTICE:  relation "config_registry" already exists, skipping
NOTICE:  relation "fit_artifacts" already exists, skipping
NOTICE:  relation "portfolio_artifacts" already exists, skipping
NOTICE:  relation "calibration_runs" already exists, skipping
NOTICE:  relation "calibration_artifacts" already exists, skipping
NOTICE:  column "id" of relation "runs" already exists, skipping
NOTICE:  column "name" of relation "runs" already exists, skipping
NOTICE:  column "id" of relation "portfolio_runs" already exists, skipping
NOTICE:  column "id" of relation "config_registry" already exists, skipping
NOTICE:  column "n_matches" of relation "fold_results" already exists, skipping
NOTICE:  column "first_match_date" of relation "fold_results" already exists, skipping
NOTICE:  column "last_match_date" of relation "fold_results" already exists, skipping
NOTICE:  column "book_spec_blob" of relation "portfolio_artifacts" already exists, skipping
NOTICE:  column "policy_spec_blob" of relation "portfolio_artifacts" already exists, skipping
NOTICE:  column "id" of relation "calibration_runs" already exists, skipping
NOTICE:  column "experiment_name" of relation "calibration_runs" already exists, skipping
NOTICE:  column "book_as_of_minutes" of relation "calibration_runs" already exists, skipping
NOTICE:  column "n_fixtures" of relation "calibration_runs" already exists, skipping
NOTICE:  column "n_inverted" of relation "calibration_runs" already exists, skipping
NOTICE:  column "diagnostics_blob" of relation "calibration_artifacts" already exists, skipping
NOTICE:  relation "idx_runs_id" already exists, skipping
NOTICE:  relation "idx_portfolio_runs_id" already exists, skipping
NOTICE:  relation "idx_config_registry_id" already exists, skipping
NOTICE:  relation "idx_configs_config_hash" already exists, skipping
NOTICE:  relation "idx_runs_name" already exists, skipping
NOTICE:  relation "idx_runs_created_at" already exists, skipping
NOTICE:  relation "idx_match_latents_match_id" already exists, skipping
NOTICE:  relation "idx_portfolio_runs_created_at" already exists, skipping
NOTICE:  relation "idx_portfolio_bets_match_id" already exists, skipping
NOTICE:  relation "idx_config_registry_name" already exists, skipping
NOTICE:  relation "idx_config_registry_hash" already exists, skipping
NOTICE:  relation "idx_config_registry_created_at" already exists, skipping
NOTICE:  relation "idx_config_registry_type" already exists, skipping
NOTICE:  relation "idx_config_registry_tags" already exists, skipping
NOTICE:  relation "idx_fold_results_run_id" already exists, skipping
NOTICE:  relation "idx_match_latents_fold_id" already exists, skipping
NOTICE:  relation "idx_portfolio_runs_model_run_id" already exists, skipping
NOTICE:  relation "idx_portfolio_bets_run_id" already exists, skipping
NOTICE:  relation "idx_calibration_runs_id" already exists, skipping
NOTICE:  relation "idx_calibration_runs_model_run_id" already exists, skipping
NOTICE:  relation "idx_calibration_runs_experiment" already exists, skipping
NOTICE:  relation "idx_calibration_runs_name" already exists, skipping
NOTICE:  relation "idx_calibration_runs_hash" already exists, skipping
NOTICE:  relation "idx_calibration_runs_created_at" already exists, skipping
NOTICE:  relation "idx_portfolio_runs_calibration" already exists, skipping
[ Info: Loading DataStore for ScottishLower from local cache (Age: 1.4 hours)...
     > [Started 19:52:54 | Elapsed 00:00:21] Sampling:  50%  ETA: 0:00:01 ( 0.43  s/it)[K     > [Started 19:52:54 | Elapsed 00:00:21] Sampling: 100% Time: 0:00:00 ( 0.23  s/it)[K
     > [Started 19:53:24 | Elapsed 00:00:19] Sampling:  75%  ETA: 0:00:00 ( 0.33  s/it)[K     > [Started 19:53:24 | Elapsed 00:00:20] Sampling: 100% Time: 0:00:01 ( 0.32  s/it)[K
     > [Started 19:53:44 | Elapsed 00:00:14] Sampling:  75%  ETA: 0:00:01 ( 0.57  s/it)[K     > [Started 19:53:44 | Elapsed 00:00:14] Sampling: 100% Time: 0:00:01 ( 0.42  s/it)[K
     > [Started 19:53:59 | Elapsed 00:00:26] Sampling:  75%  ETA: 0:00:02 ( 1.78  s/it)[K     > [Started 19:53:59 | Elapsed 00:00:26] Sampling: 100% Time: 0:00:05 ( 1.34  s/it)[K

================================================================================================
  r01 SMOKE GATE — MultiScaleGRW × PlayerLineupPillar, folds 1–2
  sampler    : QueuedNUTS  2 chains × 50 warmup + 100 retained, δ = 0.8, max depth 10
  experiment : smoke_grw_player   (name suffix _smoke_20260911195043)
  git        : ce9da66a   threads: 16
================================================================================================

  matches in store : 2029   latest kickoff: 2026-09-05
  m00_baseline_grw                 covariates:  | obs: PoissonObservation
  m05_wealth_grw                   covariates: ProductionWealthCovariate | obs: JointGammaPoissonObservation
  m10_lineup_grw                   covariates: PlayerLineupPillar | obs: PoissonObservation
  m12_joint_hybrid_synergy_grw     covariates: PlayerLineupPillar, ProductionWealthCovariate | obs: JointGammaPoissonObservation

--- features + gradient audit: m00_baseline_grw
2×9 DataFrame
 Row │ fold   n_train  n_oos  n_history  n_target  n_teams  last_train  first_oos   ordered
     │ Int64  Int64    Int64  Int64      Int64     Int64    Date        Date        Bool
─────┼──────────────────────────────────────────────────────────────────────────────────────
   1 │     1      720     20          2         0       23  2024-05-04  2024-08-03     true
   2 │     2      740     19          2         1       25  2024-08-10  2024-08-17     true
  fold 1  θ=  98  tape=  735  grad=0.054 ms  alloc=  35440 B  RD/FD=1.0e-15  perturbed=0.0e+00
  fold 2  θ= 158  tape= 1309  grad=0.076 ms  alloc=  36608 B  RD/FD=7.1e-16  perturbed=0.0e+00

--- features + gradient audit: m05_wealth_grw
2×9 DataFrame
 Row │ fold   n_train  n_oos  n_history  n_target  n_teams  last_train  first_oos   ordered
     │ Int64  Int64    Int64  Int64      Int64     Int64    Date        Date        Bool
─────┼──────────────────────────────────────────────────────────────────────────────────────
   1 │     1      720     20          2         0       23  2024-05-04  2024-08-03     true
   2 │     2      740     19          2         1       25  2024-08-10  2024-08-17     true
  fold 1  θ= 101  tape=  791  grad=0.085 ms  alloc= 128752 B  RD/FD=4.0e-16  perturbed=0.0e+00
  fold 2  θ= 161  tape= 1365  grad=0.107 ms  alloc= 132992 B  RD/FD=5.7e-16  perturbed=0.0e+00

--- features + gradient audit: m10_lineup_grw
2×9 DataFrame
 Row │ fold   n_train  n_oos  n_history  n_target  n_teams  last_train  first_oos   ordered
     │ Int64  Int64    Int64  Int64      Int64     Int64    Date        Date        Bool
─────┼──────────────────────────────────────────────────────────────────────────────────────
   1 │     1      720     20          2         0       23  2024-05-04  2024-08-03     true
   2 │     2      740     19          2         1       25  2024-08-10  2024-08-17     true
  fold 1  θ= 100  tape=  760  grad=0.062 ms  alloc=  82096 B  RD/FD=5.4e-16  perturbed=0.0e+00
  fold 2  θ= 160  tape= 1334  grad=0.081 ms  alloc=  84800 B  RD/FD=7.1e-16  perturbed=0.0e+00

--- features + gradient audit: m12_joint_hybrid_synergy_grw
2×9 DataFrame
 Row │ fold   n_train  n_oos  n_history  n_target  n_teams  last_train  first_oos   ordered
     │ Int64  Int64    Int64  Int64      Int64     Int64    Date        Date        Bool
─────┼──────────────────────────────────────────────────────────────────────────────────────
   1 │     1      720     20          2         0       23  2024-05-04  2024-08-03     true
   2 │     2      740     19          2         1       25  2024-08-10  2024-08-17     true
  fold 1  θ= 103  tape=  816  grad=0.092 ms  alloc= 175408 B  RD/FD=5.2e-16  perturbed=0.0e+00
  fold 2  θ= 163  tape= 1390  grad=0.112 ms  alloc= 181184 B  RD/FD=5.5e-16  perturbed=0.0e+00

--- sampling: m00_baseline_grw
 [4] Sampling 2 of 2 folds (QueuedNUTSConfig, QueuedExecution)...
 [5] Auditing convergence...
     > FAIL  R̂≤1.0927  ESS≥17  div 0/400
 [6] Extracting out-of-sample latents...
     > CountLatents  39 fixtures × 200 draws
------------------------------------------------------------------
DONE in 29.1s

--- sampling: m05_wealth_grw
 [4] Sampling 2 of 2 folds (QueuedNUTSConfig, QueuedExecution)...
 [5] Auditing convergence...
     > FAIL  R̂≤1.0522  ESS≥51  div 0/400
 [6] Extracting out-of-sample latents...
     > CountLatents  39 fixtures × 200 draws
------------------------------------------------------------------
DONE in 20.2s

--- sampling: m10_lineup_grw
 [4] Sampling 2 of 2 folds (QueuedNUTSConfig, QueuedExecution)...
 [5] Auditing convergence...
     > FAIL  R̂≤1.1155  ESS≥37  div 0/400
 [6] Extracting out-of-sample latents...
     > CountLatents  39 fixtures × 200 draws
------------------------------------------------------------------
DONE in 14.5s

--- sampling: m12_joint_hybrid_synergy_grw
 [4] Sampling 2 of 2 folds (QueuedNUTSConfig, QueuedExecution)...
 [5] Auditing convergence...
     > FAIL  R̂≤1.1315  ESS≥25  div 0/400
 [6] Extracting out-of-sample latents...
     > CountLatents  39 fixtures × 200 draws
------------------------------------------------------------------
DONE in 26.0s
  m00_baseline_grw                 R̂=1.0927  ESS bulk=  16.7 tail=  43.3  div=0  latents=39×200  run=58b5d6fd-8467-425c-9884-0b79eeb81afd  FAIL: G3 max R̂ 1.0927 (fold 1)
  m05_wealth_grw                   R̂=1.0522  ESS bulk=  51.5 tail=  52.8  div=0  latents=39×200  run=8fd4080d-5aa3-4e30-b5cc-9745b6a2d02a  FAIL: G3 max R̂ 1.0522 (fold 2)
  m10_lineup_grw                   R̂=1.1155  ESS bulk=  37.4 tail=  51.7  div=0  latents=39×200  run=b3c2e914-a6b3-4a83-a095-2e533a94fdad  FAIL: G3 max R̂ 1.1155 (fold 2)
  m12_joint_hybrid_synergy_grw     R̂=1.1315  ESS bulk=  29.9 tail=  25.4  div=0  latents=39×200  run=01a11567-e2e7-43cd-a9c4-97a6929e21f7  FAIL: G3 max R̂ 1.1315 (fold 2)

R01_VERDICT FAIL  (0/4 models)
R01_DONE report=/root/BF_grw_player_hybrid/current_development/grw_player_hybrid/results/smoke/2x50w100s/r01_smoke_report.md
