[ Info: Loading DataStore for ScottishLower from local cache (Age: 4.5 hours)...

================================================================================================
  r05 CLOSING-LINE PORTFOLIO — Option B, Task 012 attribution
================================================================================================
  book   : BookSpec(DeArb, KellyLogUtility, FractionalKelly, key=ead32da610f483c6)
  policy : PolicySpec(TieredTrust(table=Dict(("1x2", 0.0, :draw) => 0.7142857142857143, ("1x2", 0.0, :home) => 1.0, ("over_under", 1.5, :over) => 0.7142857142857143, ("over_under", 2.5, :under) => 1.0, ("1x2", 0.0, :away) => 0.7142857142857143), default=0.0), SlateDrawdown(lambda=8.0, mode=sequential, joint_draws=50000, seed=1), FixedCap(cap=0.25))
  panel  : 710 walk-forward → 635 quoted → 632 buildable by every arm (3 dropped)
  m00_baseline_grw               return  +491.55%  ROI +12.32%  Sharpe  1.412  MDD -38.85%  bets 1296  capture 1.036
  m05_wealth_grw                 return  +385.78%  ROI +11.68%  Sharpe  1.453  MDD -42.67%  bets 1247  capture 1.080
  m10_lineup_grw                 return  +348.82%  ROI +10.75%  Sharpe  1.214  MDD -48.01%  bets 1299  capture 0.957
  m12_joint_hybrid_synergy_grw   return  +351.90%  ROI +11.36%  Sharpe  1.309  MDD -52.61%  bets 1253  capture 1.043
  m05_joint_td_raw               return  +495.50%  ROI +13.57%  Sharpe  1.388  MDD -40.27%  bets 1280  capture 0.945
  m12_hybrid_td_raw              return  +606.54%  ROI +14.15%  Sharpe  1.487  MDD -42.36%  bets 1302  capture 0.949
  m05_joint_grw_raw              return  +404.34%  ROI +11.87%  Sharpe  1.498  MDD -42.80%  bets 1235  capture 1.094
  m12_joint_hybrid_synergy_grw vs m12_hybrid_td_raw  shared 1062 (71%)  sizing ΔPnL -0.0318  shared ROI +13.41% vs +12.92%  capture 1.043 vs 0.949
  m05_wealth_grw vs m05_joint_td_raw                 shared 1061 (72%)  sizing ΔPnL -0.0728  shared ROI +12.44% vs +12.48%  capture 1.080 vs 0.945
  m12_joint_hybrid_synergy_grw vs m05_wealth_grw     shared 1136 (83%)  sizing ΔPnL +0.0087  shared ROI +11.98% vs +12.10%  capture 1.043 vs 1.080
  m10_lineup_grw vs m00_baseline_grw                 shared 1179 (83%)  sizing ΔPnL -0.4631  shared ROI +10.75% vs +13.31%  capture 0.957 vs 1.036
  m12_joint_hybrid_synergy_grw vs m05_joint_grw_raw  shared 1130 (83%)  sizing ΔPnL -0.0396  shared ROI +11.91% vs +12.30%  capture 1.043 vs 1.094
  persisted m00_baseline_grw → portfolio ec5bf23e-c500-4253-a7fb-9e952d732eba (ledger reloads identically)
  persisted m05_wealth_grw → portfolio 3982ffb9-1d1c-482c-92d0-995b6bca6d8e (ledger reloads identically)
  persisted m10_lineup_grw → portfolio f988117b-78cc-46fa-bc30-913659bafdf8 (ledger reloads identically)
  persisted m12_joint_hybrid_synergy_grw → portfolio c2aedffe-6e77-4f29-a79b-b8c688ae33bc (ledger reloads identically)

R05_DONE report=/root/BF_grw_player_hybrid/current_development/grw_player_hybrid/results/portfolio/r05_portfolio_report.md
