JULIA_PKG_PRECOMPILE_AUTO=0 /root/.juliaup/bin/julia --project -t 16]3008;start=1fb65695-39a9-475d-becb-497a6c744ecd;machineid=8ed18d1d13c94a57a1774e208462fff6;user=root;hostname=mcmc-beast;bootid=d72b73bc-fa4a-47f7-ae98-e04bfd454229;pid=00000000000001266996;type=shell;cwd=/root/BF_runs/qs_experiment\]0;root@mcmc-beast:~/BF_runs/qs_experiment[root@mcmc-beast qs_experiment]# JULIA_PKG_PRECOMPILE_AUTO=0 /root/.juliaup/bin/julia --project -t 16
]3008;start=34b0bab1-2603-4a3a-b5bb-837862d4a1fa;machineid=8ed18d1d13c94a57a1774e208462fff6;user=root;hostname=mcmc-beast;bootid=d72b73bc-fa4a-47f7-ae98-e04bfd454229;pid=00000000000001266996;type=command;cwd=/root/BF_runs/qs_experiment\]0;Julia]0;Julia  🦋 Kaimon gate connected (qs_experiment)
  host REPL mirroring enabled
               _
   _       _ _(_)_     |  Documentation: https://docs.julialang.org
  (_)     | (_) (_)    |
   _ _   _| |_  __ _   |  Type "?" for help, "]?" for Pkg help.
  | | | | | | |/ _` |  |
  | | |_| | | | (_| |  |  Version 1.12.4 (2026-01-06)
 _/ |\__'_|_|_|\__'_|  |  Official https://julialang.org release
|__/                   |
started = time(); try ENV["QSX3_ONLY"] = "fusion_qs_bias"; include("exper
started = time(); try ENV["QSX3_ONLY"] = "fusion_qs_bias"; include("experiments/scotland/07_qs_fusion_market_bias/r07_reproduce.jl"); println("PHASE5_INC
started = time(); try ENV["QSX3_ONLY"] = "fusion_qs_bias"; include("experiments/scotland/07_qs_fusion_market_bias/r07_reproduce.jl"); println("PHASE5_INCLUDE_RETURNED_repro_fusion_qs_bias wall_s=", time()-started); write("/root/BF_ru
started = time(); try ENV["QSX3_ONLY"] = "fusion_qs_bias"; include("experiments/scotland/07_qs_fusion_market_bias/r07_reproduce.jl"); println("PHASE5_INCLUDE_RETURNED_repro_fusion_qs_bias wall_s=", time()-started); write("/root/BF_runs/logs/qs_experiment_w3/phase5/a1/repro_fusion_qs_bias.status", "PASS") catch e
started = time(); try ENV["QSX3_ONLY"] = "fusion_qs_bias"; include("experiments/scotland/07_qs_fusion_market_bias/r07_reproduce.jl"); println("PHASE5_INCLUDE_RETURNED_repro_fusion_qs_bias wall_s=", time()-started); write("/root/BF_runs/logs/qs_experiment_w3/phase5/a1/repro_fusion_qs_bias.status", "PASS") catch err; showerror(stderr, err, catch_backtrace()); println(stderr); println("PHASE5_
started = time(); try ENV["QSX3_ONLY"] = "fusion_qs_bias"; include("experiments/scotland/07_qs_fusion_market_bias/r07_reproduce.jl"); println("PHASE5_INCLUDE_RETURNED_repro_fusion_qs_bias wall_s=", time()-started); write("/root/BF_runs/logs/qs_experiment_w3/phase5/a1/repro_fusion_qs_bias.status", "PASS") catch err; showerror(stderr, err, catch_backtrace()); println(stderr); println("PHASE5_FAIL_repro_fusion_qs_bias wall_s=", time()-started); write("/root/BF_runs/logs/q
started = time(); try ENV["QSX3_ONLY"] = "fusion_qs_bias"; include("experiments/scotland/07_qs_fusion_market_bias/r07_reproduce.jl"); println("PHASE5_INCLUDE_RETURNED_repro_fusion_qs_bias wall_s=", time()-started); write("/root/BF_runs/logs/qs_experiment_w3/phase5/a1/repro_fusion_qs_bias.status", "PASS") catch err; showerror(stderr, err, catch_backtrace()); println(stderr); println("PHASE5_FAIL_repro_fusion_qs_bias wall_s=", time()-started); write("/root/BF_runs/logs/qs_experiment_w3/phase5/a1/repro_fusion_qs_bias.status", "FAIL") end; write("/roo
started = time(); try ENV["QSX3_ONLY"] = "fusion_qs_bias"; include("experiments/scotland/07_qs_fusion_market_bias/r07_reproduce.jl"); println("PHASE5_INCLUDE_RETURNED_repro_fusion_qs_bias wall_s=", time()-started); write("/root/BF_runs/logs/qs_experiment_w3/phase5/a1/repro_fusion_qs_bias.status", "PASS") catch err; showerror(stderr, err, catch_backtrace()); println(stderr); println("PHASE5_FAIL_repro_fusion_qs_bias wall_s=", time()-started); write("/root/BF_runs/logs/qs_experiment_w3/phase5/a1/repro_fusion_qs_bias.status", "FAIL") end; write("/root/BF_runs/logs/qs_experiment_w3/phase5/a1/repro_fusion_qs_bias.notify", read("/r
started = time(); try ENV["QSX3_ONLY"] = "fusion_qs_bias"; include("experiments/scotland/07_qs_fusion_market_bias/r07_reproduce.jl"); println("PHASE5_INCLUDE_RETURNED_repro_fusion_qs_bias wall_s=", time()-started); write("/root/BF_runs/logs/qs_experiment_w3/phase5/a1/repro_fusion_qs_bias.status", "PASS") catch err; showerror(stderr, err, catch_backtrace()); println(stderr); println("PHASE5_FAIL_repro_fusion_qs_bias wall_s=", time()-started); write("/root/BF_runs/logs/qs_experiment_w3/phase5/a1/repro_fusion_qs_bias.status", "FAIL") end; write("/root/BF_runs/logs/qs_experiment_w3/phase5/a1/repro_fusion_qs_bias.notify", read("/root/BF_runs/logs/qs_experiment_w3/phase5/a1/repro_fusion_qs_bias.status", String
QS_MARKET_ARM_LOADED
[ Info: Loading DataStore for ScottishLower from local cache (Age: 351.2 hours)...
[FOLD_CHECKPOINT] arm=fusion_qs_bias fold=1 attempt=0 at=2026-10-10T06:11:41.448
PHASE5_REPRODUCTION_ARM_PASS arm=fusion_qs_bias fold=1 chains_and_latents_bytes=true
PHASE5_INCLUDE_RETURNED_repro_fusion_qs_bias wall_s=127.36177897453308
