JULIA_PKG_PRECOMPILE_AUTO=0 /root/.juliaup/bin/julia --project -t 16]3008;start=ac471797-50df-486f-bac1-cdf36a7d82f3;machineid=8ed18d1d13c94a57a1774e208462fff6;user=root;hostname=mcmc-beast;bootid=d72b73bc-fa4a-47f7-ae98-e04bfd454229;pid=00000000000001268718;type=shell;cwd=/root/BF_runs/qs_experiment\]0;root@mcmc-beast:~/BF_runs/qs_experiment[root@mcmc-beast qs_experiment]# JULIA_PKG_PRECOMPILE_AUTO=0 /root/.juliaup/bin/julia --project -t 16
]3008;start=91b14cd7-3e2f-43f6-8808-c001fcf4d32b;machineid=8ed18d1d13c94a57a1774e208462fff6;user=root;hostname=mcmc-beast;bootid=d72b73bc-fa4a-47f7-ae98-e04bfd454229;pid=00000000000001268718;type=command;cwd=/root/BF_runs/qs_experiment\]0;Julia]0;Julia  🦋 Kaimon gate connected (qs_experiment)
  host REPL mirroring enabled
               _
   _       _ _(_)_     |  Documentation: https://docs.julialang.org
  (_)     | (_) (_)    |
   _ _   _| |_  __ _   |  Type "?" for help, "]?" for Pkg help.
  | | | | | | |/ _` |  |
  | | |_| | | | (_| |  |  Version 1.12.4 (2026-01-06)
 _/ |\__'_|_|_|\__'_|  |  Official https://julialang.org release
|__/                   |
started = time(); try ENV["QSX3_ONLY"] = "fusion_grw_bias"; include("expe
started = time(); try ENV["QSX3_ONLY"] = "fusion_grw_bias"; include("experiments/scotland/07_qs_fusion_market_bias/r07_reproduce.jl"); println("PHASE5_IN
started = time(); try ENV["QSX3_ONLY"] = "fusion_grw_bias"; include("experiments/scotland/07_qs_fusion_market_bias/r07_reproduce.jl"); println("PHASE5_INCLUDE_RETURNED_repro_fusion_grw_bias wall_s=", time()-started); write("/root/BF_
started = time(); try ENV["QSX3_ONLY"] = "fusion_grw_bias"; include("experiments/scotland/07_qs_fusion_market_bias/r07_reproduce.jl"); println("PHASE5_INCLUDE_RETURNED_repro_fusion_grw_bias wall_s=", time()-started); write("/root/BF_runs/logs/qs_experiment_w3/phase5/a1/repro_fusion_grw_bias.status", "PASS") catc
started = time(); try ENV["QSX3_ONLY"] = "fusion_grw_bias"; include("experiments/scotland/07_qs_fusion_market_bias/r07_reproduce.jl"); println("PHASE5_INCLUDE_RETURNED_repro_fusion_grw_bias wall_s=", time()-started); write("/root/BF_runs/logs/qs_experiment_w3/phase5/a1/repro_fusion_grw_bias.status", "PASS") catch err; showerror(stderr, err, catch_backtrace()); println(stderr); println("PHAS
started = time(); try ENV["QSX3_ONLY"] = "fusion_grw_bias"; include("experiments/scotland/07_qs_fusion_market_bias/r07_reproduce.jl"); println("PHASE5_INCLUDE_RETURNED_repro_fusion_grw_bias wall_s=", time()-started); write("/root/BF_runs/logs/qs_experiment_w3/phase5/a1/repro_fusion_grw_bias.status", "PASS") catch err; showerror(stderr, err, catch_backtrace()); println(stderr); println("PHASE5_FAIL_repro_fusion_grw_bias wall_s=", time()-started); write("/root/BF_runs/lo
started = time(); try ENV["QSX3_ONLY"] = "fusion_grw_bias"; include("experiments/scotland/07_qs_fusion_market_bias/r07_reproduce.jl"); println("PHASE5_INCLUDE_RETURNED_repro_fusion_grw_bias wall_s=", time()-started); write("/root/BF_runs/logs/qs_experiment_w3/phase5/a1/repro_fusion_grw_bias.status", "PASS") catch err; showerror(stderr, err, catch_backtrace()); println(stderr); println("PHASE5_FAIL_repro_fusion_grw_bias wall_s=", time()-started); write("/root/BF_runs/logs/qs_experiment_w3/phase5/a1/repro_fusion_grw_bias.status", "FAIL") end; write(
started = time(); try ENV["QSX3_ONLY"] = "fusion_grw_bias"; include("experiments/scotland/07_qs_fusion_market_bias/r07_reproduce.jl"); println("PHASE5_INCLUDE_RETURNED_repro_fusion_grw_bias wall_s=", time()-started); write("/root/BF_runs/logs/qs_experiment_w3/phase5/a1/repro_fusion_grw_bias.status", "PASS") catch err; showerror(stderr, err, catch_backtrace()); println(stderr); println("PHASE5_FAIL_repro_fusion_grw_bias wall_s=", time()-started); write("/root/BF_runs/logs/qs_experiment_w3/phase5/a1/repro_fusion_grw_bias.status", "FAIL") end; write("/root/BF_runs/logs/qs_experiment_w3/phase5/a1/repro_fusion_grw_bias.notify", re
started = time(); try ENV["QSX3_ONLY"] = "fusion_grw_bias"; include("experiments/scotland/07_qs_fusion_market_bias/r07_reproduce.jl"); println("PHASE5_INCLUDE_RETURNED_repro_fusion_grw_bias wall_s=", time()-started); write("/root/BF_runs/logs/qs_experiment_w3/phase5/a1/repro_fusion_grw_bias.status", "PASS") catch err; showerror(stderr, err, catch_backtrace()); println(stderr); println("PHASE5_FAIL_repro_fusion_grw_bias wall_s=", time()-started); write("/root/BF_runs/logs/qs_experiment_w3/phase5/a1/repro_fusion_grw_bias.status", "FAIL") end; write("/root/BF_runs/logs/qs_experiment_w3/phase5/a1/repro_fusion_grw_bias.notify", read("/root/BF_runs/logs/qs_experiment_w3/phase5/a1/repro_fusion_grw_bias.status",
QS_MARKET_ARM_LOADED
[ Info: Loading DataStore for ScottishLower from local cache (Age: 351.3 hours)...
[FOLD_CHECKPOINT] arm=fusion_grw_bias fold=1 attempt=0 at=2026-10-10T06:16:11.917
PHASE5_REPRODUCTION_ARM_PASS arm=fusion_grw_bias fold=1 chains_and_latents_bytes=true
PHASE5_INCLUDE_RETURNED_repro_fusion_grw_bias wall_s=128.24513506889343
