=== gcA2_default_20260910 · config B · reference abc_20260910 · flags:  · 2026-09-10T17:36:35+02:00
[ Info: Loading DataStore for ScottishLower from local cache (Age: 73.5 hours)...

============================================================================================================
 EXPERIMENT 08 · FOLD 1 NUTS SAMPLING-BUDGET BENCHMARK (TODO 001)
============================================================================================================
  mode      : SAMPLING AUTHORISED
  host      : mcmc-beast · Julia 1.12.6 · 16 default + 1 interactive threads · BLAS 1
  models    : m00_recombined_control
  config B  : 4 chains × 500 warmup × 500 retained · δ = 0.95 · max_depth 10
  replicates: 4 independent 4-chain fits per cell
  metric    : AdvancedHMC.DiagEuclideanMetric
  GC runtime: 16 GC threads · heap-size-hint default · physical memory 125.7 GiB
  snapshot  : 8e4aae645abbd90dd7e10ecf007dba3bbc22fa53b83b9809fbd4c8e19d85e567
  incidents : 7571c87570578c63ac9a72c0f24f0d113b082b52b2559b5237485bca47e79951
  git       : af2c65ea0b32d098cd2fd13526f80ca512261c20
  output    : /root/BF_goal_decomposition/experiments/scottish_lower/08_goal_decomposition/results/sampling_budget_fold1/gcA2_default_20260910
  m00_recombined_control             training   720 · OOS  20 · teams  25 · referees  39 · params  97
  manifest  : /root/BF_goal_decomposition/experiments/scottish_lower/08_goal_decomposition/results/sampling_budget_fold1/gcA2_default_20260910/manifest_sampling_budget_authorised_ffd53f8ba3cb140e.toml
  warm-up m00_recombined_control              71.0 s · 97 parameters (contract 97)

------------------------------------------------------------------------------------------------------------
 QUEUE · 16 chains · 16 slots · started 2026-09-10T17:38:21.228
------------------------------------------------------------------------------------------------------------
  [18:04:00]   1/16  m00_recombined_control             B   rep 1 chain 4   1538.9 s  thread  6  ok
  [18:04:23]   2/16  m00_recombined_control             B   rep 2 chain 1   1561.6 s  thread 15  ok
  [18:04:42]   3/16  m00_recombined_control             B   rep 4 chain 3   1580.6 s  thread 17  ok
  [18:04:58]   4/16  m00_recombined_control             B   rep 1 chain 2   1597.3 s  thread 16  ok
  [18:05:11]   5/16  m00_recombined_control             B   rep 3 chain 3   1609.5 s  thread  5  ok
  [18:05:17]   6/16  m00_recombined_control             B   rep 3 chain 1   1616.4 s  thread  3  ok
  [18:05:29]   7/16  m00_recombined_control             B   rep 3 chain 4   1627.5 s  thread  9  ok
  [18:05:35]   8/16  m00_recombined_control             B   rep 4 chain 1   1633.6 s  thread 14  ok
  [18:05:36]   9/16  m00_recombined_control             B   rep 4 chain 2   1635.4 s  thread  8  ok
  [18:05:40]  10/16  m00_recombined_control             B   rep 2 chain 3   1638.7 s  thread 10  ok
  [18:05:44]  11/16  m00_recombined_control             B   rep 4 chain 4   1643.3 s  thread 11  ok
  [18:05:52]  12/16  m00_recombined_control             B   rep 1 chain 3   1651.1 s  thread 13  ok
  [18:05:53]  13/16  m00_recombined_control             B   rep 2 chain 4   1651.8 s  thread  7  ok
  [18:05:55]  14/16  m00_recombined_control             B   rep 1 chain 1   1654.2 s  thread  4  ok
  [18:05:57]  15/16  m00_recombined_control             B   rep 3 chain 2   1656.3 s  thread 12  ok
  [18:06:04]  16/16  m00_recombined_control             B   rep 2 chain 2   1663.1 s  thread  2  ok
  queue wall 1663.2 s (27.7 min)

============================================================================================================
 GC RUNTIME TELEMETRY (queue only)
============================================================================================================
  tag                     gcA2_default_20260910
  gc_threads              16
  heap_size_hint_gib      0
  queue_wall_s            1663
  n_chains                16
  mutator_threads         17
  mutator_cpu_s           1.275e+04
  mutator_utilisation     0.479
  other_threads_active    15
  other_cpu_s             8118
  other_cpu_share         0.3891
  gc_time_s               878.6
  gc_wall_share           0.5283
  gc_pauses               68741
  gc_full_sweeps          5196
  allocated_gib           1.187e+04
  allocation_gib_per_s    7.139
  time_to_safepoint_s     10.35
  mark_time_s             404.2
  sweep_time_s            474.4
  max_pause_ms_lifetime   92.91
  rss_peak_queue_gib      2.976
  rss_mean_queue_gib      2.401
  maxrss_process_gib      2.976
  reference abc_20260910: 16/16 chains bit-identical (max |Δ| among others 0)

============================================================================================================
 PER-FIT DIAGNOSTICS
============================================================================================================
 model                      cfg rep   wall s   core s   R-hat    bulk    tail    ESS/s   div   cap   BFMI  load gates
 m00_recombined_control     B     1   1654.2   6441.6  1.0087     941     890    0.538     0     0  0.789  15.8 STRICT
 m00_recombined_control     B     2   1663.1   6515.2  1.0085     841    1027    0.506     0     0  0.687  15.8 STRICT
 m00_recombined_control     B     3   1656.3   6509.7  1.0077    1000     889    0.537     0     0  0.786  15.8 STRICT
 m00_recombined_control     B     4   1643.3   6493.0  1.0129    1005     849    0.517     0     0  0.721  15.8 STRICT

============================================================================================================
 CELL SUMMARY (medians over replicates; ratios against A of the same model)
============================================================================================================
 model                      cfg strict   prod   wall s  core×A   R-hat  minESS    ESS/s ESS/s×A   depth   div
 m00_recombined_control     B      4/4    4/4   1655.2     NaN  1.0129     841    0.527     NaN    4.90     0

  §7 skipped (L08_BENCH_GRID_AUDIT=false or no checkpoints at /root/BF_goal_decomposition/experiments/scottish_lower/08_goal_decomposition/results/m00_recombined_control/checkpoints)

Outputs in /root/BF_goal_decomposition/experiments/scottish_lower/08_goal_decomposition/results/sampling_budget_fold1/gcA2_default_20260910
Finished: 2026-09-10T18:06:18.588
=== gcA2_default_20260910 exit 0 · 2026-09-10T18:06:18+02:00
