=== gcE_default_adfix_20260910 · config B · reference abc_20260910 · flags:  · 2026-09-10T18:36:36+02:00
[ Info: Loading DataStore for ScottishLower from local cache (Age: 74.5 hours)...

============================================================================================================
 EXPERIMENT 08 · FOLD 1 NUTS SAMPLING-BUDGET BENCHMARK (TODO 001)
============================================================================================================
  mode      : SAMPLING AUTHORISED
  host      : mcmc-beast · Julia 1.12.6 · 16 default + 1 interactive threads · BLAS 1
  models    : m00_recombined_control
  config B  : 4 chains × 500 warmup × 500 retained · δ = 0.95 · max_depth 10
  replicates: 4 independent 4-chain fits per cell
  metric    : AdvancedHMC.DiagEuclideanMetric
  AD        : AutoReverseDiff(compile = true) in the NUTS constructor (L08_BENCH_AD_FIX override)
  GC runtime: 16 GC threads · heap-size-hint default · physical memory 125.7 GiB
  snapshot  : 8e4aae645abbd90dd7e10ecf007dba3bbc22fa53b83b9809fbd4c8e19d85e567
  incidents : 7571c87570578c63ac9a72c0f24f0d113b082b52b2559b5237485bca47e79951
  git       : af2c65ea0b32d098cd2fd13526f80ca512261c20
  output    : /root/BF_goal_decomposition/experiments/scottish_lower/08_goal_decomposition/results/sampling_budget_fold1/gcE_default_adfix_20260910
  m00_recombined_control             training   720 · OOS  20 · teams  25 · referees  39 · params  97
  manifest  : /root/BF_goal_decomposition/experiments/scottish_lower/08_goal_decomposition/results/sampling_budget_fold1/gcE_default_adfix_20260910/manifest_sampling_budget_authorised_45ed0f814d4d72a2.toml
  warm-up m00_recombined_control              54.5 s · 97 parameters (contract 97)

------------------------------------------------------------------------------------------------------------
 QUEUE · 16 chains · 16 slots · started 2026-09-10T18:38:05.601
------------------------------------------------------------------------------------------------------------
  [18:38:25]   1/16  m00_recombined_control             B   rep 3 chain 4     19.9 s  thread  4  ok
  [18:38:26]   2/16  m00_recombined_control             B   rep 2 chain 1     20.4 s  thread  5  ok
  [18:38:28]   3/16  m00_recombined_control             B   rep 1 chain 4     22.7 s  thread  6  ok
  [18:38:28]   4/16  m00_recombined_control             B   rep 3 chain 3     22.8 s  thread  3  ok
  [18:38:29]   5/16  m00_recombined_control             B   rep 3 chain 1     23.5 s  thread 15  ok
  [18:38:29]   6/16  m00_recombined_control             B   rep 4 chain 3     23.5 s  thread 17  ok
  [18:38:29]   7/16  m00_recombined_control             B   rep 4 chain 1     23.9 s  thread 12  ok
  [18:38:29]   8/16  m00_recombined_control             B   rep 2 chain 4     24.1 s  thread 13  ok
  [18:38:30]   9/16  m00_recombined_control             B   rep 4 chain 2     24.1 s  thread 14  ok
  [18:38:30]  10/16  m00_recombined_control             B   rep 4 chain 4     24.1 s  thread 16  ok
  [18:38:30]  11/16  m00_recombined_control             B   rep 1 chain 1     24.3 s  thread  9  ok
  [18:38:30]  12/16  m00_recombined_control             B   rep 1 chain 3     24.4 s  thread  8  ok
  [18:38:30]  13/16  m00_recombined_control             B   rep 1 chain 2     24.4 s  thread  2  ok
  [18:38:30]  14/16  m00_recombined_control             B   rep 3 chain 2     24.6 s  thread 11  ok
  [18:38:31]  15/16  m00_recombined_control             B   rep 2 chain 3     25.1 s  thread 10  ok
  [18:38:31]  16/16  m00_recombined_control             B   rep 2 chain 2     25.1 s  thread  7  ok
  queue wall 25.2 s (0.4 min)

============================================================================================================
 GC RUNTIME TELEMETRY (queue only)
============================================================================================================
  tag                     gcE_default_adfix_20260910
  gc_threads              16
  heap_size_hint_gib      0
  queue_wall_s            25.21
  n_chains                16
  mutator_threads         17
  mutator_cpu_s           313.3
  mutator_utilisation     0.7769
  other_threads_active    15
  other_cpu_s             19.12
  other_cpu_share         0.05752
  gc_time_s               4.241
  gc_wall_share           0.1682
  gc_pauses               399
  gc_full_sweeps          5
  allocated_gib           22.11
  allocation_gib_per_s    0.8772
  time_to_safepoint_s     0.05139
  mark_time_s             0.5383
  sweep_time_s            3.702
  max_pause_ms_lifetime   87.79
  rss_peak_queue_gib      2.291
  rss_mean_queue_gib      2.203
  maxrss_process_gib      2.491
  reference abc_20260910: 0/16 chains bit-identical (max |Δ| among others 8.64)

============================================================================================================
 PER-FIT DIAGNOSTICS
============================================================================================================
 model                      cfg rep   wall s   core s   R-hat    bulk    tail    ESS/s   div   cap   BFMI  load gates
 m00_recombined_control     B     1     24.4     95.8  1.0140     948     934   38.291     0     0  0.765  15.5 STRICT
 m00_recombined_control     B     2     25.1     94.7  1.0091     841     789   31.380     0     0  0.814  15.4 STRICT
 m00_recombined_control     B     3     24.6     90.9  1.0078     904     963   36.695     1     0  0.779  15.7 FAIL
 m00_recombined_control     B     4     24.1     95.6  1.0125    1001    1047   41.485     0     0  0.789  15.6 STRICT

============================================================================================================
 CELL SUMMARY (medians over replicates; ratios against A of the same model)
============================================================================================================
 model                      cfg strict   prod   wall s  core×A   R-hat  minESS    ESS/s ESS/s×A   depth   div
 m00_recombined_control     B      3/4    3/4     24.5     NaN  1.0140     789   37.493     NaN    4.67     1

  §7 skipped (L08_BENCH_GRID_AUDIT=false or no checkpoints at /root/BF_goal_decomposition/experiments/scottish_lower/08_goal_decomposition/results/m00_recombined_control/checkpoints)

Outputs in /root/BF_goal_decomposition/experiments/scottish_lower/08_goal_decomposition/results/sampling_budget_fold1/gcE_default_adfix_20260910
Finished: 2026-09-10T18:38:44.901
=== gcE_default_adfix_20260910 exit 0 · 2026-09-10T18:38:45+02:00
