=== gcT1_default_20260910 · config T · reference none · flags:  · 2026-09-10T14:05:30+02:00
[ Info: Loading DataStore for ScottishLower from local cache (Age: 70.0 hours)...

============================================================================================================
 EXPERIMENT 08 · FOLD 1 NUTS SAMPLING-BUDGET BENCHMARK (TODO 001)
============================================================================================================
  mode      : SAMPLING AUTHORISED
  host      : mcmc-beast · Julia 1.12.6 · 16 default + 1 interactive threads · BLAS 1
  models    : m00_recombined_control
  config T  : 4 chains × 50 warmup × 50 retained · δ = 0.95 · max_depth 10
  replicates: 4 independent 4-chain fits per cell
  metric    : AdvancedHMC.DiagEuclideanMetric
  GC runtime: 16 GC threads · heap-size-hint default · physical memory 125.7 GiB
  snapshot  : 8e4aae645abbd90dd7e10ecf007dba3bbc22fa53b83b9809fbd4c8e19d85e567
  incidents : 7571c87570578c63ac9a72c0f24f0d113b082b52b2559b5237485bca47e79951
  git       : af2c65ea0b32d098cd2fd13526f80ca512261c20
  output    : /root/BF_goal_decomposition/experiments/scottish_lower/08_goal_decomposition/results/sampling_budget_fold1/gcT1_default_20260910
  m00_recombined_control             training   720 · OOS  20 · teams  25 · referees  39 · params  97
  manifest  : /root/BF_goal_decomposition/experiments/scottish_lower/08_goal_decomposition/results/sampling_budget_fold1/gcT1_default_20260910/manifest_sampling_budget_authorised_215971e0575bcfe8.toml
  warm-up m00_recombined_control              72.3 s · 97 parameters (contract 97)

------------------------------------------------------------------------------------------------------------
 QUEUE · 16 chains · 16 slots · started 2026-09-10T14:07:17.057
------------------------------------------------------------------------------------------------------------
  [14:15:28]   1/16  m00_recombined_control             T   rep 3 chain 1    490.9 s  thread 15  ok
  [14:15:37]   2/16  m00_recombined_control             T   rep 4 chain 3    500.3 s  thread 17  ok
  [14:15:49]   3/16  m00_recombined_control             T   rep 1 chain 4    512.3 s  thread  8  ok
  [14:15:55]   4/16  m00_recombined_control             T   rep 2 chain 4    517.8 s  thread 12  ok
  [14:15:59]   5/16  m00_recombined_control             T   rep 4 chain 4    521.9 s  thread 11  ok
  [14:15:59]   6/16  m00_recombined_control             T   rep 4 chain 2    522.6 s  thread 13  ok
  [14:16:00]   7/16  m00_recombined_control             T   rep 3 chain 4    523.4 s  thread 14  ok
  [14:16:04]   8/16  m00_recombined_control             T   rep 3 chain 3    527.3 s  thread  4  ok
  [14:16:05]   9/16  m00_recombined_control             T   rep 4 chain 1    527.7 s  thread  3  ok
  [14:16:09]  10/16  m00_recombined_control             T   rep 2 chain 1    532.3 s  thread  6  ok
  [14:16:16]  11/16  m00_recombined_control             T   rep 1 chain 2    538.8 s  thread  9  ok
  [14:16:26]  12/16  m00_recombined_control             T   rep 3 chain 2    548.8 s  thread 10  ok
  [14:16:28]  13/16  m00_recombined_control             T   rep 2 chain 3    551.0 s  thread  7  ok
  [14:16:36]  14/16  m00_recombined_control             T   rep 1 chain 1    559.3 s  thread  5  ok
  [14:16:52]  15/16  m00_recombined_control             T   rep 2 chain 2    575.3 s  thread 16  ok
  [14:16:55]  16/16  m00_recombined_control             T   rep 1 chain 3    578.4 s  thread  2  ok
  queue wall 578.5 s (9.6 min)

============================================================================================================
 GC RUNTIME TELEMETRY (queue only)
============================================================================================================
  tag                     gcT1_default_20260910
  gc_threads              16
  heap_size_hint_gib      0
  queue_wall_s            578.5
  n_chains                16
  mutator_threads         17
  mutator_cpu_s           4254
  mutator_utilisation     0.4597
  other_threads_active    15
  other_cpu_s             2696
  other_cpu_share         0.3879
  gc_time_s               299.2
  gc_wall_share           0.5173
  gc_pauses               26191
  gc_full_sweeps          1738
  allocated_gib           4247
  allocation_gib_per_s    7.342
  time_to_safepoint_s     3.598
  mark_time_s             132.7
  sweep_time_s            166.5
  max_pause_ms_lifetime   96.98
  rss_peak_queue_gib      2.738
  rss_mean_queue_gib      2.41
  maxrss_process_gib      2.881

============================================================================================================
 PER-FIT DIAGNOSTICS
============================================================================================================
 model                      cfg rep   wall s   core s   R-hat    bulk    tail    ESS/s   div   cap   BFMI  load gates
 m00_recombined_control     T     1    578.4   2188.7  1.0761     157      60    0.103     0     0  0.727  15.4 FAIL
 m00_recombined_control     T     2    575.3   2176.5  1.0727      91      67    0.117     0     0  0.661  15.5 FAIL
 m00_recombined_control     T     3    548.8   2090.4  1.1168      89      40    0.073     0     0  0.648  15.8 FAIL
 m00_recombined_control     T     4    527.7   2072.5  1.0989      87      54    0.103     0     0  0.584  15.9 FAIL

============================================================================================================
 CELL SUMMARY (medians over replicates; ratios against A of the same model)
============================================================================================================
 model                      cfg strict   prod   wall s  core×A   R-hat  minESS    ESS/s ESS/s×A   depth   div
 m00_recombined_control     T      0/4    0/4    562.0     NaN  1.1168      40    0.103     NaN    7.09     0

  §7 skipped (L08_BENCH_GRID_AUDIT=false or no checkpoints at /root/BF_goal_decomposition/experiments/scottish_lower/08_goal_decomposition/results/m00_recombined_control/checkpoints)

Outputs in /root/BF_goal_decomposition/experiments/scottish_lower/08_goal_decomposition/results/sampling_budget_fold1/gcT1_default_20260910
Finished: 2026-09-10T14:17:07.425
=== gcT1_default_20260910 exit 0 · 2026-09-10T14:17:07+02:00
