=== prodfix_default_20260910 · config B · reference gcE_default_adfix_20260910 · flags:  · 2026-09-10T18:54:40+02:00
[ Info: Loading DataStore for ScottishLower from local cache (Age: 74.8 hours)...

============================================================================================================
 EXPERIMENT 08 · FOLD 1 NUTS SAMPLING-BUDGET BENCHMARK (TODO 001)
============================================================================================================
  mode      : SAMPLING AUTHORISED
  host      : mcmc-beast · Julia 1.12.6 · 16 default + 1 interactive threads · BLAS 1
  models    : m00_recombined_control
  config B  : 4 chains × 500 warmup × 500 retained · δ = 0.95 · max_depth 10
  replicates: 4 independent 4-chain fits per cell
  metric    : AdvancedHMC.DiagEuclideanMetric
  AD        : production run_sampler path: ADTypes.AutoReverseDiff(compile=true)
  GC runtime: 16 GC threads · heap-size-hint default · physical memory 125.7 GiB
  snapshot  : 8e4aae645abbd90dd7e10ecf007dba3bbc22fa53b83b9809fbd4c8e19d85e567
  incidents : 7571c87570578c63ac9a72c0f24f0d113b082b52b2559b5237485bca47e79951
  git       : af2c65ea0b32d098cd2fd13526f80ca512261c20
  output    : /root/BF_goal_decomposition/experiments/scottish_lower/08_goal_decomposition/results/sampling_budget_fold1/prodfix_default_20260910
  m00_recombined_control             training   720 · OOS  20 · teams  25 · referees  39 · params  97
  manifest  : /root/BF_goal_decomposition/experiments/scottish_lower/08_goal_decomposition/results/sampling_budget_fold1/prodfix_default_20260910/manifest_sampling_budget_authorised_3b5fc9c449a252fd.toml
  warm-up m00_recombined_control              54.5 s · 97 parameters (contract 97)

------------------------------------------------------------------------------------------------------------
 QUEUE · 16 chains · 16 slots · started 2026-09-10T18:56:08.973
------------------------------------------------------------------------------------------------------------
  [18:56:29]   1/16  m00_recombined_control             B   rep 3 chain 4     20.0 s  thread  5  ok
  [18:56:29]   2/16  m00_recombined_control             B   rep 2 chain 1     20.5 s  thread  6  ok
  [18:56:31]   3/16  m00_recombined_control             B   rep 3 chain 3     22.1 s  thread  8  ok
  [18:56:31]   4/16  m00_recombined_control             B   rep 1 chain 4     22.5 s  thread  7  ok
  [18:56:32]   5/16  m00_recombined_control             B   rep 4 chain 3     23.1 s  thread 15  ok
  [18:56:32]   6/16  m00_recombined_control             B   rep 3 chain 1     23.3 s  thread 13  ok
  [18:56:32]   7/16  m00_recombined_control             B   rep 4 chain 1     23.6 s  thread 17  ok
  [18:56:32]   8/16  m00_recombined_control             B   rep 2 chain 4     23.7 s  thread 14  ok
  [18:56:33]   9/16  m00_recombined_control             B   rep 1 chain 1     23.7 s  thread  4  ok
  [18:56:33]  10/16  m00_recombined_control             B   rep 4 chain 2     23.8 s  thread 11  ok
  [18:56:33]  11/16  m00_recombined_control             B   rep 4 chain 4     23.8 s  thread 10  ok
  [18:56:33]  12/16  m00_recombined_control             B   rep 1 chain 2     24.0 s  thread  2  ok
  [18:56:33]  13/16  m00_recombined_control             B   rep 1 chain 3     24.0 s  thread  9  ok
  [18:56:33]  14/16  m00_recombined_control             B   rep 3 chain 2     24.3 s  thread 12  ok
  [18:56:33]  15/16  m00_recombined_control             B   rep 2 chain 3     24.7 s  thread 16  ok
  [18:56:34]  16/16  m00_recombined_control             B   rep 2 chain 2     24.8 s  thread  3  ok
  queue wall 24.8 s (0.4 min)

============================================================================================================
 GC RUNTIME TELEMETRY (queue only)
============================================================================================================
  tag                     prodfix_default_20260910
  gc_threads              16
  heap_size_hint_gib      0
  queue_wall_s            24.83
  n_chains                16
  mutator_threads         17
  mutator_cpu_s           310.3
  mutator_utilisation     0.7809
  other_threads_active    15
  other_cpu_s             18.05
  other_cpu_share         0.05498
  gc_time_s               4.057
  gc_wall_share           0.1634
  gc_pauses               393
  gc_full_sweeps          4
  allocated_gib           22.12
  allocation_gib_per_s    0.8906
  time_to_safepoint_s     0.05109
  mark_time_s             0.4914
  sweep_time_s            3.565
  max_pause_ms_lifetime   89.14
  rss_peak_queue_gib      2.324
  rss_mean_queue_gib      2.19
  maxrss_process_gib      2.429
  reference gcE_default_adfix_20260910: 16/16 chains bit-identical (max |Δ| among others 0)

============================================================================================================
 PER-FIT DIAGNOSTICS
============================================================================================================
 model                      cfg rep   wall s   core s   R-hat    bulk    tail    ESS/s   div   cap   BFMI  load gates
 m00_recombined_control     B     1     24.0     94.1  1.0140     948     934   38.963     0     0  0.765  15.5 STRICT
 m00_recombined_control     B     2     24.8     93.6  1.0091     841     789   31.854     0     0  0.814  15.4 STRICT
 m00_recombined_control     B     3     24.3     89.7  1.0078     904     963   37.224     1     0  0.779  15.7 FAIL
 m00_recombined_control     B     4     23.8     94.4  1.0125    1001    1047   41.981     0     0  0.789  15.6 STRICT

============================================================================================================
 CELL SUMMARY (medians over replicates; ratios against A of the same model)
============================================================================================================
 model                      cfg strict   prod   wall s  core×A   R-hat  minESS    ESS/s ESS/s×A   depth   div
 m00_recombined_control     B      3/4    3/4     24.1     NaN  1.0140     789   38.093     NaN    4.67     1

  §7 skipped (L08_BENCH_GRID_AUDIT=false or no checkpoints at /root/BF_goal_decomposition/experiments/scottish_lower/08_goal_decomposition/results/m00_recombined_control/checkpoints)

Outputs in /root/BF_goal_decomposition/experiments/scottish_lower/08_goal_decomposition/results/sampling_budget_fold1/prodfix_default_20260910
Finished: 2026-09-10T18:56:47.612
=== prodfix_default_20260910 exit 0 · 2026-09-10T18:56:47+02:00
